../Drivers/BSP/Components/vl53l1cb/modules/vl53l1_api.c:85:21:SingleTargetXTalkCalibration	512	static
../Drivers/BSP/Components/vl53l1cb/modules/vl53l1_api.c:217:21:CheckValidRectRoi	24	static
../Drivers/BSP/Components/vl53l1cb/modules/vl53l1_api.c:235:35:ConvertModeToLLD	24	static
../Drivers/BSP/Components/vl53l1cb/modules/vl53l1_api.c:261:29:ConvertModeFromLLD	24	static
../Drivers/BSP/Components/vl53l1cb/modules/vl53l1_api.c:289:14:VL53L1_GetVersion	24	static
../Drivers/BSP/Components/vl53l1cb/modules/vl53l1_api.c:305:14:VL53L1_GetProductRevision	40	static
../Drivers/BSP/Components/vl53l1cb/modules/vl53l1_api.c:324:14:VL53L1_GetDeviceInfo	32	static
../Drivers/BSP/Components/vl53l1cb/modules/vl53l1_api.c:370:14:VL53L1_GetUID	32	static
../Drivers/BSP/Components/vl53l1cb/modules/vl53l1_api.c:387:14:VL53L1_GetRangeStatusString	24	static
../Drivers/BSP/Components/vl53l1cb/modules/vl53l1_api.c:401:14:VL53L1_GetPalErrorString	24	static
../Drivers/BSP/Components/vl53l1cb/modules/vl53l1_api.c:414:14:VL53L1_GetPalStateString	24	static
../Drivers/BSP/Components/vl53l1cb/modules/vl53l1_api.c:427:14:VL53L1_GetPalState	24	static
../Drivers/BSP/Components/vl53l1cb/modules/vl53l1_api.c:442:14:VL53L1_SetDeviceAddress	32	static
../Drivers/BSP/Components/vl53l1cb/modules/vl53l1_api.c:459:14:VL53L1_DataInit	24	static
../Drivers/BSP/Components/vl53l1cb/modules/vl53l1_api.c:510:14:VL53L1_StaticInit	24	static
../Drivers/BSP/Components/vl53l1cb/modules/vl53l1_api.c:535:14:VL53L1_WaitDeviceBooted	24	static
../Drivers/BSP/Components/vl53l1cb/modules/vl53l1_api.c:551:21:ComputeDevicePresetMode	40	static
../Drivers/BSP/Components/vl53l1cb/modules/vl53l1_api.c:633:21:SetPresetMode	72	static
../Drivers/BSP/Components/vl53l1cb/modules/vl53l1_api.c:690:14:VL53L1_SetPresetMode	24	static
../Drivers/BSP/Components/vl53l1cb/modules/vl53l1_api.c:730:14:VL53L1_GetPresetMode	24	static
../Drivers/BSP/Components/vl53l1cb/modules/vl53l1_api.c:743:14:VL53L1_SetDistanceMode	144	static
../Drivers/BSP/Components/vl53l1cb/modules/vl53l1_api.c:805:14:VL53L1_GetDistanceMode	24	static
../Drivers/BSP/Components/vl53l1cb/modules/vl53l1_api.c:818:14:VL53L1_SetOutputMode	24	static
../Drivers/BSP/Components/vl53l1cb/modules/vl53l1_api.c:835:14:VL53L1_GetOutputMode	24	static
../Drivers/BSP/Components/vl53l1cb/modules/vl53l1_api.c:850:14:VL53L1_SetMeasurementTimingBudgetMicroSeconds	56	static
../Drivers/BSP/Components/vl53l1cb/modules/vl53l1_api.c:978:14:VL53L1_GetMeasurementTimingBudgetMicroSeconds	56	static
../Drivers/BSP/Components/vl53l1cb/modules/vl53l1_api.c:1070:14:VL53L1_SetInterMeasurementPeriodMilliSeconds	24	static
../Drivers/BSP/Components/vl53l1cb/modules/vl53l1_api.c:1089:14:VL53L1_GetInterMeasurementPeriodMilliSeconds	24	static
../Drivers/BSP/Components/vl53l1cb/modules/vl53l1_api.c:1107:14:VL53L1_SetDmaxReflectance	32	static
../Drivers/BSP/Components/vl53l1cb/modules/vl53l1_api.c:1134:14:VL53L1_GetDmaxReflectance	32	static
../Drivers/BSP/Components/vl53l1cb/modules/vl53l1_api.c:1154:14:VL53L1_SetDmaxMode	24	static
../Drivers/BSP/Components/vl53l1cb/modules/vl53l1_api.c:1186:14:VL53L1_GetDmaxMode	24	static
../Drivers/BSP/Components/vl53l1cb/modules/vl53l1_api.c:1222:14:VL53L1_GetNumberOfLimitCheck	24	static
../Drivers/BSP/Components/vl53l1cb/modules/vl53l1_api.c:1234:14:VL53L1_GetLimitCheckInfo	24	static
../Drivers/BSP/Components/vl53l1cb/modules/vl53l1_api.c:1248:14:VL53L1_GetLimitCheckStatus	32	static
../Drivers/BSP/Components/vl53l1cb/modules/vl53l1_api.c:1268:21:SetLimitValue	32	static
../Drivers/BSP/Components/vl53l1cb/modules/vl53l1_api.c:1294:14:VL53L1_SetLimitCheckEnable	24	static
../Drivers/BSP/Components/vl53l1cb/modules/vl53l1_api.c:1328:14:VL53L1_GetLimitCheckEnable	32	static
../Drivers/BSP/Components/vl53l1cb/modules/vl53l1_api.c:1350:14:VL53L1_SetLimitCheckValue	32	static
../Drivers/BSP/Components/vl53l1cb/modules/vl53l1_api.c:1387:14:VL53L1_GetLimitCheckValue	40	static
../Drivers/BSP/Components/vl53l1cb/modules/vl53l1_api.c:1434:14:VL53L1_GetLimitCheckCurrent	32	static
../Drivers/BSP/Components/vl53l1cb/modules/vl53l1_api.c:1462:14:VL53L1_GetMaxNumberOfROI	24	static
../Drivers/BSP/Components/vl53l1cb/modules/vl53l1_api.c:1482:14:VL53L1_SetROI	136	static
../Drivers/BSP/Components/vl53l1cb/modules/vl53l1_api.c:1545:14:VL53L1_GetROI	136	static
../Drivers/BSP/Components/vl53l1cb/modules/vl53l1_api.c:1587:14:VL53L1_GetNumberOfSequenceSteps	24	static
../Drivers/BSP/Components/vl53l1cb/modules/vl53l1_api.c:1602:14:VL53L1_GetSequenceStepsInfo	24	static
../Drivers/BSP/Components/vl53l1cb/modules/vl53l1_api.c:1618:14:VL53L1_SetSequenceStepEnable	24	static
../Drivers/BSP/Components/vl53l1cb/modules/vl53l1_api.c:1649:14:VL53L1_GetSequenceStepEnable	32	static
../Drivers/BSP/Components/vl53l1cb/modules/vl53l1_api.c:1673:14:VL53L1_StartMeasurement	40	static
../Drivers/BSP/Components/vl53l1cb/modules/vl53l1_api.c:1745:14:VL53L1_StopMeasurement	24	static
../Drivers/BSP/Components/vl53l1cb/modules/vl53l1_api.c:1765:14:VL53L1_ClearInterruptAndStartMeasurement	24	static
../Drivers/BSP/Components/vl53l1cb/modules/vl53l1_api.c:1782:14:VL53L1_GetMeasurementDataReady	24	static
../Drivers/BSP/Components/vl53l1cb/modules/vl53l1_api.c:1795:14:VL53L1_WaitMeasurementDataReady	24	static
../Drivers/BSP/Components/vl53l1cb/modules/vl53l1_api.c:1810:13:GenNewPresetMode	24	static
../Drivers/BSP/Components/vl53l1cb/modules/vl53l1_api.c:1844:13:CheckAndChangeDistanceMode	48	static
../Drivers/BSP/Components/vl53l1cb/modules/vl53l1_api.c:1893:16:ComputeRQL	56	static
../Drivers/BSP/Components/vl53l1cb/modules/vl53l1_api.c:1942:16:ConvertStatusLite	24	static
../Drivers/BSP/Components/vl53l1cb/modules/vl53l1_api.c:1982:16:ConvertStatusHisto	24	static
../Drivers/BSP/Components/vl53l1cb/modules/vl53l1_api.c:2018:21:SetSimpleData	56	static
../Drivers/BSP/Components/vl53l1cb/modules/vl53l1_api.c:2155:21:SetTargetData	80	static
../Drivers/BSP/Components/vl53l1cb/modules/vl53l1_api.c:2519:16:GetOutputDataIndex	24	static
../Drivers/BSP/Components/vl53l1cb/modules/vl53l1_api.c:2542:14:VL53L1_GetRangingMeasurementData	48	static
../Drivers/BSP/Components/vl53l1cb/modules/vl53l1_api.c:2591:21:SetMeasurementData	80	static
../Drivers/BSP/Components/vl53l1cb/modules/vl53l1_api.c:2666:14:VL53L1_GetMultiRangingData	32	static
../Drivers/BSP/Components/vl53l1cb/modules/vl53l1_api.c:2713:14:VL53L1_GetAdditionalData	24	static
../Drivers/BSP/Components/vl53l1cb/modules/vl53l1_api.c:2731:14:VL53L1_SetTuningParameter	32	static
../Drivers/BSP/Components/vl53l1cb/modules/vl53l1_api.c:2757:14:VL53L1_GetTuningParameter	32	static
../Drivers/BSP/Components/vl53l1cb/modules/vl53l1_api.c:2780:14:VL53L1_PerformRefSpadManagement	72	static
../Drivers/BSP/Components/vl53l1cb/modules/vl53l1_api.c:2853:14:VL53L1_SmudgeCorrectionEnable	24	static
../Drivers/BSP/Components/vl53l1cb/modules/vl53l1_api.c:2901:14:VL53L1_SetXTalkCompensationEnable	24	static
../Drivers/BSP/Components/vl53l1cb/modules/vl53l1_api.c:2918:14:VL53L1_GetXTalkCompensationEnable	24	static
../Drivers/BSP/Components/vl53l1cb/modules/vl53l1_api.c:2934:14:VL53L1_PerformXTalkCalibration	504	static
../Drivers/BSP/Components/vl53l1cb/modules/vl53l1_api.c:3025:14:VL53L1_SetOffsetCalibrationMode	24	static
../Drivers/BSP/Components/vl53l1cb/modules/vl53l1_api.c:3059:14:VL53L1_SetOffsetCorrectionMode	24	static
../Drivers/BSP/Components/vl53l1cb/modules/vl53l1_api.c:3092:14:VL53L1_PerformOffsetCalibration	168	static
../Drivers/BSP/Components/vl53l1cb/modules/vl53l1_api.c:3160:14:VL53L1_PerformOffsetSimpleCalibration	96	static
../Drivers/BSP/Components/vl53l1cb/modules/vl53l1_api.c:3260:14:VL53L1_PerformOffsetZeroDistanceCalibration	96	static
../Drivers/BSP/Components/vl53l1cb/modules/vl53l1_api.c:3350:14:VL53L1_SetCalibrationData	456	static
../Drivers/BSP/Components/vl53l1cb/modules/vl53l1_api.c:3508:14:VL53L1_GetCalibrationData	448	static
../Drivers/BSP/Components/vl53l1cb/modules/vl53l1_api.c:3640:14:VL53L1_SetZoneCalibrationData	24	static
../Drivers/BSP/Components/vl53l1cb/modules/vl53l1_api.c:3654:14:VL53L1_GetZoneCalibrationData	24	static
../Drivers/BSP/Components/vl53l1cb/modules/vl53l1_api.c:3667:14:VL53L1_GetOpticalCenter	408	static
../Drivers/BSP/Components/vl53l1cb/modules/vl53l1_api.c:3695:14:VL53L1_SetThresholdConfig	64	static
../Drivers/BSP/Components/vl53l1cb/modules/vl53l1_api.c:3796:14:VL53L1_GetThresholdConfig	32	static
../Drivers/BSP/Components/vl53l1cb/modules/vl53l1_api.c:3856:14:VL53L1_PerformOffsetPerVcselCalibration	120	static
