../ESP32/Src/esp8266.c:18:6:uart_esp32_transmit	16	static
../ESP32/Src/esp8266.c:43:19:esp8266_CheckRespond	16	static
../ESP32/Src/esp8266.c:55:19:esp8266_TransmitCmd	32	static
../ESP32/Src/esp8266.c:95:19:esp8266_HardwareReset	24	static
../ESP32/Src/esp8266.c:123:19:esp8266_ConnectAP	16	static
../ESP32/Src/esp8266.c:137:19:esp8266_ConnectServer	16	static
../ESP32/Src/esp8266.c:152:19:esp8266_SetUpTCPConnection	16	static
../ESP32/Src/esp8266.c:383:19:esp8266_SetupIP	16	static
../ESP32/Src/esp8266.c:571:26:esp8266_ConfigAccessBroker	32	static
../ESP32/Src/esp8266.c:597:26:esp8266_ConfigConnectionBroker	8	static
../ESP32/Src/esp8266.c:608:26:esp8266_ConnectBroker	24	static
../ESP32/Src/esp8266.c:633:19:esp8266_SetupConnect_BrokerMQTT	16	static
../ESP32/Src/esp8266.c:673:19:esp8266_Subscribe_Temp_BrokerMQTT	24	static
../ESP32/Src/esp8266.c:700:19:esp8266_Subscribe_ToF_BrokerMQTT	24	static
../ESP32/Src/esp8266.c:727:19:esp8266_Publish_Button_BrokerMQTT	32	static
../ESP32/Src/esp8266.c:754:19:esp8266_Publish_Temp_BrokerMQTT	32	static
../ESP32/Src/esp8266.c:780:19:esp8266_Publish_ToF_BrokerMQTT	32	static
../ESP32/Src/esp8266.c:806:19:esp8266_Subscribe_Motor_BrokerMQTT	24	static
../ESP32/Src/esp8266.c:833:9:get_mqtt_state	4	static
