../Core/Src/app_tof.c:54:6:VL_TOF_Init	8	static
../Core/Src/app_tof.c:78:6:VL_TOF_Process	8	static
../Core/Src/app_tof.c:100:13:VL_53L1A2_SimpleRanging_Init_C	8	static
../Core/Src/app_tof.c:113:13:VL_53L1A2_SimpleRanging_Init_R	8	static
../Core/Src/app_tof.c:126:13:VL_53L1A2_SimpleRanging_Init_L	8	static
../Core/Src/app_tof.c:140:13:VL_53L1A2_SimpleRanging_Process_C	88	static
../Core/Src/app_tof.c:183:13:VL_53L1A2_SimpleRanging_Process_R	88	static
../Core/Src/app_tof.c:226:13:VL_53L1A2_SimpleRanging_Process_L	88	static
../Core/Src/app_tof.c:270:13:print_result	32	static
