../Drivers/CMSIS/Include/core_cm4.h:2059:26:ITM_SendChar	16	static,ignoring_inline_asm
../Drivers/STM32WBxx_HAL_Driver/Inc/stm32wbxx_ll_rcc.h:1679:22:LL_RCC_LSE_SetDriveCapability	16	static
../Drivers/STM32WBxx_HAL_Driver/Inc/stm32wbxx_ll_bus.h:539:22:LL_AHB2_GRP1_EnableClock	24	static
../Core/Src/main.c:76:5:_write	32	static
../Core/Src/main.c:92:5:main	16	static
../Core/Src/main.c:185:6:SystemClock_Config	112	static
../Core/Src/main.c:251:6:PeriphCommonClock_Config	88	static
../Core/Src/main.c:275:13:MX_USB_PCD_Init	8	static
../Core/Src/main.c:308:13:MX_GPIO_Init	32	static
../Core/Src/main.c:353:6:StartTask01	16	static
../Core/Src/main.c:386:6:HAL_TIM_PeriodElapsedCallback	16	static
../Core/Src/main.c:403:6:Error_Handler	4	static,ignoring_inline_asm
