../Drivers/CMSIS/Include/core_cm4.h:2059:26:ITM_SendChar	16	static,ignoring_inline_asm
../Drivers/STM32WBxx_HAL_Driver/Inc/stm32wbxx_ll_rcc.h:1679:22:LL_RCC_LSE_SetDriveCapability	16	static
../Drivers/STM32WBxx_HAL_Driver/Inc/stm32wbxx_ll_bus.h:364:22:LL_AHB1_GRP1_EnableClock	24	static
../Drivers/STM32WBxx_HAL_Driver/Inc/stm32wbxx_ll_bus.h:539:22:LL_AHB2_GRP1_EnableClock	24	static
../Core/Src/main.c:81:6:init_done	16	static
../Core/Src/main.c:97:26:acq_internal_temp	24	static
../Core/Src/main.c:110:14:formate_json_button	32	static
../Core/Src/main.c:130:14:formate_json_temp	32	static
../Core/Src/main.c:150:12:check_subscription	96	dynamic
../Core/Src/main.c:252:5:main	24	static
../Core/Src/main.c:372:6:SystemClock_Config	112	static
../Core/Src/main.c:438:6:PeriphCommonClock_Config	88	static
../Core/Src/main.c:470:13:MX_ADC1_Init	32	static
../Core/Src/main.c:528:13:MX_LPUART1_UART_Init	8	static
../Core/Src/main.c:577:13:MX_USART1_UART_Init	8	static
../Core/Src/main.c:625:13:MX_TIM17_Init	8	static
../Core/Src/main.c:657:13:MX_USB_PCD_Init	8	static
../Core/Src/main.c:688:13:MX_DMA_Init	8	static
../Core/Src/main.c:707:13:MX_GPIO_Init	32	static
../Core/Src/main.c:769:6:HAL_UART_RxCpltCallback	16	static
../Core/Src/main.c:774:5:_write	32	static
../Core/Src/main.c:786:6:HAL_GPIO_EXTI_Callback	16	static
../Core/Src/main.c:804:6:Error_Handler	4	static,ignoring_inline_asm
