../Drivers/BSP/Components/vl53l1cb/modules/vl53l1_hist_algos_gen3.c:43:6:VL53L1_f_016	24	static
../Drivers/BSP/Components/vl53l1cb/modules/vl53l1_hist_algos_gen3.c:95:14:VL53L1_f_018	96	static
../Drivers/BSP/Components/vl53l1cb/modules/vl53l1_hist_algos_gen3.c:197:14:VL53L1_f_019	24	static
../Drivers/BSP/Components/vl53l1cb/modules/vl53l1_hist_algos_gen3.c:235:14:VL53L1_f_020	24	static
../Drivers/BSP/Components/vl53l1cb/modules/vl53l1_hist_algos_gen3.c:284:14:VL53L1_f_021	32	static
../Drivers/BSP/Components/vl53l1cb/modules/vl53l1_hist_algos_gen3.c:376:14:VL53L1_f_028	72	static
../Drivers/BSP/Components/vl53l1cb/modules/vl53l1_hist_algos_gen3.c:455:14:VL53L1_f_022	32	static
../Drivers/BSP/Components/vl53l1cb/modules/vl53l1_hist_algos_gen3.c:493:14:VL53L1_f_027	64	static
../Drivers/BSP/Components/vl53l1cb/modules/vl53l1_hist_algos_gen3.c:574:14:VL53L1_f_030	152	static
../Drivers/BSP/Components/vl53l1cb/modules/vl53l1_hist_algos_gen3.c:642:14:VL53L1_f_023	32	static
../Drivers/BSP/Components/vl53l1cb/modules/vl53l1_hist_algos_gen3.c:685:14:VL53L1_f_026	112	static
../Drivers/BSP/Components/vl53l1cb/modules/vl53l1_hist_algos_gen3.c:779:6:VL53L1_f_029	24	static
