../Core/Src/wifi.c:15:6:Wifi_SendRaw	16	static
../Core/Src/wifi.c:29:6:Wifi_SendString	16	static
../Core/Src/wifi.c:34:6:Wifi_SendStringAndWait	16	static
../Core/Src/wifi.c:42:6:Wifi_WaitForString	64	dynamic
../Core/Src/wifi.c:78:6:Wifi_ReturnString	32	static
../Core/Src/wifi.c:110:6:Wifi_ReturnStrings	64	dynamic
../Core/Src/wifi.c:142:6:Wifi_ReturnInteger	24	static
../Core/Src/wifi.c:153:6:Wifi_ReturnFloat	24	static
../Core/Src/wifi.c:163:6:Wifi_RemoveChar	24	static
../Core/Src/wifi.c:175:6:Wifi_RxClear	8	static
../Core/Src/wifi.c:182:6:Wifi_TxClear	8	static
../Core/Src/wifi.c:187:6:Wifi_RxCallBack	8	static
../Core/Src/wifi.c:272:6:WifiTask	24	static
../Core/Src/wifi.c:321:6:Wifi_Init	56	static
../Core/Src/wifi.c:353:6:Wifi_Restart	24	static
../Core/Src/wifi.c:374:6:Wifi_DeepSleep	32	static
../Core/Src/wifi.c:395:6:Wifi_FactoryReset	24	static
../Core/Src/wifi.c:416:6:Wifi_Update	24	static
../Core/Src/wifi.c:437:6:Wifi_SetRfPower	32	static
../Core/Src/wifi.c:461:6:Wifi_SetMode	32	static
../Core/Src/wifi.c:483:6:Wifi_GetMode	24	static
../Core/Src/wifi.c:508:6:Wifi_GetMyIp	32	static
../Core/Src/wifi.c:552:6:Wifi_Station_ConnectToAp	40	static
../Core/Src/wifi.c:577:6:Wifi_Station_Disconnect	24	static
../Core/Src/wifi.c:598:6:Wifi_Station_DhcpEnable	32	static
../Core/Src/wifi.c:620:6:Wifi_Station_DhcpIsEnable	24	static
../Core/Src/wifi.c:662:6:Wifi_Station_SetIp	40	static
../Core/Src/wifi.c:691:7:Wifi_SoftAp_GetConnectedDevices	56	static
../Core/Src/wifi.c:722:7:Wifi_SoftAp_Create	48	static
../Core/Src/wifi.c:746:7:Wifi_TcpIp_GetConnectionStatus	56	static
../Core/Src/wifi.c:786:7:Wifi_TcpIp_Ping	32	static
../Core/Src/wifi.c:809:7:Wifi_TcpIp_SetMultiConnection	32	static
../Core/Src/wifi.c:831:7:Wifi_TcpIp_GetMultiConnection	24	static
../Core/Src/wifi.c:856:7:Wifi_TcpIp_StartTcpConnection	40	static
../Core/Src/wifi.c:888:7:Wifi_TcpIp_StartUdpConnection	40	static
../Core/Src/wifi.c:912:7:Wifi_TcpIp_Close	32	static
../Core/Src/wifi.c:936:7:Wifi_TcpIp_SetEnableTcpServer	32	static
../Core/Src/wifi.c:968:7:Wifi_TcpIp_SetDisableTcpServer	32	static
../Core/Src/wifi.c:989:7:Wifi_TcpIp_SendDataUdp	32	static
../Core/Src/wifi.c:1018:7:Wifi_TcpIp_SendDataTcp	32	static
