../Drivers/CMSIS/Include/core_cm4.h:2059:26:ITM_SendChar	16	static,ignoring_inline_asm
../Drivers/STM32WBxx_HAL_Driver/Inc/stm32wbxx_ll_rcc.h:1679:22:LL_RCC_LSE_SetDriveCapability	16	static
../Drivers/STM32WBxx_HAL_Driver/Inc/stm32wbxx_ll_bus.h:539:22:LL_AHB2_GRP1_EnableClock	24	static
../Core/Src/main.c:75:5:_write	32	static
../Core/Src/main.c:91:5:main	80	static
../Core/Src/main.c:319:6:SystemClock_Config	112	static
../Core/Src/main.c:385:6:PeriphCommonClock_Config	88	static
../Core/Src/main.c:409:13:MX_USART1_UART_Init	8	static
../Core/Src/main.c:457:13:MX_USB_PCD_Init	8	static
../Core/Src/main.c:490:13:MX_GPIO_Init	32	static
../Core/Src/main.c:530:17:GetPage	16	static
../Core/Src/main.c:541:6:Error_Handler	4	static,ignoring_inline_asm
