../Drivers/BSP/Components/vl53l1cb/modules/vl53l1_xtalk.c:50:14:VL53L1_xtalk_calibration_process_data	640	static
../Drivers/BSP/Components/vl53l1cb/modules/vl53l1_xtalk.c:155:14:VL53L1_generate_dual_reflectance_xtalk_samples	56	static
../Drivers/BSP/Components/vl53l1cb/modules/vl53l1_xtalk.c:227:14:VL53L1_f_050	200	static
../Drivers/BSP/Components/vl53l1cb/modules/vl53l1_xtalk.c:302:14:VL53L1_f_049	32	static
../Drivers/BSP/Components/vl53l1cb/modules/vl53l1_xtalk.c:358:14:VL53L1_f_047	64	static
../Drivers/BSP/Components/vl53l1cb/modules/vl53l1_xtalk.c:488:14:VL53L1_f_048	32	static
../Drivers/BSP/Components/vl53l1cb/modules/vl53l1_xtalk.c:553:14:VL53L1_f_053	176	static
../Drivers/BSP/Components/vl53l1cb/modules/vl53l1_xtalk.c:644:14:VL53L1_f_054	72	static
../Drivers/BSP/Components/vl53l1cb/modules/vl53l1_xtalk.c:708:14:VL53L1_f_040	288	static
../Drivers/BSP/Components/vl53l1cb/modules/vl53l1_xtalk.c:902:14:VL53L1_f_041	136	static
../Drivers/BSP/Components/vl53l1cb/modules/vl53l1_xtalk.c:978:14:VL53L1_f_055	40	static
../Drivers/BSP/Components/vl53l1cb/modules/vl53l1_xtalk.c:1016:14:VL53L1_f_052	128	static
../Drivers/BSP/Components/vl53l1cb/modules/vl53l1_xtalk.c:1149:14:VL53L1_f_051	32	static
