../Middlewares/Third_Party/FreeRTOS/Source/CMSIS_RTOS/cmsis_os.c:103:31:makeFreeRtosPriority	24	static
../Middlewares/Third_Party/FreeRTOS/Source/CMSIS_RTOS/cmsis_os.c:116:19:makeCmsisPriority	24	static
../Middlewares/Third_Party/FreeRTOS/Source/CMSIS_RTOS/cmsis_os.c:130:12:inHandlerMode	16	static,ignoring_inline_asm
../Middlewares/Third_Party/FreeRTOS/Source/CMSIS_RTOS/cmsis_os.c:150:10:osKernelStart	8	static
../Middlewares/Third_Party/FreeRTOS/Source/CMSIS_RTOS/cmsis_os.c:165:9:osKernelRunning	8	static
../Middlewares/Third_Party/FreeRTOS/Source/CMSIS_RTOS/cmsis_os.c:184:10:osKernelSysTick	8	static
../Middlewares/Third_Party/FreeRTOS/Source/CMSIS_RTOS/cmsis_os.c:202:12:osThreadCreate	56	static
../Middlewares/Third_Party/FreeRTOS/Source/CMSIS_RTOS/cmsis_os.c:241:12:osThreadGetId	8	static
../Middlewares/Third_Party/FreeRTOS/Source/CMSIS_RTOS/cmsis_os.c:256:10:osThreadTerminate	16	static
../Middlewares/Third_Party/FreeRTOS/Source/CMSIS_RTOS/cmsis_os.c:271:10:osThreadYield	4	static,ignoring_inline_asm
../Middlewares/Third_Party/FreeRTOS/Source/CMSIS_RTOS/cmsis_os.c:285:10:osThreadSetPriority	16	static
../Middlewares/Third_Party/FreeRTOS/Source/CMSIS_RTOS/cmsis_os.c:301:12:osThreadGetPriority	16	static
../Middlewares/Third_Party/FreeRTOS/Source/CMSIS_RTOS/cmsis_os.c:323:10:osDelay	24	static
../Middlewares/Third_Party/FreeRTOS/Source/CMSIS_RTOS/cmsis_os.c:358:11:osTimerCreate	24	static
../Middlewares/Third_Party/FreeRTOS/Source/CMSIS_RTOS/cmsis_os.c:405:10:osTimerStart	24	static
../Middlewares/Third_Party/FreeRTOS/Source/CMSIS_RTOS/cmsis_os.c:444:10:osTimerStop	24	static
../Middlewares/Third_Party/FreeRTOS/Source/CMSIS_RTOS/cmsis_os.c:473:10:osTimerDelete	24	static
../Middlewares/Third_Party/FreeRTOS/Source/CMSIS_RTOS/cmsis_os.c:503:9:osSignalSet	32	static,ignoring_inline_asm
../Middlewares/Third_Party/FreeRTOS/Source/CMSIS_RTOS/cmsis_os.c:544:9:osSignalWait	48	static
../Middlewares/Third_Party/FreeRTOS/Source/CMSIS_RTOS/cmsis_os.c:598:11:osMutexCreate	16	static
../Middlewares/Third_Party/FreeRTOS/Source/CMSIS_RTOS/cmsis_os.c:627:10:osMutexWait	24	static,ignoring_inline_asm
../Middlewares/Third_Party/FreeRTOS/Source/CMSIS_RTOS/cmsis_os.c:667:10:osMutexRelease	24	static,ignoring_inline_asm
../Middlewares/Third_Party/FreeRTOS/Source/CMSIS_RTOS/cmsis_os.c:691:10:osMutexDelete	16	static
../Middlewares/Third_Party/FreeRTOS/Source/CMSIS_RTOS/cmsis_os.c:713:15:osSemaphoreCreate	32	static
../Middlewares/Third_Party/FreeRTOS/Source/CMSIS_RTOS/cmsis_os.c:780:9:osSemaphoreWait	24	static,ignoring_inline_asm
../Middlewares/Third_Party/FreeRTOS/Source/CMSIS_RTOS/cmsis_os.c:820:10:osSemaphoreRelease	24	static,ignoring_inline_asm
../Middlewares/Third_Party/FreeRTOS/Source/CMSIS_RTOS/cmsis_os.c:847:10:osSemaphoreDelete	16	static
../Middlewares/Third_Party/FreeRTOS/Source/CMSIS_RTOS/cmsis_os.c:884:10:osPoolCreate	32	static
../Middlewares/Third_Party/FreeRTOS/Source/CMSIS_RTOS/cmsis_os.c:937:7:osPoolAlloc	48	static,ignoring_inline_asm
../Middlewares/Third_Party/FreeRTOS/Source/CMSIS_RTOS/cmsis_os.c:978:7:osPoolCAlloc	24	static
../Middlewares/Third_Party/FreeRTOS/Source/CMSIS_RTOS/cmsis_os.c:997:10:osPoolFree	24	static
../Middlewares/Third_Party/FreeRTOS/Source/CMSIS_RTOS/cmsis_os.c:1041:14:osMessageCreate	32	static
../Middlewares/Third_Party/FreeRTOS/Source/CMSIS_RTOS/cmsis_os.c:1068:10:osMessagePut	32	static,ignoring_inline_asm
../Middlewares/Third_Party/FreeRTOS/Source/CMSIS_RTOS/cmsis_os.c:1100:9:osMessageGet	56	static,ignoring_inline_asm
../Middlewares/Third_Party/FreeRTOS/Source/CMSIS_RTOS/cmsis_os.c:1169:11:osMailCreate	40	static
../Middlewares/Third_Party/FreeRTOS/Source/CMSIS_RTOS/cmsis_os.c:1215:7:osMailAlloc	24	static
../Middlewares/Third_Party/FreeRTOS/Source/CMSIS_RTOS/cmsis_os.c:1237:7:osMailCAlloc	24	static
../Middlewares/Third_Party/FreeRTOS/Source/CMSIS_RTOS/cmsis_os.c:1258:10:osMailPut	24	static,ignoring_inline_asm
../Middlewares/Third_Party/FreeRTOS/Source/CMSIS_RTOS/cmsis_os.c:1291:9:osMailGet	56	static,ignoring_inline_asm
../Middlewares/Third_Party/FreeRTOS/Source/CMSIS_RTOS/cmsis_os.c:1347:10:osMailFree	16	static
../Middlewares/Third_Party/FreeRTOS/Source/CMSIS_RTOS/cmsis_os.c:1363:6:osSystickHandler	8	static
../Middlewares/Third_Party/FreeRTOS/Source/CMSIS_RTOS/cmsis_os.c:1433:10:osThreadSuspend	16	static
../Middlewares/Third_Party/FreeRTOS/Source/CMSIS_RTOS/cmsis_os.c:1449:10:osThreadResume	16	static,ignoring_inline_asm
../Middlewares/Third_Party/FreeRTOS/Source/CMSIS_RTOS/cmsis_os.c:1473:10:osThreadSuspendAll	8	static
../Middlewares/Third_Party/FreeRTOS/Source/CMSIS_RTOS/cmsis_os.c:1484:10:osThreadResumeAll	8	static
../Middlewares/Third_Party/FreeRTOS/Source/CMSIS_RTOS/cmsis_os.c:1501:10:osDelayUntil	16	static
../Middlewares/Third_Party/FreeRTOS/Source/CMSIS_RTOS/cmsis_os.c:1521:10:osAbortDelay	16	static
../Middlewares/Third_Party/FreeRTOS/Source/CMSIS_RTOS/cmsis_os.c:1542:10:osThreadList	16	static
../Middlewares/Third_Party/FreeRTOS/Source/CMSIS_RTOS/cmsis_os.c:1556:9:osMessagePeek	48	static
../Middlewares/Third_Party/FreeRTOS/Source/CMSIS_RTOS/cmsis_os.c:1597:10:osMessageWaiting	16	static
../Middlewares/Third_Party/FreeRTOS/Source/CMSIS_RTOS/cmsis_os.c:1613:10:osMessageAvailableSpace	16	static
../Middlewares/Third_Party/FreeRTOS/Source/CMSIS_RTOS/cmsis_os.c:1623:10:osMessageDelete	16	static
../Middlewares/Third_Party/FreeRTOS/Source/CMSIS_RTOS/cmsis_os.c:1639:11:osRecursiveMutexCreate	16	static
../Middlewares/Third_Party/FreeRTOS/Source/CMSIS_RTOS/cmsis_os.c:1665:10:osRecursiveMutexRelease	16	static
../Middlewares/Third_Party/FreeRTOS/Source/CMSIS_RTOS/cmsis_os.c:1686:10:osRecursiveMutexWait	16	static
../Middlewares/Third_Party/FreeRTOS/Source/CMSIS_RTOS/cmsis_os.c:1725:10:osSemaphoreGetCount	16	static
