../ESP32/Src/esp8266.c:19:6:uart_esp32_transmit	16	static
../ESP32/Src/esp8266.c:44:19:esp8266_CheckRespond	16	static
../ESP32/Src/esp8266.c:56:19:esp8266_TransmitCmd	32	static
../ESP32/Src/esp8266.c:96:19:esp8266_HardwareReset	24	static
../ESP32/Src/esp8266.c:124:19:esp8266_ConnectAP	16	static
../ESP32/Src/esp8266.c:138:19:esp8266_ConnectServer	16	static
../ESP32/Src/esp8266.c:153:19:esp8266_SetUpTCPConnection	16	static
../ESP32/Src/esp8266.c:384:19:esp8266_SetupIP	16	static
../ESP32/Src/esp8266.c:572:26:esp8266_ConfigAccessBroker	32	static
../ESP32/Src/esp8266.c:598:26:esp8266_ConfigConnectionBroker	8	static
../ESP32/Src/esp8266.c:609:26:esp8266_ConnectBroker	24	static
../ESP32/Src/esp8266.c:634:19:esp8266_SetupConnect_BrokerMQTT	16	static
../ESP32/Src/esp8266.c:674:19:esp8266_Subscribe_Temp_BrokerMQTT	24	static
../ESP32/Src/esp8266.c:701:19:esp8266_Subscribe_ToF_BrokerMQTT	24	static
../ESP32/Src/esp8266.c:728:19:esp8266_Publish_Button_BrokerMQTT	32	static
../ESP32/Src/esp8266.c:755:19:esp8266_Publish_Temp_BrokerMQTT	32	static
../ESP32/Src/esp8266.c:781:19:esp8266_Publish_ToF_BrokerMQTT	32	static
../ESP32/Src/esp8266.c:808:9:get_mqtt_state	4	static
