../Drivers/CMSIS/Include/core_cm4.h:2059:26:ITM_SendChar	16	static,ignoring_inline_asm
../Drivers/STM32WBxx_HAL_Driver/Inc/stm32wbxx_ll_rcc.h:1679:22:LL_RCC_LSE_SetDriveCapability	16	static
../Core/Src/main.c:77:5:main	8	static
../Core/Src/main.c:136:6:SystemClock_Config	112	static
../Core/Src/main.c:202:6:PeriphCommonClock_Config	88	static
../Core/Src/main.c:222:6:HAL_UART_RxCpltCallback	16	static
../Core/Src/main.c:227:5:_write	32	static
../Core/Src/main.c:239:6:HAL_GPIO_EXTI_Callback	16	static
../Core/Src/main.c:257:6:Error_Handler	4	static,ignoring_inline_asm
