../Drivers/BSP/Components/vl53l1cb/porting/vl53l1_platform.c:47:5:_I2CWrite	24	static
../Drivers/BSP/Components/vl53l1cb/porting/vl53l1_platform.c:51:5:_I2CRead	24	static
../Drivers/BSP/Components/vl53l1cb/porting/vl53l1_platform.c:55:14:VL53L1_WriteMulti	32	static
../Drivers/BSP/Components/vl53l1cb/porting/vl53l1_platform.c:73:14:VL53L1_ReadMulti	32	static
../Drivers/BSP/Components/vl53l1cb/porting/vl53l1_platform.c:94:14:VL53L1_WrByte	24	static
../Drivers/BSP/Components/vl53l1cb/porting/vl53l1_platform.c:111:14:VL53L1_WrWord	24	static
../Drivers/BSP/Components/vl53l1cb/porting/vl53l1_platform.c:129:14:VL53L1_WrDWord	32	static
../Drivers/BSP/Components/vl53l1cb/porting/vl53l1_platform.c:147:14:VL53L1_UpdateByte	24	static
../Drivers/BSP/Components/vl53l1cb/porting/vl53l1_platform.c:161:14:VL53L1_RdByte	32	static
../Drivers/BSP/Components/vl53l1cb/porting/vl53l1_platform.c:182:14:VL53L1_RdWord	32	static
../Drivers/BSP/Components/vl53l1cb/porting/vl53l1_platform.c:207:14:VL53L1_RdDWord	32	static
../Drivers/BSP/Components/vl53l1cb/porting/vl53l1_platform.c:232:14:VL53L1_GetTickCount	24	static
../Drivers/BSP/Components/vl53l1cb/porting/vl53l1_platform.c:259:14:VL53L1_GetTimerFrequency	16	static
../Drivers/BSP/Components/vl53l1cb/porting/vl53l1_platform.c:267:14:VL53L1_WaitMs	16	static
../Drivers/BSP/Components/vl53l1cb/porting/vl53l1_platform.c:272:14:VL53L1_WaitUs	16	static
../Drivers/BSP/Components/vl53l1cb/porting/vl53l1_platform.c:277:14:VL53L1_WaitValueMaskEx	568	static
../Drivers/BSP/Components/vl53l1cb/porting/vl53l1_platform.c:384:21:VL53L1_Delay	24	static
