Archive member included to satisfy reference by file (symbol)

c:/st/stm32cubeide_1.11.0/stm32cubeide/plugins/com.st.stm32cube.ide.mcu.externaltools.gnu-tools-for-stm32.10.3-2021.10.win32_1.0.100.202210260954/tools/bin/../lib/gcc/arm-none-eabi/10.3.1/../../../../arm-none-eabi/lib/thumb/v7-m/nofp\libc_nano.a(lib_a-errno.o)
                              ./Core/Src/syscalls.o (__errno)
c:/st/stm32cubeide_1.11.0/stm32cubeide/plugins/com.st.stm32cube.ide.mcu.externaltools.gnu-tools-for-stm32.10.3-2021.10.win32_1.0.100.202210260954/tools/bin/../lib/gcc/arm-none-eabi/10.3.1/../../../../arm-none-eabi/lib/thumb/v7-m/nofp\libc_nano.a(lib_a-exit.o)
                              c:/st/stm32cubeide_1.11.0/stm32cubeide/plugins/com.st.stm32cube.ide.mcu.externaltools.gnu-tools-for-stm32.10.3-2021.10.win32_1.0.100.202210260954/tools/bin/../lib/gcc/arm-none-eabi/10.3.1/../../../../arm-none-eabi/lib/thumb/v7-m/nofp/crt0.o (exit)
c:/st/stm32cubeide_1.11.0/stm32cubeide/plugins/com.st.stm32cube.ide.mcu.externaltools.gnu-tools-for-stm32.10.3-2021.10.win32_1.0.100.202210260954/tools/bin/../lib/gcc/arm-none-eabi/10.3.1/../../../../arm-none-eabi/lib/thumb/v7-m/nofp\libc_nano.a(lib_a-impure.o)
                              c:/st/stm32cubeide_1.11.0/stm32cubeide/plugins/com.st.stm32cube.ide.mcu.externaltools.gnu-tools-for-stm32.10.3-2021.10.win32_1.0.100.202210260954/tools/bin/../lib/gcc/arm-none-eabi/10.3.1/../../../../arm-none-eabi/lib/thumb/v7-m/nofp\libc_nano.a(lib_a-exit.o) (_global_impure_ptr)
c:/st/stm32cubeide_1.11.0/stm32cubeide/plugins/com.st.stm32cube.ide.mcu.externaltools.gnu-tools-for-stm32.10.3-2021.10.win32_1.0.100.202210260954/tools/bin/../lib/gcc/arm-none-eabi/10.3.1/../../../../arm-none-eabi/lib/thumb/v7-m/nofp\libc_nano.a(lib_a-init.o)
                              c:/st/stm32cubeide_1.11.0/stm32cubeide/plugins/com.st.stm32cube.ide.mcu.externaltools.gnu-tools-for-stm32.10.3-2021.10.win32_1.0.100.202210260954/tools/bin/../lib/gcc/arm-none-eabi/10.3.1/../../../../arm-none-eabi/lib/thumb/v7-m/nofp/crt0.o (__libc_init_array)
c:/st/stm32cubeide_1.11.0/stm32cubeide/plugins/com.st.stm32cube.ide.mcu.externaltools.gnu-tools-for-stm32.10.3-2021.10.win32_1.0.100.202210260954/tools/bin/../lib/gcc/arm-none-eabi/10.3.1/../../../../arm-none-eabi/lib/thumb/v7-m/nofp\libc_nano.a(lib_a-memset.o)
                              c:/st/stm32cubeide_1.11.0/stm32cubeide/plugins/com.st.stm32cube.ide.mcu.externaltools.gnu-tools-for-stm32.10.3-2021.10.win32_1.0.100.202210260954/tools/bin/../lib/gcc/arm-none-eabi/10.3.1/../../../../arm-none-eabi/lib/thumb/v7-m/nofp/crt0.o (memset)
c:/st/stm32cubeide_1.11.0/stm32cubeide/plugins/com.st.stm32cube.ide.mcu.externaltools.gnu-tools-for-stm32.10.3-2021.10.win32_1.0.100.202210260954/tools/bin/../lib/gcc/arm-none-eabi/10.3.1/../../../../arm-none-eabi/lib/thumb/v7-m/nofp\libc_nano.a(lib_a-printf.o)
                              ./Core/Src/wifi.o (printf)
c:/st/stm32cubeide_1.11.0/stm32cubeide/plugins/com.st.stm32cube.ide.mcu.externaltools.gnu-tools-for-stm32.10.3-2021.10.win32_1.0.100.202210260954/tools/bin/../lib/gcc/arm-none-eabi/10.3.1/../../../../arm-none-eabi/lib/thumb/v7-m/nofp\libc_nano.a(lib_a-puts.o)
                              ./Core/Src/wifi.o (puts)
c:/st/stm32cubeide_1.11.0/stm32cubeide/plugins/com.st.stm32cube.ide.mcu.externaltools.gnu-tools-for-stm32.10.3-2021.10.win32_1.0.100.202210260954/tools/bin/../lib/gcc/arm-none-eabi/10.3.1/../../../../arm-none-eabi/lib/thumb/v7-m/nofp\libc_nano.a(lib_a-strlen.o)
                              ./Core/Src/wifi.o (strlen)
c:/st/stm32cubeide_1.11.0/stm32cubeide/plugins/com.st.stm32cube.ide.mcu.externaltools.gnu-tools-for-stm32.10.3-2021.10.win32_1.0.100.202210260954/tools/bin/../lib/gcc/arm-none-eabi/10.3.1/../../../../arm-none-eabi/lib/thumb/v7-m/nofp\libc_nano.a(lib_a-strstr.o)
                              ./Core/Src/wifi.o (strstr)
c:/st/stm32cubeide_1.11.0/stm32cubeide/plugins/com.st.stm32cube.ide.mcu.externaltools.gnu-tools-for-stm32.10.3-2021.10.win32_1.0.100.202210260954/tools/bin/../lib/gcc/arm-none-eabi/10.3.1/../../../../arm-none-eabi/lib/thumb/v7-m/nofp\libc_nano.a(lib_a-wbuf.o)
                              c:/st/stm32cubeide_1.11.0/stm32cubeide/plugins/com.st.stm32cube.ide.mcu.externaltools.gnu-tools-for-stm32.10.3-2021.10.win32_1.0.100.202210260954/tools/bin/../lib/gcc/arm-none-eabi/10.3.1/../../../../arm-none-eabi/lib/thumb/v7-m/nofp\libc_nano.a(lib_a-puts.o) (__swbuf_r)
c:/st/stm32cubeide_1.11.0/stm32cubeide/plugins/com.st.stm32cube.ide.mcu.externaltools.gnu-tools-for-stm32.10.3-2021.10.win32_1.0.100.202210260954/tools/bin/../lib/gcc/arm-none-eabi/10.3.1/../../../../arm-none-eabi/lib/thumb/v7-m/nofp\libc_nano.a(lib_a-wsetup.o)
                              c:/st/stm32cubeide_1.11.0/stm32cubeide/plugins/com.st.stm32cube.ide.mcu.externaltools.gnu-tools-for-stm32.10.3-2021.10.win32_1.0.100.202210260954/tools/bin/../lib/gcc/arm-none-eabi/10.3.1/../../../../arm-none-eabi/lib/thumb/v7-m/nofp\libc_nano.a(lib_a-puts.o) (__swsetup_r)
[...]
Memory Configuration

Name             Origin             Length             Attributes
RAM              0x0000000020000000 0x0000000000014000 xrw
FLASH            0x0000000008000000 0x0000000000080000 xr
*default*        0x0000000000000000 0xffffffffffffffff

Linker script and memory map

LOAD c:/st/stm32cubeide_1.11.0/stm32cubeide/plugins/com.st.stm32cube.ide.mcu.externaltools.gnu-tools-for-stm32.10.3-2021.10.win32_1.0.100.202210260954/tools/bin/../lib/gcc/arm-none-eabi/10.3.1/thumb/v7-m/nofp/crti.o
LOAD c:/st/stm32cubeide_1.11.0/stm32cubeide/plugins/com.st.stm32cube.ide.mcu.externaltools.gnu-tools-for-stm32.10.3-2021.10.win32_1.0.100.202210260954/tools/bin/../lib/gcc/arm-none-eabi/10.3.1/thumb/v7-m/nofp/crtbegin.o
LOAD c:/st/stm32cubeide_1.11.0/stm32cubeide/plugins/com.st.stm32cube.ide.mcu.externaltools.gnu-tools-for-stm32.10.3-2021.10.win32_1.0.100.202210260954/tools/bin/../lib/gcc/arm-none-eabi/10.3.1/../../../../arm-none-eabi/lib/thumb/v7-m/nofp/crt0.o
LOAD ./Core/Src/gpio.o
LOAD ./Core/Src/main.o
LOAD ./Core/Src/stm32l1xx_hal_msp.o
LOAD ./Core/Src/stm32l1xx_hal_timebase_tim.o
LOAD ./Core/Src/stm32l1xx_it.o
LOAD ./Core/Src/syscalls.o
LOAD ./Core/Src/sysmem.o
LOAD ./Core/Src/system_stm32l1xx.o
LOAD ./Core/Src/usart.o
LOAD ./Core/Src/wifi.o
LOAD ./Core/Startup/startup_stm32l152retx.o
LOAD ./Drivers/STM32L1xx_HAL_Driver/Src/stm32l1xx_hal.o
LOAD ./Drivers/STM32L1xx_HAL_Driver/Src/stm32l1xx_hal_cortex.o
LOAD ./Drivers/STM32L1xx_HAL_Driver/Src/stm32l1xx_hal_dma.o
LOAD ./Drivers/STM32L1xx_HAL_Driver/Src/stm32l1xx_hal_exti.o
LOAD ./Drivers/STM32L1xx_HAL_Driver/Src/stm32l1xx_hal_flash.o
LOAD ./Drivers/STM32L1xx_HAL_Driver/Src/stm32l1xx_hal_flash_ex.o
LOAD ./Drivers/STM32L1xx_HAL_Driver/Src/stm32l1xx_hal_flash_ramfunc.o
LOAD ./Drivers/STM32L1xx_HAL_Driver/Src/stm32l1xx_hal_gpio.o
LOAD ./Drivers/STM32L1xx_HAL_Driver/Src/stm32l1xx_hal_pwr.o
LOAD ./Drivers/STM32L1xx_HAL_Driver/Src/stm32l1xx_hal_pwr_ex.o
LOAD ./Drivers/STM32L1xx_HAL_Driver/Src/stm32l1xx_hal_rcc.o
LOAD ./Drivers/STM32L1xx_HAL_Driver/Src/stm32l1xx_hal_rcc_ex.o
LOAD ./Drivers/STM32L1xx_HAL_Driver/Src/stm32l1xx_hal_tim.o
LOAD ./Drivers/STM32L1xx_HAL_Driver/Src/stm32l1xx_hal_tim_ex.o
LOAD ./Drivers/STM32L1xx_HAL_Driver/Src/stm32l1xx_hal_uart.o
START GROUP
LOAD c:/st/stm32cubeide_1.11.0/stm32cubeide/plugins/com.st.stm32cube.ide.mcu.externaltools.gnu-tools-for-stm32.10.3-2021.10.win32_1.0.100.202210260954/tools/bin/../lib/gcc/arm-none-eabi/10.3.1/../../../../arm-none-eabi/lib/thumb/v7-m/nofp\libc_nano.a
LOAD c:/st/stm32cubeide_1.11.0/stm32cubeide/plugins/com.st.stm32cube.ide.mcu.externaltools.gnu-tools-for-stm32.10.3-2021.10.win32_1.0.100.202210260954/tools/bin/../lib/gcc/arm-none-eabi/10.3.1/../../../../arm-none-eabi/lib/thumb/v7-m/nofp\libm.a
END GROUP
START GROUP
LOAD c:/st/stm32cubeide_1.11.0/stm32cubeide/plugins/com.st.stm32cube.ide.mcu.externaltools.gnu-tools-for-stm32.10.3-2021.10.win32_1.0.100.202210260954/tools/bin/../lib/gcc/arm-none-eabi/10.3.1/thumb/v7-m/nofp\libgcc.a
LOAD c:/st/stm32cubeide_1.11.0/stm32cubeide/plugins/com.st.stm32cube.ide.mcu.externaltools.gnu-tools-for-stm32.10.3-2021.10.win32_1.0.100.202210260954/tools/bin/../lib/gcc/arm-none-eabi/10.3.1/../../../../arm-none-eabi/lib/thumb/v7-m/nofp\libc_nano.a
END GROUP
START GROUP
LOAD c:/st/stm32cubeide_1.11.0/stm32cubeide/plugins/com.st.stm32cube.ide.mcu.externaltools.gnu-tools-for-stm32.10.3-2021.10.win32_1.0.100.202210260954/tools/bin/../lib/gcc/arm-none-eabi/10.3.1/thumb/v7-m/nofp\libgcc.a
LOAD c:/st/stm32cubeide_1.11.0/stm32cubeide/plugins/com.st.stm32cube.ide.mcu.externaltools.gnu-tools-for-stm32.10.3-2021.10.win32_1.0.100.202210260954/tools/bin/../lib/gcc/arm-none-eabi/10.3.1/../../../../arm-none-eabi/lib/thumb/v7-m/nofp\libc_nano.a
LOAD c:/st/stm32cubeide_1.11.0/stm32cubeide/plugins/com.st.stm32cube.ide.mcu.externaltools.gnu-tools-for-stm32.10.3-2021.10.win32_1.0.100.202210260954/tools/bin/../lib/gcc/arm-none-eabi/10.3.1/../../../../arm-none-eabi/lib/thumb/v7-m/nofp\libnosys.a
END GROUP
START GROUP
LOAD c:/st/stm32cubeide_1.11.0/stm32cubeide/plugins/com.st.stm32cube.ide.mcu.externaltools.gnu-tools-for-stm32.10.3-2021.10.win32_1.0.100.202210260954/tools/bin/../lib/gcc/arm-none-eabi/10.3.1/thumb/v7-m/nofp\libgcc.a
LOAD c:/st/stm32cubeide_1.11.0/stm32cubeide/plugins/com.st.stm32cube.ide.mcu.externaltools.gnu-tools-for-stm32.10.3-2021.10.win32_1.0.100.202210260954/tools/bin/../lib/gcc/arm-none-eabi/10.3.1/../../../../arm-none-eabi/lib/thumb/v7-m/nofp\libc_nano.a
LOAD c:/st/stm32cubeide_1.11.0/stm32cubeide/plugins/com.st.stm32cube.ide.mcu.externaltools.gnu-tools-for-stm32.10.3-2021.10.win32_1.0.100.202210260954/tools/bin/../lib/gcc/arm-none-eabi/10.3.1/../../../../arm-none-eabi/lib/thumb/v7-m/nofp\libnosys.a
END GROUP
LOAD c:/st/stm32cubeide_1.11.0/stm32cubeide/plugins/com.st.stm32cube.ide.mcu.externaltools.gnu-tools-for-stm32.10.3-2021.10.win32_1.0.100.202210260954/tools/bin/../lib/gcc/arm-none-eabi/10.3.1/thumb/v7-m/nofp/crtend.o
LOAD c:/st/stm32cubeide_1.11.0/stm32cubeide/plugins/com.st.stm32cube.ide.mcu.externaltools.gnu-tools-for-stm32.10.3-2021.10.win32_1.0.100.202210260954/tools/bin/../lib/gcc/arm-none-eabi/10.3.1/thumb/v7-m/nofp/crtn.o
                0x0000000020014000                _estack = (ORIGIN (RAM) + LENGTH (RAM))
                0x0000000000000200                _Min_Heap_Size = 0x200
                0x0000000000000400                _Min_Stack_Size = 0x400

.isr_vector     0x0000000008000000      0x13c
                0x0000000008000000                . = ALIGN (0x4)
 *(.isr_vector)
 .isr_vector    0x0000000008000000      0x13c ./Core/Startup/startup_stm32l152retx.o
                0x0000000008000000                g_pfnVectors
                0x000000000800013c                . = ALIGN (0x4)

.text           0x000000000800013c     0x3e80
                0x000000000800013c                . = ALIGN (0x4)
 *(.text)
 .text          0x000000000800013c       0x40 c:/st/stm32cubeide_1.11.0/stm32cubeide/plugins/com.st.stm32cube.ide.mcu.externaltools.gnu-tools-for-stm32.10.3-2021.10.win32_1.0.100.202210260954/tools/bin/../lib/gcc/arm-none-eabi/10.3.1/thumb/v7-m/nofp/crtbegin.o
 .text          0x000000000800017c       0x10 c:/st/stm32cubeide_1.11.0/stm32cubeide/plugins/com.st.stm32cube.ide.mcu.externaltools.gnu-tools-for-stm32.10.3-2021.10.win32_1.0.100.202210260954/tools/bin/../lib/gcc/arm-none-eabi/10.3.1/../../../../arm-none-eabi/lib/thumb/v7-m/nofp\libc_nano.a(lib_a-strlen.o)
                0x000000000800017c                strlen
 .text          0x000000000800018c       0x30 c:/st/stm32cubeide_1.11.0/stm32cubeide/plugins/com.st.stm32cube.ide.mcu.externaltools.gnu-tools-for-stm32.10.3-2021.10.win32_1.0.100.202210260954/tools/bin/../lib/gcc/arm-none-eabi/10.3.1/thumb/v7-m/nofp\libgcc.a(_aeabi_uldivmod.o)
                0x000000000800018c                __aeabi_uldivmod
 .text          0x00000000080001bc      0x2d4 c:/st/stm32cubeide_1.11.0/stm32cubeide/plugins/com.st.stm32cube.ide.mcu.externaltools.gnu-tools-for-stm32.10.3-2021.10.win32_1.0.100.202210260954/tools/bin/../lib/gcc/arm-none-eabi/10.3.1/thumb/v7-m/nofp\libgcc.a(_udivmoddi4.o)
                0x00000000080001bc                __udivmoddi4
 .text          0x0000000008000490        0x4 c:/st/stm32cubeide_1.11.0/stm32cubeide/plugins/com.st.stm32cube.ide.mcu.externaltools.gnu-tools-for-stm32.10.3-2021.10.win32_1.0.100.202210260954/tools/bin/../lib/gcc/arm-none-eabi/10.3.1/thumb/v7-m/nofp\libgcc.a(_dvmd_tls.o)
                0x0000000008000490                __aeabi_idiv0
                0x0000000008000490                __aeabi_ldiv0
 *(.text*)
 .text.MX_GPIO_Init
                0x0000000008000494       0xcc ./Core/Src/gpio.o
                0x0000000008000494                MX_GPIO_Init
 .text.ITM_SendChar
                0x0000000008000560       0x4c ./Core/Src/main.o
 .text._write   0x00000000080005ac       0x38 ./Core/Src/main.o
                0x00000000080005ac                _write
 .text.main     0x00000000080005e4       0x22 ./Core/Src/main.o
                0x00000000080005e4                main
 *fill*         0x0000000008000606        0x2 
 .text.SystemClock_Config
                0x0000000008000608       0x9c ./Core/Src/main.o
                0x0000000008000608                SystemClock_Config
 .text.HAL_TIM_PeriodElapsedCallback
                0x00000000080006a4       0x1e ./Core/Src/main.o
                0x00000000080006a4                HAL_TIM_PeriodElapsedCallback
 .text.Error_Handler
                0x00000000080006c2        0xa ./Core/Src/main.o
                0x00000000080006c2                Error_Handler
 .text.HAL_MspInit
                0x00000000080006cc       0x5c ./Core/Src/stm32l1xx_hal_msp.o
                0x00000000080006cc                HAL_MspInit
 .text.HAL_InitTick
                0x0000000008000728       0xf4 ./Core/Src/stm32l1xx_hal_timebase_tim.o
                0x0000000008000728                HAL_InitTick
 .text.NMI_Handler
                0x000000000800081c        0x6 ./Core/Src/stm32l1xx_it.o
                0x000000000800081c                NMI_Handler
 .text.HardFault_Handler
                0x0000000008000822        0x6 ./Core/Src/stm32l1xx_it.o
                0x0000000008000822                HardFault_Handler
 .text.MemManage_Handler
                0x0000000008000828        0x6 ./Core/Src/stm32l1xx_it.o
                0x0000000008000828                MemManage_Handler
 .text.BusFault_Handler
                0x000000000800082e        0x6 ./Core/Src/stm32l1xx_it.o
                0x000000000800082e                BusFault_Handler
 .text.UsageFault_Handler
                0x0000000008000834        0x6 ./Core/Src/stm32l1xx_it.o
                0x0000000008000834                UsageFault_Handler
 .text.SVC_Handler
                0x000000000800083a        0xc ./Core/Src/stm32l1xx_it.o
                0x000000000800083a                SVC_Handler
 .text.DebugMon_Handler
                0x0000000008000846        0xc ./Core/Src/stm32l1xx_it.o
                0x0000000008000846                DebugMon_Handler
 .text.PendSV_Handler
                0x0000000008000852        0xc ./Core/Src/stm32l1xx_it.o
                0x0000000008000852                PendSV_Handler
 .text.SysTick_Handler
                0x000000000800085e        0xc ./Core/Src/stm32l1xx_it.o
                0x000000000800085e                SysTick_Handler
 *fill*         0x000000000800086a        0x2 
 .text.TIM2_IRQHandler
                0x000000000800086c       0x14 ./Core/Src/stm32l1xx_it.o
                0x000000000800086c                TIM2_IRQHandler
 .text.USART1_IRQHandler
                0x0000000008000880       0x14 ./Core/Src/stm32l1xx_it.o
                0x0000000008000880                USART1_IRQHandler
 .text._read    0x0000000008000894       0x3a ./Core/Src/syscalls.o
                0x0000000008000894                _read
 .text._close   0x00000000080008ce       0x16 ./Core/Src/syscalls.o
                0x00000000080008ce                _close
 .text._fstat   0x00000000080008e4       0x1e ./Core/Src/syscalls.o
                0x00000000080008e4                _fstat
 .text._isatty  0x0000000008000902       0x14 ./Core/Src/syscalls.o
                0x0000000008000902                _isatty
 .text._lseek   0x0000000008000916       0x18 ./Core/Src/syscalls.o
                0x0000000008000916                _lseek
 *fill*         0x000000000800092e        0x2 
 .text._sbrk    0x0000000008000930       0x6c ./Core/Src/sysmem.o
                0x0000000008000930                _sbrk
 .text.SystemInit
                0x000000000800099c        0xc ./Core/Src/system_stm32l1xx.o
                0x000000000800099c                SystemInit
 .text.MX_USART1_UART_Init
                0x00000000080009a8       0x54 ./Core/Src/usart.o
                0x00000000080009a8                MX_USART1_UART_Init
 .text.MX_USART2_UART_Init
                0x00000000080009fc       0x54 ./Core/Src/usart.o
                0x00000000080009fc                MX_USART2_UART_Init
 .text.HAL_UART_MspInit
                0x0000000008000a50       0xf8 ./Core/Src/usart.o
                0x0000000008000a50                HAL_UART_MspInit
 .text.HAL_UART_RxCpltCallback
                0x0000000008000b48       0x60 ./Core/Src/wifi.o
                0x0000000008000b48                HAL_UART_RxCpltCallback
 .text.Wifi_Send_Data
                0x0000000008000ba8       0x5c ./Core/Src/wifi.o
                0x0000000008000ba8                Wifi_Send_Data
 .text.Wifi_Init
                0x0000000008000c04       0x6c ./Core/Src/wifi.o
                0x0000000008000c04                Wifi_Init
 .text.Wifi_Process
                0x0000000008000c70       0x10 ./Core/Src/wifi.o
                0x0000000008000c70                Wifi_Process
 .text.Reset_Handler
                0x0000000008000c80       0x48 ./Core/Startup/startup_stm32l152retx.o
                0x0000000008000c80                Reset_Handler
 .text.Default_Handler
                0x0000000008000cc8        0x2 ./Core/Startup/startup_stm32l152retx.o
                0x0000000008000cc8                RTC_Alarm_IRQHandler
                0x0000000008000cc8                EXTI2_IRQHandler
                0x0000000008000cc8                COMP_ACQ_IRQHandler
                0x0000000008000cc8                TIM10_IRQHandler
                0x0000000008000cc8                USB_HP_IRQHandler
                0x0000000008000cc8                TIM6_IRQHandler
                0x0000000008000cc8                PVD_IRQHandler
                0x0000000008000cc8                EXTI3_IRQHandler
                0x0000000008000cc8                EXTI0_IRQHandler
                0x0000000008000cc8                I2C2_EV_IRQHandler
                0x0000000008000cc8                SPI1_IRQHandler
                0x0000000008000cc8                USB_FS_WKUP_IRQHandler
                0x0000000008000cc8                DMA2_Channel2_IRQHandler
                0x0000000008000cc8                DMA1_Channel4_IRQHandler
                0x0000000008000cc8                ADC1_IRQHandler
                0x0000000008000cc8                USART3_IRQHandler
                0x0000000008000cc8                DMA1_Channel7_IRQHandler
                0x0000000008000cc8                LCD_IRQHandler
                0x0000000008000cc8                UART5_IRQHandler
                0x0000000008000cc8                TIM4_IRQHandler
                0x0000000008000cc8                DMA2_Channel1_IRQHandler
                0x0000000008000cc8                I2C1_EV_IRQHandler
                0x0000000008000cc8                DMA1_Channel6_IRQHandler
                0x0000000008000cc8                UART4_IRQHandler
                0x0000000008000cc8                DMA2_Channel4_IRQHandler
                0x0000000008000cc8                TIM3_IRQHandler
                0x0000000008000cc8                RCC_IRQHandler
                0x0000000008000cc8                DMA1_Channel1_IRQHandler
                0x0000000008000cc8                Default_Handler
                0x0000000008000cc8                EXTI15_10_IRQHandler
                0x0000000008000cc8                TIM7_IRQHandler
                0x0000000008000cc8                TIM5_IRQHandler
                0x0000000008000cc8                EXTI9_5_IRQHandler
                0x0000000008000cc8                TIM9_IRQHandler
                0x0000000008000cc8                TAMPER_STAMP_IRQHandler
                0x0000000008000cc8                RTC_WKUP_IRQHandler
                0x0000000008000cc8                SPI2_IRQHandler
                0x0000000008000cc8                DMA2_Channel5_IRQHandler
                0x0000000008000cc8                DMA1_Channel5_IRQHandler
                0x0000000008000cc8                USB_LP_IRQHandler
                0x0000000008000cc8                EXTI4_IRQHandler
                0x0000000008000cc8                DMA1_Channel3_IRQHandler
                0x0000000008000cc8                COMP_IRQHandler
                0x0000000008000cc8                WWDG_IRQHandler
                0x0000000008000cc8                DAC_IRQHandler
                0x0000000008000cc8                EXTI1_IRQHandler
                0x0000000008000cc8                TIM11_IRQHandler
                0x0000000008000cc8                USART2_IRQHandler
                0x0000000008000cc8                I2C2_ER_IRQHandler
                0x0000000008000cc8                DMA1_Channel2_IRQHandler
                0x0000000008000cc8                FLASH_IRQHandler
                0x0000000008000cc8                SPI3_IRQHandler
                0x0000000008000cc8                I2C1_ER_IRQHandler
                0x0000000008000cc8                DMA2_Channel3_IRQHandler
 .text.HAL_Init
                0x0000000008000cca       0x30 ./Drivers/STM32L1xx_HAL_Driver/Src/stm32l1xx_hal.o
                0x0000000008000cca                HAL_Init
 *fill*         0x0000000008000cfa        0x2 
 .text.HAL_IncTick
                0x0000000008000cfc       0x24 ./Drivers/STM32L1xx_HAL_Driver/Src/stm32l1xx_hal.o
                0x0000000008000cfc                HAL_IncTick
 .text.HAL_GetTick
                0x0000000008000d20       0x14 ./Drivers/STM32L1xx_HAL_Driver/Src/stm32l1xx_hal.o
                0x0000000008000d20                HAL_GetTick
 .text.HAL_Delay
                0x0000000008000d34       0x44 ./Drivers/STM32L1xx_HAL_Driver/Src/stm32l1xx_hal.o
                0x0000000008000d34                HAL_Delay
 .text.__NVIC_SetPriorityGrouping
                0x0000000008000d78       0x48 ./Drivers/STM32L1xx_HAL_Driver/Src/stm32l1xx_hal_cortex.o
 .text.__NVIC_GetPriorityGrouping
                0x0000000008000dc0       0x1c ./Drivers/STM32L1xx_HAL_Driver/Src/stm32l1xx_hal_cortex.o
 .text.__NVIC_EnableIRQ
                0x0000000008000ddc       0x38 ./Drivers/STM32L1xx_HAL_Driver/Src/stm32l1xx_hal_cortex.o
 .text.__NVIC_SetPriority
                0x0000000008000e14       0x54 ./Drivers/STM32L1xx_HAL_Driver/Src/stm32l1xx_hal_cortex.o
 .text.NVIC_EncodePriority
                0x0000000008000e68       0x64 ./Drivers/STM32L1xx_HAL_Driver/Src/stm32l1xx_hal_cortex.o
 .text.HAL_NVIC_SetPriorityGrouping
                0x0000000008000ecc       0x16 ./Drivers/STM32L1xx_HAL_Driver/Src/stm32l1xx_hal_cortex.o
                0x0000000008000ecc                HAL_NVIC_SetPriorityGrouping
 .text.HAL_NVIC_SetPriority
                0x0000000008000ee2       0x38 ./Drivers/STM32L1xx_HAL_Driver/Src/stm32l1xx_hal_cortex.o
                0x0000000008000ee2                HAL_NVIC_SetPriority
 .text.HAL_NVIC_EnableIRQ
                0x0000000008000f1a       0x1c ./Drivers/STM32L1xx_HAL_Driver/Src/stm32l1xx_hal_cortex.o
                0x0000000008000f1a                HAL_NVIC_EnableIRQ
 .text.HAL_DMA_Abort
                0x0000000008000f36       0x7a ./Drivers/STM32L1xx_HAL_Driver/Src/stm32l1xx_hal_dma.o
                0x0000000008000f36                HAL_DMA_Abort
 .text.HAL_DMA_Abort_IT
                0x0000000008000fb0       0x82 ./Drivers/STM32L1xx_HAL_Driver/Src/stm32l1xx_hal_dma.o
                0x0000000008000fb0                HAL_DMA_Abort_IT
 *fill*         0x0000000008001032        0x2 
 .text.HAL_GPIO_Init
                0x0000000008001034      0x320 ./Drivers/STM32L1xx_HAL_Driver/Src/stm32l1xx_hal_gpio.o
                0x0000000008001034                HAL_GPIO_Init
 .text.HAL_GPIO_WritePin
                0x0000000008001354       0x30 ./Drivers/STM32L1xx_HAL_Driver/Src/stm32l1xx_hal_gpio.o
                0x0000000008001354                HAL_GPIO_WritePin
 .text.HAL_RCC_OscConfig
                0x0000000008001384      0x660 ./Drivers/STM32L1xx_HAL_Driver/Src/stm32l1xx_hal_rcc.o
                0x0000000008001384                HAL_RCC_OscConfig
 .text.HAL_RCC_ClockConfig
                0x00000000080019e4      0x268 ./Drivers/STM32L1xx_HAL_Driver/Src/stm32l1xx_hal_rcc.o
                0x00000000080019e4                HAL_RCC_ClockConfig
 .text.HAL_RCC_GetSysClockFreq
                0x0000000008001c4c      0x200 ./Drivers/STM32L1xx_HAL_Driver/Src/stm32l1xx_hal_rcc.o
                0x0000000008001c4c                HAL_RCC_GetSysClockFreq
 .text.HAL_RCC_GetHCLKFreq
                0x0000000008001e4c       0x14 ./Drivers/STM32L1xx_HAL_Driver/Src/stm32l1xx_hal_rcc.o
                0x0000000008001e4c                HAL_RCC_GetHCLKFreq
 .text.HAL_RCC_GetPCLK1Freq
                0x0000000008001e60       0x28 ./Drivers/STM32L1xx_HAL_Driver/Src/stm32l1xx_hal_rcc.o
                0x0000000008001e60                HAL_RCC_GetPCLK1Freq
 .text.HAL_RCC_GetPCLK2Freq
                0x0000000008001e88       0x28 ./Drivers/STM32L1xx_HAL_Driver/Src/stm32l1xx_hal_rcc.o
                0x0000000008001e88                HAL_RCC_GetPCLK2Freq
 .text.HAL_RCC_GetClockConfig
                0x0000000008001eb0       0x60 ./Drivers/STM32L1xx_HAL_Driver/Src/stm32l1xx_hal_rcc.o
                0x0000000008001eb0                HAL_RCC_GetClockConfig
 .text.RCC_SetFlashLatencyFromMSIRange
                0x0000000008001f10       0xc0 ./Drivers/STM32L1xx_HAL_Driver/Src/stm32l1xx_hal_rcc.o
 .text.HAL_TIM_Base_Init
                0x0000000008001fd0       0x7e ./Drivers/STM32L1xx_HAL_Driver/Src/stm32l1xx_hal_tim.o
                0x0000000008001fd0                HAL_TIM_Base_Init
 .text.HAL_TIM_Base_MspInit
                0x000000000800204e       0x12 ./Drivers/STM32L1xx_HAL_Driver/Src/stm32l1xx_hal_tim.o
                0x000000000800204e                HAL_TIM_Base_MspInit
 .text.HAL_TIM_Base_Start_IT
                0x0000000008002060       0xa4 ./Drivers/STM32L1xx_HAL_Driver/Src/stm32l1xx_hal_tim.o
                0x0000000008002060                HAL_TIM_Base_Start_IT
 .text.HAL_TIM_IRQHandler
                0x0000000008002104      0x1b8 ./Drivers/STM32L1xx_HAL_Driver/Src/stm32l1xx_hal_tim.o
                0x0000000008002104                HAL_TIM_IRQHandler
 .text.HAL_TIM_OC_DelayElapsedCallback
                0x00000000080022bc       0x12 ./Drivers/STM32L1xx_HAL_Driver/Src/stm32l1xx_hal_tim.o
                0x00000000080022bc                HAL_TIM_OC_DelayElapsedCallback
 .text.HAL_TIM_IC_CaptureCallback
                0x00000000080022ce       0x12 ./Drivers/STM32L1xx_HAL_Driver/Src/stm32l1xx_hal_tim.o
                0x00000000080022ce                HAL_TIM_IC_CaptureCallback
 .text.HAL_TIM_PWM_PulseFinishedCallback
                0x00000000080022e0       0x12 ./Drivers/STM32L1xx_HAL_Driver/Src/stm32l1xx_hal_tim.o
                0x00000000080022e0                HAL_TIM_PWM_PulseFinishedCallback
 .text.HAL_TIM_TriggerCallback
                0x00000000080022f2       0x12 ./Drivers/STM32L1xx_HAL_Driver/Src/stm32l1xx_hal_tim.o
                0x00000000080022f2                HAL_TIM_TriggerCallback
 .text.TIM_Base_SetConfig
                0x0000000008002304       0xe0 ./Drivers/STM32L1xx_HAL_Driver/Src/stm32l1xx_hal_tim.o
 .text.HAL_UART_Init
                0x00000000080023e4       0x9a ./Drivers/STM32L1xx_HAL_Driver/Src/stm32l1xx_hal_uart.o
                0x00000000080023e4                HAL_UART_Init
 .text.HAL_UART_Transmit
                0x000000000800247e      0x124 ./Drivers/STM32L1xx_HAL_Driver/Src/stm32l1xx_hal_uart.o
                0x000000000800247e                HAL_UART_Transmit
 .text.HAL_UART_Receive_IT
                0x00000000080025a2       0x60 ./Drivers/STM32L1xx_HAL_Driver/Src/stm32l1xx_hal_uart.o
                0x00000000080025a2                HAL_UART_Receive_IT
 *fill*         0x0000000008002602        0x2 
 .text.HAL_UART_IRQHandler
                0x0000000008002604      0x354 ./Drivers/STM32L1xx_HAL_Driver/Src/stm32l1xx_hal_uart.o
                0x0000000008002604                HAL_UART_IRQHandler
 .text.HAL_UART_TxCpltCallback
                0x0000000008002958       0x12 ./Drivers/STM32L1xx_HAL_Driver/Src/stm32l1xx_hal_uart.o
                0x0000000008002958                HAL_UART_TxCpltCallback
 .text.HAL_UART_ErrorCallback
                0x000000000800296a       0x12 ./Drivers/STM32L1xx_HAL_Driver/Src/stm32l1xx_hal_uart.o
                0x000000000800296a                HAL_UART_ErrorCallback
 .text.HAL_UARTEx_RxEventCallback
                0x000000000800297c       0x16 ./Drivers/STM32L1xx_HAL_Driver/Src/stm32l1xx_hal_uart.o
                0x000000000800297c                HAL_UARTEx_RxEventCallback
 .text.UART_WaitOnFlagUntilTimeout
                0x0000000008002992       0x94 ./Drivers/STM32L1xx_HAL_Driver/Src/stm32l1xx_hal_uart.o
 .text.UART_Start_Receive_IT
                0x0000000008002a26       0x72 ./Drivers/STM32L1xx_HAL_Driver/Src/stm32l1xx_hal_uart.o
                0x0000000008002a26                UART_Start_Receive_IT
 .text.UART_EndRxTransfer
                0x0000000008002a98       0x58 ./Drivers/STM32L1xx_HAL_Driver/Src/stm32l1xx_hal_uart.o
 .text.UART_DMAAbortOnError
                0x0000000008002af0       0x28 ./Drivers/STM32L1xx_HAL_Driver/Src/stm32l1xx_hal_uart.o
 .text.UART_Transmit_IT
                0x0000000008002b18       0x9e ./Drivers/STM32L1xx_HAL_Driver/Src/stm32l1xx_hal_uart.o
 .text.UART_EndTransmit_IT
                0x0000000008002bb6       0x30 ./Drivers/STM32L1xx_HAL_Driver/Src/stm32l1xx_hal_uart.o
 .text.UART_Receive_IT
                0x0000000008002be6      0x152 ./Drivers/STM32L1xx_HAL_Driver/Src/stm32l1xx_hal_uart.o
 .text.UART_SetConfig
                0x0000000008002d38      0x1c8 ./Drivers/STM32L1xx_HAL_Driver/Src/stm32l1xx_hal_uart.o
 .text.__errno  0x0000000008002f00        0xc c:/st/stm32cubeide_1.11.0/stm32cubeide/plugins/com.st.stm32cube.ide.mcu.externaltools.gnu-tools-for-stm32.10.3-2021.10.win32_1.0.100.202210260954/tools/bin/../lib/gcc/arm-none-eabi/10.3.1/../../../../arm-none-eabi/lib/thumb/v7-m/nofp\libc_nano.a(lib_a-errno.o)
                0x0000000008002f00                __errno
 .text.__libc_init_array
                0x0000000008002f0c       0x48 c:/st/stm32cubeide_1.11.0/stm32cubeide/plugins/com.st.stm32cube.ide.mcu.externaltools.gnu-tools-for-stm32.10.3-2021.10.win32_1.0.100.202210260954/tools/bin/../lib/gcc/arm-none-eabi/10.3.1/../../../../arm-none-eabi/lib/thumb/v7-m/nofp\libc_nano.a(lib_a-init.o)
                0x0000000008002f0c                __libc_init_array
 .text.memset   0x0000000008002f54       0x10 c:/st/stm32cubeide_1.11.0/stm32cubeide/plugins/com.st.stm32cube.ide.mcu.externaltools.gnu-tools-for-stm32.10.3-2021.10.win32_1.0.100.202210260954/tools/bin/../lib/gcc/arm-none-eabi/10.3.1/../../../../arm-none-eabi/lib/thumb/v7-m/nofp\libc_nano.a(lib_a-memset.o)
                0x0000000008002f54                memset
 .text.printf   0x0000000008002f64       0x30 c:/st/stm32cubeide_1.11.0/stm32cubeide/plugins/com.st.stm32cube.ide.mcu.externaltools.gnu-tools-for-stm32.10.3-2021.10.win32_1.0.100.202210260954/tools/bin/../lib/gcc/arm-none-eabi/10.3.1/../../../../arm-none-eabi/lib/thumb/v7-m/nofp\libc_nano.a(lib_a-printf.o)
                0x0000000008002f64                iprintf
                0x0000000008002f64                printf
 .text._puts_r  0x0000000008002f94       0xdc c:/st/stm32cubeide_1.11.0/stm32cubeide/plugins/com.st.stm32cube.ide.mcu.externaltools.gnu-tools-for-stm32.10.3-2021.10.win32_1.0.100.202210260954/tools/bin/../lib/gcc/arm-none-eabi/10.3.1/../../../../arm-none-eabi/lib/thumb/v7-m/nofp\libc_nano.a(lib_a-puts.o)
                0x0000000008002f94                _puts_r
 .text.puts     0x0000000008003070       0x10 c:/st/stm32cubeide_1.11.0/stm32cubeide/plugins/com.st.stm32cube.ide.mcu.externaltools.gnu-tools-for-stm32.10.3-2021.10.win32_1.0.100.202210260954/tools/bin/../lib/gcc/arm-none-eabi/10.3.1/../../../../arm-none-eabi/lib/thumb/v7-m/nofp\libc_nano.a(lib_a-puts.o)
                0x0000000008003070                puts
 .text.strstr   0x0000000008003080       0x2c c:/st/stm32cubeide_1.11.0/stm32cubeide/plugins/com.st.stm32cube.ide.mcu.externaltools.gnu-tools-for-stm32.10.3-2021.10.win32_1.0.100.202210260954/tools/bin/../lib/gcc/arm-none-eabi/10.3.1/../../../../arm-none-eabi/lib/thumb/v7-m/nofp\libc_nano.a(lib_a-strstr.o)
                0x0000000008003080                strstr
 .text.__swbuf_r
                0x00000000080030ac       0xa4 c:/st/stm32cubeide_1.11.0/stm32cubeide/plugins/com.st.stm32cube.ide.mcu.externaltools.gnu-tools-for-stm32.10.3-2021.10.win32_1.0.100.202210260954/tools/bin/../lib/gcc/arm-none-eabi/10.3.1/../../../../arm-none-eabi/lib/thumb/v7-m/nofp\libc_nano.a(lib_a-wbuf.o)
                0x00000000080030ac                __swbuf_r
 .text.__swsetup_r
                0x0000000008003150       0xdc c:/st/stm32cubeide_1.11.0/stm32cubeide/plugins/com.st.stm32cube.ide.mcu.externaltools.gnu-tools-for-stm32.10.3-2021.10.win32_1.0.100.202210260954/tools/bin/../lib/gcc/arm-none-eabi/10.3.1/../../../../arm-none-eabi/lib/thumb/v7-m/nofp\libc_nano.a(lib_a-wsetup.o)
                0x0000000008003150                __swsetup_r
 .text.__sflush_r
                0x000000000800322c      0x104 c:/st/stm32cubeide_1.11.0/stm32cubeide/plugins/com.st.stm32cube.ide.mcu.externaltools.gnu-tools-for-stm32.10.3-2021.10.win32_1.0.100.202210260954/tools/bin/../lib/gcc/arm-none-eabi/10.3.1/../../../../arm-none-eabi/lib/thumb/v7-m/nofp\libc_nano.a(lib_a-fflush.o)
                0x000000000800322c                __sflush_r
 .text._fflush_r
                0x0000000008003330       0x78 c:/st/stm32cubeide_1.11.0/stm32cubeide/plugins/com.st.stm32cube.ide.mcu.externaltools.gnu-tools-for-stm32.10.3-2021.10.win32_1.0.100.202210260954/tools/bin/../lib/gcc/arm-none-eabi/10.3.1/../../../../arm-none-eabi/lib/thumb/v7-m/nofp\libc_nano.a(lib_a-fflush.o)
                0x0000000008003330                _fflush_r
 .text.std      0x00000000080033a8       0x48 c:/st/stm32cubeide_1.11.0/stm32cubeide/plugins/com.st.stm32cube.ide.mcu.externaltools.gnu-tools-for-stm32.10.3-2021.10.win32_1.0.100.202210260954/tools/bin/../lib/gcc/arm-none-eabi/10.3.1/../../../../arm-none-eabi/lib/thumb/v7-m/nofp\libc_nano.a(lib_a-findfp.o)
 .text._cleanup_r
                0x00000000080033f0        0xc c:/st/stm32cubeide_1.11.0/stm32cubeide/plugins/com.st.stm32cube.ide.mcu.externaltools.gnu-tools-for-stm32.10.3-2021.10.win32_1.0.100.202210260954/tools/bin/../lib/gcc/arm-none-eabi/10.3.1/../../../../arm-none-eabi/lib/thumb/v7-m/nofp\libc_nano.a(lib_a-findfp.o)
                0x00000000080033f0                _cleanup_r
 .text.__sfmoreglue
                0x00000000080033fc       0x2c c:/st/stm32cubeide_1.11.0/stm32cubeide/plugins/com.st.stm32cube.ide.mcu.externaltools.gnu-tools-for-stm32.10.3-2021.10.win32_1.0.100.202210260954/tools/bin/../lib/gcc/arm-none-eabi/10.3.1/../../../../arm-none-eabi/lib/thumb/v7-m/nofp\libc_nano.a(lib_a-findfp.o)
                0x00000000080033fc                __sfmoreglue
 .text.__sfp_lock_acquire
                0x0000000008003428        0xc c:/st/stm32cubeide_1.11.0/stm32cubeide/plugins/com.st.stm32cube.ide.mcu.externaltools.gnu-tools-for-stm32.10.3-2021.10.win32_1.0.100.202210260954/tools/bin/../lib/gcc/arm-none-eabi/10.3.1/../../../../arm-none-eabi/lib/thumb/v7-m/nofp\libc_nano.a(lib_a-findfp.o)
                0x0000000008003428                __sfp_lock_acquire
 .text.__sfp_lock_release
                0x0000000008003434        0xc c:/st/stm32cubeide_1.11.0/stm32cubeide/plugins/com.st.stm32cube.ide.mcu.externaltools.gnu-tools-for-stm32.10.3-2021.10.win32_1.0.100.202210260954/tools/bin/../lib/gcc/arm-none-eabi/10.3.1/../../../../arm-none-eabi/lib/thumb/v7-m/nofp\libc_nano.a(lib_a-findfp.o)
                0x0000000008003434                __sfp_lock_release
 .text.__sinit_lock_acquire
                0x0000000008003440        0xc c:/st/stm32cubeide_1.11.0/stm32cubeide/plugins/com.st.stm32cube.ide.mcu.externaltools.gnu-tools-for-stm32.10.3-2021.10.win32_1.0.100.202210260954/tools/bin/../lib/gcc/arm-none-eabi/10.3.1/../../../../arm-none-eabi/lib/thumb/v7-m/nofp\libc_nano.a(lib_a-findfp.o)
                0x0000000008003440                __sinit_lock_acquire
 .text.__sinit_lock_release
                0x000000000800344c        0xc c:/st/stm32cubeide_1.11.0/stm32cubeide/plugins/com.st.stm32cube.ide.mcu.externaltools.gnu-tools-for-stm32.10.3-2021.10.win32_1.0.100.202210260954/tools/bin/../lib/gcc/arm-none-eabi/10.3.1/../../../../arm-none-eabi/lib/thumb/v7-m/nofp\libc_nano.a(lib_a-findfp.o)
                0x000000000800344c                __sinit_lock_release
 .text.__sinit  0x0000000008003458       0x70 c:/st/stm32cubeide_1.11.0/stm32cubeide/plugins/com.st.stm32cube.ide.mcu.externaltools.gnu-tools-for-stm32.10.3-2021.10.win32_1.0.100.202210260954/tools/bin/../lib/gcc/arm-none-eabi/10.3.1/../../../../arm-none-eabi/lib/thumb/v7-m/nofp\libc_nano.a(lib_a-findfp.o)
                0x0000000008003458                __sinit
 .text.__sfp    0x00000000080034c8       0x8c c:/st/stm32cubeide_1.11.0/stm32cubeide/plugins/com.st.stm32cube.ide.mcu.externaltools.gnu-tools-for-stm32.10.3-2021.10.win32_1.0.100.202210260954/tools/bin/../lib/gcc/arm-none-eabi/10.3.1/../../../../arm-none-eabi/lib/thumb/v7-m/nofp\libc_nano.a(lib_a-findfp.o)
                0x00000000080034c8                __sfp
 .text._fwalk_reent
                0x0000000008003554       0x3e c:/st/stm32cubeide_1.11.0/stm32cubeide/plugins/com.st.stm32cube.ide.mcu.externaltools.gnu-tools-for-stm32.10.3-2021.10.win32_1.0.100.202210260954/tools/bin/../lib/gcc/arm-none-eabi/10.3.1/../../../../arm-none-eabi/lib/thumb/v7-m/nofp\libc_nano.a(lib_a-fwalk.o)
                0x0000000008003554                _fwalk_reent
 .text.__retarget_lock_init_recursive
                0x0000000008003592        0x2 c:/st/stm32cubeide_1.11.0/stm32cubeide/plugins/com.st.stm32cube.ide.mcu.externaltools.gnu-tools-for-stm32.10.3-2021.10.win32_1.0.100.202210260954/tools/bin/../lib/gcc/arm-none-eabi/10.3.1/../../../../arm-none-eabi/lib/thumb/v7-m/nofp\libc_nano.a(lib_a-lock.o)
                0x0000000008003592                __retarget_lock_init_recursive
 .text.__retarget_lock_acquire_recursive
                0x0000000008003594        0x2 c:/st/stm32cubeide_1.11.0/stm32cubeide/plugins/com.st.stm32cube.ide.mcu.externaltools.gnu-tools-for-stm32.10.3-2021.10.win32_1.0.100.202210260954/tools/bin/../lib/gcc/arm-none-eabi/10.3.1/../../../../arm-none-eabi/lib/thumb/v7-m/nofp\libc_nano.a(lib_a-lock.o)
                0x0000000008003594                __retarget_lock_acquire_recursive
 .text.__retarget_lock_release_recursive
                0x0000000008003596        0x2 c:/st/stm32cubeide_1.11.0/stm32cubeide/plugins/com.st.stm32cube.ide.mcu.externaltools.gnu-tools-for-stm32.10.3-2021.10.win32_1.0.100.202210260954/tools/bin/../lib/gcc/arm-none-eabi/10.3.1/../../../../arm-none-eabi/lib/thumb/v7-m/nofp\libc_nano.a(lib_a-lock.o)
                0x0000000008003596                __retarget_lock_release_recursive
 .text.__swhatbuf_r
                0x0000000008003598       0x4a c:/st/stm32cubeide_1.11.0/stm32cubeide/plugins/com.st.stm32cube.ide.mcu.externaltools.gnu-tools-for-stm32.10.3-2021.10.win32_1.0.100.202210260954/tools/bin/../lib/gcc/arm-none-eabi/10.3.1/../../../../arm-none-eabi/lib/thumb/v7-m/nofp\libc_nano.a(lib_a-makebuf.o)
                0x0000000008003598                __swhatbuf_r
 *fill*         0x00000000080035e2        0x2 
 .text.__smakebuf_r
                0x00000000080035e4       0x80 c:/st/stm32cubeide_1.11.0/stm32cubeide/plugins/com.st.stm32cube.ide.mcu.externaltools.gnu-tools-for-stm32.10.3-2021.10.win32_1.0.100.202210260954/tools/bin/../lib/gcc/arm-none-eabi/10.3.1/../../../../arm-none-eabi/lib/thumb/v7-m/nofp\libc_nano.a(lib_a-makebuf.o)
                0x00000000080035e4                __smakebuf_r
 .text._free_r  0x0000000008003664       0x90 c:/st/stm32cubeide_1.11.0/stm32cubeide/plugins/com.st.stm32cube.ide.mcu.externaltools.gnu-tools-for-stm32.10.3-2021.10.win32_1.0.100.202210260954/tools/bin/../lib/gcc/arm-none-eabi/10.3.1/../../../../arm-none-eabi/lib/thumb/v7-m/nofp\libc_nano.a(lib_a-nano-freer.o)
                0x0000000008003664                _free_r
 .text.sbrk_aligned
                0x00000000080036f4       0x40 c:/st/stm32cubeide_1.11.0/stm32cubeide/plugins/com.st.stm32cube.ide.mcu.externaltools.gnu-tools-for-stm32.10.3-2021.10.win32_1.0.100.202210260954/tools/bin/../lib/gcc/arm-none-eabi/10.3.1/../../../../arm-none-eabi/lib/thumb/v7-m/nofp\libc_nano.a(lib_a-nano-mallocr.o)
 .text._malloc_r
                0x0000000008003734       0xe8 c:/st/stm32cubeide_1.11.0/stm32cubeide/plugins/com.st.stm32cube.ide.mcu.externaltools.gnu-tools-for-stm32.10.3-2021.10.win32_1.0.100.202210260954/tools/bin/../lib/gcc/arm-none-eabi/10.3.1/../../../../arm-none-eabi/lib/thumb/v7-m/nofp\libc_nano.a(lib_a-nano-mallocr.o)
                0x0000000008003734                _malloc_r
 .text.__sfputc_r
                0x000000000800381c       0x2a c:/st/stm32cubeide_1.11.0/stm32cubeide/plugins/com.st.stm32cube.ide.mcu.externaltools.gnu-tools-for-stm32.10.3-2021.10.win32_1.0.100.202210260954/tools/bin/../lib/gcc/arm-none-eabi/10.3.1/../../../../arm-none-eabi/lib/thumb/v7-m/nofp\libc_nano.a(lib_a-nano-vfprintf.o)
 .text.__sfputs_r
                0x0000000008003846       0x24 c:/st/stm32cubeide_1.11.0/stm32cubeide/plugins/com.st.stm32cube.ide.mcu.externaltools.gnu-tools-for-stm32.10.3-2021.10.win32_1.0.100.202210260954/tools/bin/../lib/gcc/arm-none-eabi/10.3.1/../../../../arm-none-eabi/lib/thumb/v7-m/nofp\libc_nano.a(lib_a-nano-vfprintf.o)
                0x0000000008003846                __sfputs_r
 *fill*         0x000000000800386a        0x2 
 .text._vfprintf_r
                0x000000000800386c      0x260 c:/st/stm32cubeide_1.11.0/stm32cubeide/plugins/com.st.stm32cube.ide.mcu.externaltools.gnu-tools-for-stm32.10.3-2021.10.win32_1.0.100.202210260954/tools/bin/../lib/gcc/arm-none-eabi/10.3.1/../../../../arm-none-eabi/lib/thumb/v7-m/nofp\libc_nano.a(lib_a-nano-vfprintf.o)
                0x000000000800386c                _vfprintf_r
                0x000000000800386c                _vfiprintf_r
 .text._printf_common
                0x0000000008003acc       0xde c:/st/stm32cubeide_1.11.0/stm32cubeide/plugins/com.st.stm32cube.ide.mcu.externaltools.gnu-tools-for-stm32.10.3-2021.10.win32_1.0.100.202210260954/tools/bin/../lib/gcc/arm-none-eabi/10.3.1/../../../../arm-none-eabi/lib/thumb/v7-m/nofp\libc_nano.a(lib_a-nano-vfprintf_i.o)
                0x0000000008003acc                _printf_common
 *fill*         0x0000000008003baa        0x2 
 .text._printf_i
                0x0000000008003bac      0x24c c:/st/stm32cubeide_1.11.0/stm32cubeide/plugins/com.st.stm32cube.ide.mcu.externaltools.gnu-tools-for-stm32.10.3-2021.10.win32_1.0.100.202210260954/tools/bin/../lib/gcc/arm-none-eabi/10.3.1/../../../../arm-none-eabi/lib/thumb/v7-m/nofp\libc_nano.a(lib_a-nano-vfprintf_i.o)
                0x0000000008003bac                _printf_i
 .text._sbrk_r  0x0000000008003df8       0x20 c:/st/stm32cubeide_1.11.0/stm32cubeide/plugins/com.st.stm32cube.ide.mcu.externaltools.gnu-tools-for-stm32.10.3-2021.10.win32_1.0.100.202210260954/tools/bin/../lib/gcc/arm-none-eabi/10.3.1/../../../../arm-none-eabi/lib/thumb/v7-m/nofp\libc_nano.a(lib_a-sbrkr.o)
                0x0000000008003df8                _sbrk_r
 .text.__sread  0x0000000008003e18       0x22 c:/st/stm32cubeide_1.11.0/stm32cubeide/plugins/com.st.stm32cube.ide.mcu.externaltools.gnu-tools-for-stm32.10.3-2021.10.win32_1.0.100.202210260954/tools/bin/../lib/gcc/arm-none-eabi/10.3.1/../../../../arm-none-eabi/lib/thumb/v7-m/nofp\libc_nano.a(lib_a-stdio.o)
                0x0000000008003e18                __sread
 .text.__swrite
                0x0000000008003e3a       0x38 c:/st/stm32cubeide_1.11.0/stm32cubeide/plugins/com.st.stm32cube.ide.mcu.externaltools.gnu-tools-for-stm32.10.3-2021.10.win32_1.0.100.202210260954/tools/bin/../lib/gcc/arm-none-eabi/10.3.1/../../../../arm-none-eabi/lib/thumb/v7-m/nofp\libc_nano.a(lib_a-stdio.o)
                0x0000000008003e3a                __swrite
 .text.__sseek  0x0000000008003e72       0x24 c:/st/stm32cubeide_1.11.0/stm32cubeide/plugins/com.st.stm32cube.ide.mcu.externaltools.gnu-tools-for-stm32.10.3-2021.10.win32_1.0.100.202210260954/tools/bin/../lib/gcc/arm-none-eabi/10.3.1/../../../../arm-none-eabi/lib/thumb/v7-m/nofp\libc_nano.a(lib_a-stdio.o)
                0x0000000008003e72                __sseek
 .text.__sclose
                0x0000000008003e96        0x8 c:/st/stm32cubeide_1.11.0/stm32cubeide/plugins/com.st.stm32cube.ide.mcu.externaltools.gnu-tools-for-stm32.10.3-2021.10.win32_1.0.100.202210260954/tools/bin/../lib/gcc/arm-none-eabi/10.3.1/../../../../arm-none-eabi/lib/thumb/v7-m/nofp\libc_nano.a(lib_a-stdio.o)
                0x0000000008003e96                __sclose
 *fill*         0x0000000008003e9e        0x2 
 .text._write_r
                0x0000000008003ea0       0x24 c:/st/stm32cubeide_1.11.0/stm32cubeide/plugins/com.st.stm32cube.ide.mcu.externaltools.gnu-tools-for-stm32.10.3-2021.10.win32_1.0.100.202210260954/tools/bin/../lib/gcc/arm-none-eabi/10.3.1/../../../../arm-none-eabi/lib/thumb/v7-m/nofp\libc_nano.a(lib_a-writer.o)
                0x0000000008003ea0                _write_r
 .text._close_r
                0x0000000008003ec4       0x20 c:/st/stm32cubeide_1.11.0/stm32cubeide/plugins/com.st.stm32cube.ide.mcu.externaltools.gnu-tools-for-stm32.10.3-2021.10.win32_1.0.100.202210260954/tools/bin/../lib/gcc/arm-none-eabi/10.3.1/../../../../arm-none-eabi/lib/thumb/v7-m/nofp\libc_nano.a(lib_a-closer.o)
                0x0000000008003ec4                _close_r
 .text._fstat_r
                0x0000000008003ee4       0x24 c:/st/stm32cubeide_1.11.0/stm32cubeide/plugins/com.st.stm32cube.ide.mcu.externaltools.gnu-tools-for-stm32.10.3-2021.10.win32_1.0.100.202210260954/tools/bin/../lib/gcc/arm-none-eabi/10.3.1/../../../../arm-none-eabi/lib/thumb/v7-m/nofp\libc_nano.a(lib_a-fstatr.o)
                0x0000000008003ee4                _fstat_r
 .text._isatty_r
                0x0000000008003f08       0x20 c:/st/stm32cubeide_1.11.0/stm32cubeide/plugins/com.st.stm32cube.ide.mcu.externaltools.gnu-tools-for-stm32.10.3-2021.10.win32_1.0.100.202210260954/tools/bin/../lib/gcc/arm-none-eabi/10.3.1/../../../../arm-none-eabi/lib/thumb/v7-m/nofp\libc_nano.a(lib_a-isattyr.o)
                0x0000000008003f08                _isatty_r
 .text._lseek_r
                0x0000000008003f28       0x24 c:/st/stm32cubeide_1.11.0/stm32cubeide/plugins/com.st.stm32cube.ide.mcu.externaltools.gnu-tools-for-stm32.10.3-2021.10.win32_1.0.100.202210260954/tools/bin/../lib/gcc/arm-none-eabi/10.3.1/../../../../arm-none-eabi/lib/thumb/v7-m/nofp\libc_nano.a(lib_a-lseekr.o)
                0x0000000008003f28                _lseek_r
 .text.memchr   0x0000000008003f4c       0x1c c:/st/stm32cubeide_1.11.0/stm32cubeide/plugins/com.st.stm32cube.ide.mcu.externaltools.gnu-tools-for-stm32.10.3-2021.10.win32_1.0.100.202210260954/tools/bin/../lib/gcc/arm-none-eabi/10.3.1/../../../../arm-none-eabi/lib/thumb/v7-m/nofp\libc_nano.a(lib_a-memchr-stub.o)
                0x0000000008003f4c                memchr
 .text.__malloc_lock
                0x0000000008003f68        0xc c:/st/stm32cubeide_1.11.0/stm32cubeide/plugins/com.st.stm32cube.ide.mcu.externaltools.gnu-tools-for-stm32.10.3-2021.10.win32_1.0.100.202210260954/tools/bin/../lib/gcc/arm-none-eabi/10.3.1/../../../../arm-none-eabi/lib/thumb/v7-m/nofp\libc_nano.a(lib_a-mlock.o)
                0x0000000008003f68                __malloc_lock
 .text.__malloc_unlock
                0x0000000008003f74        0xc c:/st/stm32cubeide_1.11.0/stm32cubeide/plugins/com.st.stm32cube.ide.mcu.externaltools.gnu-tools-for-stm32.10.3-2021.10.win32_1.0.100.202210260954/tools/bin/../lib/gcc/arm-none-eabi/10.3.1/../../../../arm-none-eabi/lib/thumb/v7-m/nofp\libc_nano.a(lib_a-mlock.o)
                0x0000000008003f74                __malloc_unlock
 .text._read_r  0x0000000008003f80       0x24 c:/st/stm32cubeide_1.11.0/stm32cubeide/plugins/com.st.stm32cube.ide.mcu.externaltools.gnu-tools-for-stm32.10.3-2021.10.win32_1.0.100.202210260954/tools/bin/../lib/gcc/arm-none-eabi/10.3.1/../../../../arm-none-eabi/lib/thumb/v7-m/nofp\libc_nano.a(lib_a-readr.o)
                0x0000000008003f80                _read_r
 *(.glue_7)
 .glue_7        0x0000000008003fa4        0x0 linker stubs
 *(.glue_7t)
 .glue_7t       0x0000000008003fa4        0x0 linker stubs
 *(.eh_frame)
 .eh_frame      0x0000000008003fa4        0x0 c:/st/stm32cubeide_1.11.0/stm32cubeide/plugins/com.st.stm32cube.ide.mcu.externaltools.gnu-tools-for-stm32.10.3-2021.10.win32_1.0.100.202210260954/tools/bin/../lib/gcc/arm-none-eabi/10.3.1/thumb/v7-m/nofp/crtbegin.o
 *(.init)
 .init          0x0000000008003fa4        0x4 c:/st/stm32cubeide_1.11.0/stm32cubeide/plugins/com.st.stm32cube.ide.mcu.externaltools.gnu-tools-for-stm32.10.3-2021.10.win32_1.0.100.202210260954/tools/bin/../lib/gcc/arm-none-eabi/10.3.1/thumb/v7-m/nofp/crti.o
                0x0000000008003fa4                _init
 .init          0x0000000008003fa8        0x8 c:/st/stm32cubeide_1.11.0/stm32cubeide/plugins/com.st.stm32cube.ide.mcu.externaltools.gnu-tools-for-stm32.10.3-2021.10.win32_1.0.100.202210260954/tools/bin/../lib/gcc/arm-none-eabi/10.3.1/thumb/v7-m/nofp/crtn.o
 *(.fini)
 .fini          0x0000000008003fb0        0x4 c:/st/stm32cubeide_1.11.0/stm32cubeide/plugins/com.st.stm32cube.ide.mcu.externaltools.gnu-tools-for-stm32.10.3-2021.10.win32_1.0.100.202210260954/tools/bin/../lib/gcc/arm-none-eabi/10.3.1/thumb/v7-m/nofp/crti.o
                0x0000000008003fb0                _fini
 .fini          0x0000000008003fb4        0x8 c:/st/stm32cubeide_1.11.0/stm32cubeide/plugins/com.st.stm32cube.ide.mcu.externaltools.gnu-tools-for-stm32.10.3-2021.10.win32_1.0.100.202210260954/tools/bin/../lib/gcc/arm-none-eabi/10.3.1/thumb/v7-m/nofp/crtn.o
                0x0000000008003fbc                . = ALIGN (0x4)
                0x0000000008003fbc                _etext = .

.vfp11_veneer   0x0000000008003fbc        0x0
 .vfp11_veneer  0x0000000008003fbc        0x0 linker stubs

.v4_bx          0x0000000008003fbc        0x0
 .v4_bx         0x0000000008003fbc        0x0 linker stubs

.iplt           0x0000000008003fbc        0x0
 .iplt          0x0000000008003fbc        0x0 c:/st/stm32cubeide_1.11.0/stm32cubeide/plugins/com.st.stm32cube.ide.mcu.externaltools.gnu-tools-for-stm32.10.3-2021.10.win32_1.0.100.202210260954/tools/bin/../lib/gcc/arm-none-eabi/10.3.1/thumb/v7-m/nofp/crtbegin.o

.rodata         0x0000000008003fbc      0x114
                0x0000000008003fbc                . = ALIGN (0x4)
 *(.rodata)
 .rodata        0x0000000008003fbc       0x57 ./Core/Src/wifi.o
 *(.rodata*)
 *fill*         0x0000000008004013        0x1 
 .rodata.PLLMulTable
                0x0000000008004014        0x9 ./Core/Src/system_stm32l1xx.o
                0x0000000008004014                PLLMulTable
 *fill*         0x000000000800401d        0x3 
 .rodata.AHBPrescTable
                0x0000000008004020       0x10 ./Core/Src/system_stm32l1xx.o
                0x0000000008004020                AHBPrescTable
 .rodata.APBPrescTable
                0x0000000008004030        0x8 ./Core/Src/system_stm32l1xx.o
                0x0000000008004030                APBPrescTable
 .rodata._global_impure_ptr
                0x0000000008004038        0x4 c:/st/stm32cubeide_1.11.0/stm32cubeide/plugins/com.st.stm32cube.ide.mcu.externaltools.gnu-tools-for-stm32.10.3-2021.10.win32_1.0.100.202210260954/tools/bin/../lib/gcc/arm-none-eabi/10.3.1/../../../../arm-none-eabi/lib/thumb/v7-m/nofp\libc_nano.a(lib_a-impure.o)
                0x0000000008004038                _global_impure_ptr
 .rodata.__sf_fake_stderr
                0x000000000800403c       0x20 c:/st/stm32cubeide_1.11.0/stm32cubeide/plugins/com.st.stm32cube.ide.mcu.externaltools.gnu-tools-for-stm32.10.3-2021.10.win32_1.0.100.202210260954/tools/bin/../lib/gcc/arm-none-eabi/10.3.1/../../../../arm-none-eabi/lib/thumb/v7-m/nofp\libc_nano.a(lib_a-findfp.o)
                0x000000000800403c                __sf_fake_stderr
 .rodata.__sf_fake_stdin
                0x000000000800405c       0x20 c:/st/stm32cubeide_1.11.0/stm32cubeide/plugins/com.st.stm32cube.ide.mcu.externaltools.gnu-tools-for-stm32.10.3-2021.10.win32_1.0.100.202210260954/tools/bin/../lib/gcc/arm-none-eabi/10.3.1/../../../../arm-none-eabi/lib/thumb/v7-m/nofp\libc_nano.a(lib_a-findfp.o)
                0x000000000800405c                __sf_fake_stdin
 .rodata.__sf_fake_stdout
                0x000000000800407c       0x20 c:/st/stm32cubeide_1.11.0/stm32cubeide/plugins/com.st.stm32cube.ide.mcu.externaltools.gnu-tools-for-stm32.10.3-2021.10.win32_1.0.100.202210260954/tools/bin/../lib/gcc/arm-none-eabi/10.3.1/../../../../arm-none-eabi/lib/thumb/v7-m/nofp\libc_nano.a(lib_a-findfp.o)
                0x000000000800407c                __sf_fake_stdout
 .rodata._vfprintf_r.str1.1
                0x000000000800409c       0x11 c:/st/stm32cubeide_1.11.0/stm32cubeide/plugins/com.st.stm32cube.ide.mcu.externaltools.gnu-tools-for-stm32.10.3-2021.10.win32_1.0.100.202210260954/tools/bin/../lib/gcc/arm-none-eabi/10.3.1/../../../../arm-none-eabi/lib/thumb/v7-m/nofp\libc_nano.a(lib_a-nano-vfprintf.o)
 .rodata._printf_i.str1.1
                0x00000000080040ad       0x22 c:/st/stm32cubeide_1.11.0/stm32cubeide/plugins/com.st.stm32cube.ide.mcu.externaltools.gnu-tools-for-stm32.10.3-2021.10.win32_1.0.100.202210260954/tools/bin/../lib/gcc/arm-none-eabi/10.3.1/../../../../arm-none-eabi/lib/thumb/v7-m/nofp\libc_nano.a(lib_a-nano-vfprintf_i.o)
                0x00000000080040d0                . = ALIGN (0x4)
 *fill*         0x00000000080040cf        0x1 

.ARM.extab      0x00000000080040d0        0x0
                0x00000000080040d0                . = ALIGN (0x4)
 *(.ARM.extab* .gnu.linkonce.armextab.*)
                0x00000000080040d0                . = ALIGN (0x4)

.ARM            0x00000000080040d0        0x8
                0x00000000080040d0                . = ALIGN (0x4)
                0x00000000080040d0                __exidx_start = .
 *(.ARM.exidx*)
 .ARM.exidx     0x00000000080040d0        0x8 c:/st/stm32cubeide_1.11.0/stm32cubeide/plugins/com.st.stm32cube.ide.mcu.externaltools.gnu-tools-for-stm32.10.3-2021.10.win32_1.0.100.202210260954/tools/bin/../lib/gcc/arm-none-eabi/10.3.1/thumb/v7-m/nofp\libgcc.a(_udivmoddi4.o)
                0x00000000080040d8                __exidx_end = .
                0x00000000080040d8                . = ALIGN (0x4)

.rel.dyn        0x00000000080040d8        0x0
 .rel.iplt      0x00000000080040d8        0x0 c:/st/stm32cubeide_1.11.0/stm32cubeide/plugins/com.st.stm32cube.ide.mcu.externaltools.gnu-tools-for-stm32.10.3-2021.10.win32_1.0.100.202210260954/tools/bin/../lib/gcc/arm-none-eabi/10.3.1/thumb/v7-m/nofp/crtbegin.o

.preinit_array  0x00000000080040d8        0x0
                0x00000000080040d8                . = ALIGN (0x4)
                0x00000000080040d8                PROVIDE (__preinit_array_start = .)
 *(.preinit_array*)
                0x00000000080040d8                PROVIDE (__preinit_array_end = .)
                0x00000000080040d8                . = ALIGN (0x4)

.init_array     0x00000000080040d8        0x4
                0x00000000080040d8                . = ALIGN (0x4)
                0x00000000080040d8                PROVIDE (__init_array_start = .)
 *(SORT_BY_NAME(.init_array.*))
 *(.init_array*)
 .init_array    0x00000000080040d8        0x4 c:/st/stm32cubeide_1.11.0/stm32cubeide/plugins/com.st.stm32cube.ide.mcu.externaltools.gnu-tools-for-stm32.10.3-2021.10.win32_1.0.100.202210260954/tools/bin/../lib/gcc/arm-none-eabi/10.3.1/thumb/v7-m/nofp/crtbegin.o
                0x00000000080040dc                PROVIDE (__init_array_end = .)
                0x00000000080040dc                . = ALIGN (0x4)

.fini_array     0x00000000080040dc        0x4
                0x00000000080040dc                . = ALIGN (0x4)
                [!provide]                        PROVIDE (__fini_array_start = .)
 *(SORT_BY_NAME(.fini_array.*))
 *(.fini_array*)
 .fini_array    0x00000000080040dc        0x4 c:/st/stm32cubeide_1.11.0/stm32cubeide/plugins/com.st.stm32cube.ide.mcu.externaltools.gnu-tools-for-stm32.10.3-2021.10.win32_1.0.100.202210260954/tools/bin/../lib/gcc/arm-none-eabi/10.3.1/thumb/v7-m/nofp/crtbegin.o
                [!provide]                        PROVIDE (__fini_array_end = .)
                0x00000000080040e0                . = ALIGN (0x4)
                0x00000000080040e0                _sidata = LOADADDR (.data)

.data           0x0000000020000000       0xe8 load address 0x00000000080040e0
                0x0000000020000000                . = ALIGN (0x4)
                0x0000000020000000                _sdata = .
 *(.data)
 *(.data*)
 .data.SystemCoreClock
                0x0000000020000000        0x4 ./Core/Src/system_stm32l1xx.o
                0x0000000020000000                SystemCoreClock
 .data.apConnect
                0x0000000020000004       0x28 ./Core/Src/wifi.o
                0x0000000020000004                apConnect
 .data.cwMode   0x000000002000002c       0x10 ./Core/Src/wifi.o
                0x000000002000002c                cwMode
 .data.cipStart
                0x000000002000003c       0x30 ./Core/Src/wifi.o
                0x000000002000003c                cipStart
 .data.cipClose
                0x000000002000006c       0x10 ./Core/Src/wifi.o
                0x000000002000006c                cipClose
 .data.uwTickPrio
                0x000000002000007c        0x4 ./Drivers/STM32L1xx_HAL_Driver/Src/stm32l1xx_hal.o
                0x000000002000007c                uwTickPrio
 .data.uwTickFreq
                0x0000000020000080        0x4 ./Drivers/STM32L1xx_HAL_Driver/Src/stm32l1xx_hal.o
                0x0000000020000080                uwTickFreq
 .data._impure_ptr
                0x0000000020000084        0x4 c:/st/stm32cubeide_1.11.0/stm32cubeide/plugins/com.st.stm32cube.ide.mcu.externaltools.gnu-tools-for-stm32.10.3-2021.10.win32_1.0.100.202210260954/tools/bin/../lib/gcc/arm-none-eabi/10.3.1/../../../../arm-none-eabi/lib/thumb/v7-m/nofp\libc_nano.a(lib_a-impure.o)
                0x0000000020000084                _impure_ptr
 .data.impure_data
                0x0000000020000088       0x60 c:/st/stm32cubeide_1.11.0/stm32cubeide/plugins/com.st.stm32cube.ide.mcu.externaltools.gnu-tools-for-stm32.10.3-2021.10.win32_1.0.100.202210260954/tools/bin/../lib/gcc/arm-none-eabi/10.3.1/../../../../arm-none-eabi/lib/thumb/v7-m/nofp\libc_nano.a(lib_a-impure.o)
 *(.RamFunc)
 *(.RamFunc*)
                0x00000000200000e8                . = ALIGN (0x4)
                0x00000000200000e8                _edata = .

.igot.plt       0x00000000200000e8        0x0 load address 0x00000000080041c8
 .igot.plt      0x00000000200000e8        0x0 c:/st/stm32cubeide_1.11.0/stm32cubeide/plugins/com.st.stm32cube.ide.mcu.externaltools.gnu-tools-for-stm32.10.3-2021.10.win32_1.0.100.202210260954/tools/bin/../lib/gcc/arm-none-eabi/10.3.1/thumb/v7-m/nofp/crtbegin.o
                0x00000000200000e8                . = ALIGN (0x4)

.bss            0x00000000200000e8      0x124 load address 0x00000000080041c8
                0x00000000200000e8                _sbss = .
                0x00000000200000e8                __bss_start__ = _sbss
 *(.bss)
 .bss           0x00000000200000e8       0x1c c:/st/stm32cubeide_1.11.0/stm32cubeide/plugins/com.st.stm32cube.ide.mcu.externaltools.gnu-tools-for-stm32.10.3-2021.10.win32_1.0.100.202210260954/tools/bin/../lib/gcc/arm-none-eabi/10.3.1/thumb/v7-m/nofp/crtbegin.o
 *(.bss*)
 .bss.htim2     0x0000000020000104       0x40 ./Core/Src/stm32l1xx_hal_timebase_tim.o
                0x0000000020000104                htim2
 .bss.__sbrk_heap_end
                0x0000000020000144        0x4 ./Core/Src/sysmem.o
 .bss.huart1    0x0000000020000148       0x44 ./Core/Src/usart.o
                0x0000000020000148                huart1
 .bss.huart2    0x000000002000018c       0x44 ./Core/Src/usart.o
                0x000000002000018c                huart2
 .bss.rxBuffer  0x00000000200001d0       0x28 ./Core/Src/wifi.o
                0x00000000200001d0                rxBuffer
 .bss.uwTick    0x00000000200001f8        0x4 ./Drivers/STM32L1xx_HAL_Driver/Src/stm32l1xx_hal.o
                0x00000000200001f8                uwTick
 .bss.__lock___malloc_recursive_mutex
                0x00000000200001fc        0x1 c:/st/stm32cubeide_1.11.0/stm32cubeide/plugins/com.st.stm32cube.ide.mcu.externaltools.gnu-tools-for-stm32.10.3-2021.10.win32_1.0.100.202210260954/tools/bin/../lib/gcc/arm-none-eabi/10.3.1/../../../../arm-none-eabi/lib/thumb/v7-m/nofp\libc_nano.a(lib_a-lock.o)
                0x00000000200001fc                __lock___malloc_recursive_mutex
 .bss.__lock___sfp_recursive_mutex
                0x00000000200001fd        0x1 c:/st/stm32cubeide_1.11.0/stm32cubeide/plugins/com.st.stm32cube.ide.mcu.externaltools.gnu-tools-for-stm32.10.3-2021.10.win32_1.0.100.202210260954/tools/bin/../lib/gcc/arm-none-eabi/10.3.1/../../../../arm-none-eabi/lib/thumb/v7-m/nofp\libc_nano.a(lib_a-lock.o)
                0x00000000200001fd                __lock___sfp_recursive_mutex
 .bss.__lock___sinit_recursive_mutex
                0x00000000200001fe        0x1 c:/st/stm32cubeide_1.11.0/stm32cubeide/plugins/com.st.stm32cube.ide.mcu.externaltools.gnu-tools-for-stm32.10.3-2021.10.win32_1.0.100.202210260954/tools/bin/../lib/gcc/arm-none-eabi/10.3.1/../../../../arm-none-eabi/lib/thumb/v7-m/nofp\libc_nano.a(lib_a-lock.o)
                0x00000000200001fe                __lock___sinit_recursive_mutex
 *fill*         0x00000000200001ff        0x1 
 .bss.__malloc_free_list
                0x0000000020000200        0x4 c:/st/stm32cubeide_1.11.0/stm32cubeide/plugins/com.st.stm32cube.ide.mcu.externaltools.gnu-tools-for-stm32.10.3-2021.10.win32_1.0.100.202210260954/tools/bin/../lib/gcc/arm-none-eabi/10.3.1/../../../../arm-none-eabi/lib/thumb/v7-m/nofp\libc_nano.a(lib_a-nano-mallocr.o)
                0x0000000020000200                __malloc_free_list
 .bss.__malloc_sbrk_start
                0x0000000020000204        0x4 c:/st/stm32cubeide_1.11.0/stm32cubeide/plugins/com.st.stm32cube.ide.mcu.externaltools.gnu-tools-for-stm32.10.3-2021.10.win32_1.0.100.202210260954/tools/bin/../lib/gcc/arm-none-eabi/10.3.1/../../../../arm-none-eabi/lib/thumb/v7-m/nofp\libc_nano.a(lib_a-nano-mallocr.o)
                0x0000000020000204                __malloc_sbrk_start
 .bss.errno     0x0000000020000208        0x4 c:/st/stm32cubeide_1.11.0/stm32cubeide/plugins/com.st.stm32cube.ide.mcu.externaltools.gnu-tools-for-stm32.10.3-2021.10.win32_1.0.100.202210260954/tools/bin/../lib/gcc/arm-none-eabi/10.3.1/../../../../arm-none-eabi/lib/thumb/v7-m/nofp\libc_nano.a(lib_a-reent.o)
                0x0000000020000208                errno
 *(COMMON)
                0x000000002000020c                . = ALIGN (0x4)
                0x000000002000020c                _ebss = .
                0x000000002000020c                __bss_end__ = _ebss

._user_heap_stack
                0x000000002000020c      0x604 load address 0x00000000080041c8
                0x0000000020000210                . = ALIGN (0x8)
 *fill*         0x000000002000020c        0x4 
                [!provide]                        PROVIDE (end = .)
                0x0000000020000210                PROVIDE (_end = .)
                0x0000000020000410                . = (. + _Min_Heap_Size)
 *fill*         0x0000000020000210      0x200 
                0x0000000020000810                . = (. + _Min_Stack_Size)
 *fill*         0x0000000020000410      0x400 
                0x0000000020000810                . = ALIGN (0x8)

/DISCARD/
 libc.a(*)
 libm.a(*)
 libgcc.a(*)

.ARM.attributes
                0x0000000000000000       0x29
 *(.ARM.attributes)
 .ARM.attributes
                0x0000000000000000       0x1d c:/st/stm32cubeide_1.11.0/stm32cubeide/plugins/com.st.stm32cube.ide.mcu.externaltools.gnu-tools-for-stm32.10.3-2021.10.win32_1.0.100.202210260954/tools/bin/../lib/gcc/arm-none-eabi/10.3.1/thumb/v7-m/nofp/crti.o
 .ARM.attributes
                0x000000000000001d       0x2d c:/st/stm32cubeide_1.11.0/stm32cubeide/plugins/com.st.stm32cube.ide.mcu.externaltools.gnu-tools-for-stm32.10.3-2021.10.win32_1.0.100.202210260954/tools/bin/../lib/gcc/arm-none-eabi/10.3.1/thumb/v7-m/nofp/crtbegin.o
 .ARM.attributes
                0x000000000000004a       0x2d ./Core/Src/gpio.o
 .ARM.attributes
                0x0000000000000077       0x2d ./Core/Src/main.o
 .ARM.attributes
                0x00000000000000a4       0x2d ./Core/Src/stm32l1xx_hal_msp.o
 .ARM.attributes
                0x00000000000000d1       0x2d ./Core/Src/stm32l1xx_hal_timebase_tim.o
 .ARM.attributes
                0x00000000000000fe       0x2d ./Core/Src/stm32l1xx_it.o
 .ARM.attributes
                0x000000000000012b       0x2d ./Core/Src/syscalls.o
 .ARM.attributes
                0x0000000000000158       0x2d ./Core/Src/sysmem.o
 .ARM.attributes
                0x0000000000000185       0x2d ./Core/Src/system_stm32l1xx.o
 .ARM.attributes
                0x00000000000001b2       0x2d ./Core/Src/usart.o
 .ARM.attributes
                0x00000000000001df       0x2d ./Core/Src/wifi.o
 .ARM.attributes
                0x000000000000020c       0x21 ./Core/Startup/startup_stm32l152retx.o
 .ARM.attributes
                0x000000000000022d       0x2d ./Drivers/STM32L1xx_HAL_Driver/Src/stm32l1xx_hal.o
 .ARM.attributes
                0x000000000000025a       0x2d ./Drivers/STM32L1xx_HAL_Driver/Src/stm32l1xx_hal_cortex.o
 .ARM.attributes
                0x0000000000000287       0x2d ./Drivers/STM32L1xx_HAL_Driver/Src/stm32l1xx_hal_dma.o
 .ARM.attributes
                0x00000000000002b4       0x2d ./Drivers/STM32L1xx_HAL_Driver/Src/stm32l1xx_hal_gpio.o
 .ARM.attributes
                0x00000000000002e1       0x2d ./Drivers/STM32L1xx_HAL_Driver/Src/stm32l1xx_hal_rcc.o
 .ARM.attributes
                0x000000000000030e       0x2d ./Drivers/STM32L1xx_HAL_Driver/Src/stm32l1xx_hal_tim.o
 .ARM.attributes
                0x000000000000033b       0x2d ./Drivers/STM32L1xx_HAL_Driver/Src/stm32l1xx_hal_uart.o
 .ARM.attributes
                0x0000000000000368       0x2d c:/st/stm32cubeide_1.11.0/stm32cubeide/plugins/com.st.stm32cube.ide.mcu.externaltools.gnu-tools-for-stm32.10.3-2021.10.win32_1.0.100.202210260954/tools/bin/../lib/gcc/arm-none-eabi/10.3.1/../../../../arm-none-eabi/lib/thumb/v7-m/nofp\libc_nano.a(lib_a-errno.o)
 .ARM.attributes
                0x0000000000000395       0x2d c:/st/stm32cubeide_1.11.0/stm32cubeide/plugins/com.st.stm32cube.ide.mcu.externaltools.gnu-tools-for-stm32.10.3-2021.10.win32_1.0.100.202210260954/tools/bin/../lib/gcc/arm-none-eabi/10.3.1/../../../../arm-none-eabi/lib/thumb/v7-m/nofp\libc_nano.a(lib_a-impure.o)
 .ARM.attributes
                0x00000000000003c2       0x2d c:/st/stm32cubeide_1.11.0/stm32cubeide/plugins/com.st.stm32cube.ide.mcu.externaltools.gnu-tools-for-stm32.10.3-2021.10.win32_1.0.100.202210260954/tools/bin/../lib/gcc/arm-none-eabi/10.3.1/../../../../arm-none-eabi/lib/thumb/v7-m/nofp\libc_nano.a(lib_a-init.o)
 .ARM.attributes
                0x00000000000003ef       0x2d c:/st/stm32cubeide_1.11.0/stm32cubeide/plugins/com.st.stm32cube.ide.mcu.externaltools.gnu-tools-for-stm32.10.3-2021.10.win32_1.0.100.202210260954/tools/bin/../lib/gcc/arm-none-eabi/10.3.1/../../../../arm-none-eabi/lib/thumb/v7-m/nofp\libc_nano.a(lib_a-memset.o)
 .ARM.attributes
                0x000000000000041c       0x2d c:/st/stm32cubeide_1.11.0/stm32cubeide/plugins/com.st.stm32cube.ide.mcu.externaltools.gnu-tools-for-stm32.10.3-2021.10.win32_1.0.100.202210260954/tools/bin/../lib/gcc/arm-none-eabi/10.3.1/../../../../arm-none-eabi/lib/thumb/v7-m/nofp\libc_nano.a(lib_a-printf.o)
 .ARM.attributes
                0x0000000000000449       0x2d c:/st/stm32cubeide_1.11.0/stm32cubeide/plugins/com.st.stm32cube.ide.mcu.externaltools.gnu-tools-for-stm32.10.3-2021.10.win32_1.0.100.202210260954/tools/bin/../lib/gcc/arm-none-eabi/10.3.1/../../../../arm-none-eabi/lib/thumb/v7-m/nofp\libc_nano.a(lib_a-puts.o)
 .ARM.attributes
                0x0000000000000476       0x17 c:/st/stm32cubeide_1.11.0/stm32cubeide/plugins/com.st.stm32cube.ide.mcu.externaltools.gnu-tools-for-stm32.10.3-2021.10.win32_1.0.100.202210260954/tools/bin/../lib/gcc/arm-none-eabi/10.3.1/../../../../arm-none-eabi/lib/thumb/v7-m/nofp\libc_nano.a(lib_a-strlen.o)
 .ARM.attributes
                0x000000000000048d       0x2d c:/st/stm32cubeide_1.11.0/stm32cubeide/plugins/com.st.stm32cube.ide.mcu.externaltools.gnu-tools-for-stm32.10.3-2021.10.win32_1.0.100.202210260954/tools/bin/../lib/gcc/arm-none-eabi/10.3.1/../../../../arm-none-eabi/lib/thumb/v7-m/nofp\libc_nano.a(lib_a-strstr.o)
 .ARM.attributes
                0x00000000000004ba       0x2d c:/st/stm32cubeide_1.11.0/stm32cubeide/plugins/com.st.stm32cube.ide.mcu.externaltools.gnu-tools-for-stm32.10.3-2021.10.win32_1.0.100.202210260954/tools/bin/../lib/gcc/arm-none-eabi/10.3.1/../../../../arm-none-eabi/lib/thumb/v7-m/nofp\libc_nano.a(lib_a-wbuf.o)
 .ARM.attributes
                0x00000000000004e7       0x2d c:/st/stm32cubeide_1.11.0/stm32cubeide/plugins/com.st.stm32cube.ide.mcu.externaltools.gnu-tools-for-stm32.10.3-2021.10.win32_1.0.100.202210260954/tools/bin/../lib/gcc/arm-none-eabi/10.3.1/../../../../arm-none-eabi/lib/thumb/v7-m/nofp\libc_nano.a(lib_a-wsetup.o)
 .ARM.attributes
                0x0000000000000514       0x2d c:/st/stm32cubeide_1.11.0/stm32cubeide/plugins/com.st.stm32cube.ide.mcu.externaltools.gnu-tools-for-stm32.10.3-2021.10.win32_1.0.100.202210260954/tools/bin/../lib/gcc/arm-none-eabi/10.3.1/../../../../arm-none-eabi/lib/thumb/v7-m/nofp\libc_nano.a(lib_a-fflush.o)
 .ARM.attributes
                0x0000000000000541       0x2d c:/st/stm32cubeide_1.11.0/stm32cubeide/plugins/com.st.stm32cube.ide.mcu.externaltools.gnu-tools-for-stm32.10.3-2021.10.win32_1.0.100.202210260954/tools/bin/../lib/gcc/arm-none-eabi/10.3.1/../../../../arm-none-eabi/lib/thumb/v7-m/nofp\libc_nano.a(lib_a-findfp.o)
 .ARM.attributes
                0x000000000000056e       0x2d c:/st/stm32cubeide_1.11.0/stm32cubeide/plugins/com.st.stm32cube.ide.mcu.externaltools.gnu-tools-for-stm32.10.3-2021.10.win32_1.0.100.202210260954/tools/bin/../lib/gcc/arm-none-eabi/10.3.1/../../../../arm-none-eabi/lib/thumb/v7-m/nofp\libc_nano.a(lib_a-fwalk.o)
 .ARM.attributes
                0x000000000000059b       0x2d c:/st/stm32cubeide_1.11.0/stm32cubeide/plugins/com.st.stm32cube.ide.mcu.externaltools.gnu-tools-for-stm32.10.3-2021.10.win32_1.0.100.202210260954/tools/bin/../lib/gcc/arm-none-eabi/10.3.1/../../../../arm-none-eabi/lib/thumb/v7-m/nofp\libc_nano.a(lib_a-lock.o)
 .ARM.attributes
                0x00000000000005c8       0x2d c:/st/stm32cubeide_1.11.0/stm32cubeide/plugins/com.st.stm32cube.ide.mcu.externaltools.gnu-tools-for-stm32.10.3-2021.10.win32_1.0.100.202210260954/tools/bin/../lib/gcc/arm-none-eabi/10.3.1/../../../../arm-none-eabi/lib/thumb/v7-m/nofp\libc_nano.a(lib_a-makebuf.o)
 .ARM.attributes
                0x00000000000005f5       0x2d c:/st/stm32cubeide_1.11.0/stm32cubeide/plugins/com.st.stm32cube.ide.mcu.externaltools.gnu-tools-for-stm32.10.3-2021.10.win32_1.0.100.202210260954/tools/bin/../lib/gcc/arm-none-eabi/10.3.1/../../../../arm-none-eabi/lib/thumb/v7-m/nofp\libc_nano.a(lib_a-nano-freer.o)
 .ARM.attributes
                0x0000000000000622       0x2d c:/st/stm32cubeide_1.11.0/stm32cubeide/plugins/com.st.stm32cube.ide.mcu.externaltools.gnu-tools-for-stm32.10.3-2021.10.win32_1.0.100.202210260954/tools/bin/../lib/gcc/arm-none-eabi/10.3.1/../../../../arm-none-eabi/lib/thumb/v7-m/nofp\libc_nano.a(lib_a-nano-mallocr.o)
 .ARM.attributes
                0x000000000000064f       0x2d c:/st/stm32cubeide_1.11.0/stm32cubeide/plugins/com.st.stm32cube.ide.mcu.externaltools.gnu-tools-for-stm32.10.3-2021.10.win32_1.0.100.202210260954/tools/bin/../lib/gcc/arm-none-eabi/10.3.1/../../../../arm-none-eabi/lib/thumb/v7-m/nofp\libc_nano.a(lib_a-nano-vfprintf.o)
 .ARM.attributes
                0x000000000000067c       0x2d c:/st/stm32cubeide_1.11.0/stm32cubeide/plugins/com.st.stm32cube.ide.mcu.externaltools.gnu-tools-for-stm32.10.3-2021.10.win32_1.0.100.202210260954/tools/bin/../lib/gcc/arm-none-eabi/10.3.1/../../../../arm-none-eabi/lib/thumb/v7-m/nofp\libc_nano.a(lib_a-nano-vfprintf_i.o)
 .ARM.attributes
                0x00000000000006a9       0x2d c:/st/stm32cubeide_1.11.0/stm32cubeide/plugins/com.st.stm32cube.ide.mcu.externaltools.gnu-tools-for-stm32.10.3-2021.10.win32_1.0.100.202210260954/tools/bin/../lib/gcc/arm-none-eabi/10.3.1/../../../../arm-none-eabi/lib/thumb/v7-m/nofp\libc_nano.a(lib_a-sbrkr.o)
 .ARM.attributes
                0x00000000000006d6       0x2d c:/st/stm32cubeide_1.11.0/stm32cubeide/plugins/com.st.stm32cube.ide.mcu.externaltools.gnu-tools-for-stm32.10.3-2021.10.win32_1.0.100.202210260954/tools/bin/../lib/gcc/arm-none-eabi/10.3.1/../../../../arm-none-eabi/lib/thumb/v7-m/nofp\libc_nano.a(lib_a-stdio.o)
 .ARM.attributes
                0x0000000000000703       0x2d c:/st/stm32cubeide_1.11.0/stm32cubeide/plugins/com.st.stm32cube.ide.mcu.externaltools.gnu-tools-for-stm32.10.3-2021.10.win32_1.0.100.202210260954/tools/bin/../lib/gcc/arm-none-eabi/10.3.1/../../../../arm-none-eabi/lib/thumb/v7-m/nofp\libc_nano.a(lib_a-writer.o)
 .ARM.attributes
                0x0000000000000730       0x2d c:/st/stm32cubeide_1.11.0/stm32cubeide/plugins/com.st.stm32cube.ide.mcu.externaltools.gnu-tools-for-stm32.10.3-2021.10.win32_1.0.100.202210260954/tools/bin/../lib/gcc/arm-none-eabi/10.3.1/../../../../arm-none-eabi/lib/thumb/v7-m/nofp\libc_nano.a(lib_a-closer.o)
 .ARM.attributes
                0x000000000000075d       0x2d c:/st/stm32cubeide_1.11.0/stm32cubeide/plugins/com.st.stm32cube.ide.mcu.externaltools.gnu-tools-for-stm32.10.3-2021.10.win32_1.0.100.202210260954/tools/bin/../lib/gcc/arm-none-eabi/10.3.1/../../../../arm-none-eabi/lib/thumb/v7-m/nofp\libc_nano.a(lib_a-fstatr.o)
 .ARM.attributes
                0x000000000000078a       0x2d c:/st/stm32cubeide_1.11.0/stm32cubeide/plugins/com.st.stm32cube.ide.mcu.externaltools.gnu-tools-for-stm32.10.3-2021.10.win32_1.0.100.202210260954/tools/bin/../lib/gcc/arm-none-eabi/10.3.1/../../../../arm-none-eabi/lib/thumb/v7-m/nofp\libc_nano.a(lib_a-isattyr.o)
 .ARM.attributes
                0x00000000000007b7       0x2d c:/st/stm32cubeide_1.11.0/stm32cubeide/plugins/com.st.stm32cube.ide.mcu.externaltools.gnu-tools-for-stm32.10.3-2021.10.win32_1.0.100.202210260954/tools/bin/../lib/gcc/arm-none-eabi/10.3.1/../../../../arm-none-eabi/lib/thumb/v7-m/nofp\libc_nano.a(lib_a-lseekr.o)
 .ARM.attributes
                0x00000000000007e4       0x2d c:/st/stm32cubeide_1.11.0/stm32cubeide/plugins/com.st.stm32cube.ide.mcu.externaltools.gnu-tools-for-stm32.10.3-2021.10.win32_1.0.100.202210260954/tools/bin/../lib/gcc/arm-none-eabi/10.3.1/../../../../arm-none-eabi/lib/thumb/v7-m/nofp\libc_nano.a(lib_a-memchr-stub.o)
 .ARM.attributes
                0x0000000000000811       0x2d c:/st/stm32cubeide_1.11.0/stm32cubeide/plugins/com.st.stm32cube.ide.mcu.externaltools.gnu-tools-for-stm32.10.3-2021.10.win32_1.0.100.202210260954/tools/bin/../lib/gcc/arm-none-eabi/10.3.1/../../../../arm-none-eabi/lib/thumb/v7-m/nofp\libc_nano.a(lib_a-mlock.o)
 .ARM.attributes
                0x000000000000083e       0x2d c:/st/stm32cubeide_1.11.0/stm32cubeide/plugins/com.st.stm32cube.ide.mcu.externaltools.gnu-tools-for-stm32.10.3-2021.10.win32_1.0.100.202210260954/tools/bin/../lib/gcc/arm-none-eabi/10.3.1/../../../../arm-none-eabi/lib/thumb/v7-m/nofp\libc_nano.a(lib_a-readr.o)
 .ARM.attributes
                0x000000000000086b       0x2d c:/st/stm32cubeide_1.11.0/stm32cubeide/plugins/com.st.stm32cube.ide.mcu.externaltools.gnu-tools-for-stm32.10.3-2021.10.win32_1.0.100.202210260954/tools/bin/../lib/gcc/arm-none-eabi/10.3.1/../../../../arm-none-eabi/lib/thumb/v7-m/nofp\libc_nano.a(lib_a-reent.o)
 .ARM.attributes
                0x0000000000000898       0x1d c:/st/stm32cubeide_1.11.0/stm32cubeide/plugins/com.st.stm32cube.ide.mcu.externaltools.gnu-tools-for-stm32.10.3-2021.10.win32_1.0.100.202210260954/tools/bin/../lib/gcc/arm-none-eabi/10.3.1/thumb/v7-m/nofp\libgcc.a(_aeabi_uldivmod.o)
 .ARM.attributes
                0x00000000000008b5       0x2d c:/st/stm32cubeide_1.11.0/stm32cubeide/plugins/com.st.stm32cube.ide.mcu.externaltools.gnu-tools-for-stm32.10.3-2021.10.win32_1.0.100.202210260954/tools/bin/../lib/gcc/arm-none-eabi/10.3.1/thumb/v7-m/nofp\libgcc.a(_udivmoddi4.o)
 .ARM.attributes
                0x00000000000008e2       0x1d c:/st/stm32cubeide_1.11.0/stm32cubeide/plugins/com.st.stm32cube.ide.mcu.externaltools.gnu-tools-for-stm32.10.3-2021.10.win32_1.0.100.202210260954/tools/bin/../lib/gcc/arm-none-eabi/10.3.1/thumb/v7-m/nofp\libgcc.a(_dvmd_tls.o)
 .ARM.attributes
                0x00000000000008ff       0x1d c:/st/stm32cubeide_1.11.0/stm32cubeide/plugins/com.st.stm32cube.ide.mcu.externaltools.gnu-tools-for-stm32.10.3-2021.10.win32_1.0.100.202210260954/tools/bin/../lib/gcc/arm-none-eabi/10.3.1/thumb/v7-m/nofp/crtn.o
OUTPUT(Test_Wifi_04.elf elf32-littlearm)
LOAD linker stubs
LOAD c:/st/stm32cubeide_1.11.0/stm32cubeide/plugins/com.st.stm32cube.ide.mcu.externaltools.gnu-tools-for-stm32.10.3-2021.10.win32_1.0.100.202210260954/tools/bin/../lib/gcc/arm-none-eabi/10.3.1/../../../../arm-none-eabi/lib/thumb/v7-m/nofp\libc.a
LOAD c:/st/stm32cubeide_1.11.0/stm32cubeide/plugins/com.st.stm32cube.ide.mcu.externaltools.gnu-tools-for-stm32.10.3-2021.10.win32_1.0.100.202210260954/tools/bin/../lib/gcc/arm-none-eabi/10.3.1/../../../../arm-none-eabi/lib/thumb/v7-m/nofp\libm.a
LOAD c:/st/stm32cubeide_1.11.0/stm32cubeide/plugins/com.st.stm32cube.ide.mcu.externaltools.gnu-tools-for-stm32.10.3-2021.10.win32_1.0.100.202210260954/tools/bin/../lib/gcc/arm-none-eabi/10.3.1/thumb/v7-m/nofp\libgcc.a

.debug_info     0x0000000000000000     0xac63
 .debug_info    0x0000000000000000      0x391 ./Core/Src/gpio.o
 .debug_info    0x0000000000000391      0xbd7 ./Core/Src/main.o
 .debug_info    0x0000000000000f68      0x1d5 ./Core/Src/stm32l1xx_hal_msp.o
 .debug_info    0x000000000000113d      0xa64 ./Core/Src/stm32l1xx_hal_timebase_tim.o
 .debug_info    0x0000000000001ba1      0x964 ./Core/Src/stm32l1xx_it.o
 .debug_info    0x0000000000002505      0x6e0 ./Core/Src/syscalls.o
 .debug_info    0x0000000000002be5      0x171 ./Core/Src/sysmem.o
 .debug_info    0x0000000000002d56      0x2a7 ./Core/Src/system_stm32l1xx.o
 .debug_info    0x0000000000002ffd      0xab0 ./Core/Src/usart.o
 .debug_info    0x0000000000003aad      0x764 ./Core/Src/wifi.o
 .debug_info    0x0000000000004211       0x22 ./Core/Startup/startup_stm32l152retx.o
 .debug_info    0x0000000000004233      0x726 ./Drivers/STM32L1xx_HAL_Driver/Src/stm32l1xx_hal.o
 .debug_info    0x0000000000004959      0xd85 ./Drivers/STM32L1xx_HAL_Driver/Src/stm32l1xx_hal_cortex.o
 .debug_info    0x00000000000056de      0x734 ./Drivers/STM32L1xx_HAL_Driver/Src/stm32l1xx_hal_dma.o
 .debug_info    0x0000000000005e12      0x635 ./Drivers/STM32L1xx_HAL_Driver/Src/stm32l1xx_hal_gpio.o
 .debug_info    0x0000000000006447      0x9e7 ./Drivers/STM32L1xx_HAL_Driver/Src/stm32l1xx_hal_rcc.o
 .debug_info    0x0000000000006e2e     0x2859 ./Drivers/STM32L1xx_HAL_Driver/Src/stm32l1xx_hal_tim.o
 .debug_info    0x0000000000009687     0x15dc ./Drivers/STM32L1xx_HAL_Driver/Src/stm32l1xx_hal_uart.o

.debug_abbrev   0x0000000000000000     0x202e
 .debug_abbrev  0x0000000000000000      0x146 ./Core/Src/gpio.o
 .debug_abbrev  0x0000000000000146      0x2ba ./Core/Src/main.o
 .debug_abbrev  0x0000000000000400       0xc2 ./Core/Src/stm32l1xx_hal_msp.o
 .debug_abbrev  0x00000000000004c2      0x1e6 ./Core/Src/stm32l1xx_hal_timebase_tim.o
 .debug_abbrev  0x00000000000006a8      0x171 ./Core/Src/stm32l1xx_it.o
 .debug_abbrev  0x0000000000000819      0x1b3 ./Core/Src/syscalls.o
 .debug_abbrev  0x00000000000009cc       0xbb ./Core/Src/sysmem.o
 .debug_abbrev  0x0000000000000a87      0x116 ./Core/Src/system_stm32l1xx.o
 .debug_abbrev  0x0000000000000b9d      0x1e9 ./Core/Src/usart.o
 .debug_abbrev  0x0000000000000d86      0x1eb ./Core/Src/wifi.o
 .debug_abbrev  0x0000000000000f71       0x12 ./Core/Startup/startup_stm32l152retx.o
 .debug_abbrev  0x0000000000000f83      0x26c ./Drivers/STM32L1xx_HAL_Driver/Src/stm32l1xx_hal.o
 .debug_abbrev  0x00000000000011ef      0x316 ./Drivers/STM32L1xx_HAL_Driver/Src/stm32l1xx_hal_cortex.o
 .debug_abbrev  0x0000000000001505      0x1f5 ./Drivers/STM32L1xx_HAL_Driver/Src/stm32l1xx_hal_dma.o
 .debug_abbrev  0x00000000000016fa      0x1c4 ./Drivers/STM32L1xx_HAL_Driver/Src/stm32l1xx_hal_gpio.o
 .debug_abbrev  0x00000000000018be      0x2b0 ./Drivers/STM32L1xx_HAL_Driver/Src/stm32l1xx_hal_rcc.o
 .debug_abbrev  0x0000000000001b6e      0x248 ./Drivers/STM32L1xx_HAL_Driver/Src/stm32l1xx_hal_tim.o
 .debug_abbrev  0x0000000000001db6      0x278 ./Drivers/STM32L1xx_HAL_Driver/Src/stm32l1xx_hal_uart.o

.debug_aranges  0x0000000000000000      0xbe0
 .debug_aranges
                0x0000000000000000       0x20 ./Core/Src/gpio.o
 .debug_aranges
                0x0000000000000020       0x48 ./Core/Src/main.o
 .debug_aranges
                0x0000000000000068       0x20 ./Core/Src/stm32l1xx_hal_msp.o
 .debug_aranges
                0x0000000000000088       0x30 ./Core/Src/stm32l1xx_hal_timebase_tim.o
 .debug_aranges
                0x00000000000000b8       0x70 ./Core/Src/stm32l1xx_it.o
 .debug_aranges
                0x0000000000000128       0xa8 ./Core/Src/syscalls.o
 .debug_aranges
                0x00000000000001d0       0x20 ./Core/Src/sysmem.o
 .debug_aranges
                0x00000000000001f0       0x28 ./Core/Src/system_stm32l1xx.o
 .debug_aranges
                0x0000000000000218       0x38 ./Core/Src/usart.o
 .debug_aranges
                0x0000000000000250       0x38 ./Core/Src/wifi.o
 .debug_aranges
                0x0000000000000288       0x28 ./Core/Startup/startup_stm32l152retx.o
 .debug_aranges
                0x00000000000002b0       0xe0 ./Drivers/STM32L1xx_HAL_Driver/Src/stm32l1xx_hal.o
 .debug_aranges
                0x0000000000000390      0x118 ./Drivers/STM32L1xx_HAL_Driver/Src/stm32l1xx_hal_cortex.o
 .debug_aranges
                0x00000000000004a8       0x80 ./Drivers/STM32L1xx_HAL_Driver/Src/stm32l1xx_hal_dma.o
 .debug_aranges
                0x0000000000000528       0x58 ./Drivers/STM32L1xx_HAL_Driver/Src/stm32l1xx_hal_gpio.o
 .debug_aranges
                0x0000000000000580       0x90 ./Drivers/STM32L1xx_HAL_Driver/Src/stm32l1xx_hal_rcc.o
 .debug_aranges
                0x0000000000000610      0x3d0 ./Drivers/STM32L1xx_HAL_Driver/Src/stm32l1xx_hal_tim.o
 .debug_aranges
                0x00000000000009e0      0x200 ./Drivers/STM32L1xx_HAL_Driver/Src/stm32l1xx_hal_uart.o

.debug_ranges   0x0000000000000000      0xaf8
 .debug_ranges  0x0000000000000000       0x10 ./Core/Src/gpio.o
 .debug_ranges  0x0000000000000010       0x38 ./Core/Src/main.o
 .debug_ranges  0x0000000000000048       0x10 ./Core/Src/stm32l1xx_hal_msp.o
 .debug_ranges  0x0000000000000058       0x20 ./Core/Src/stm32l1xx_hal_timebase_tim.o
 .debug_ranges  0x0000000000000078       0x60 ./Core/Src/stm32l1xx_it.o
 .debug_ranges  0x00000000000000d8       0x98 ./Core/Src/syscalls.o
 .debug_ranges  0x0000000000000170       0x10 ./Core/Src/sysmem.o
 .debug_ranges  0x0000000000000180       0x18 ./Core/Src/system_stm32l1xx.o
 .debug_ranges  0x0000000000000198       0x28 ./Core/Src/usart.o
 .debug_ranges  0x00000000000001c0       0x28 ./Core/Src/wifi.o
 .debug_ranges  0x00000000000001e8       0x20 ./Core/Startup/startup_stm32l152retx.o
 .debug_ranges  0x0000000000000208       0xd0 ./Drivers/STM32L1xx_HAL_Driver/Src/stm32l1xx_hal.o
 .debug_ranges  0x00000000000002d8      0x108 ./Drivers/STM32L1xx_HAL_Driver/Src/stm32l1xx_hal_cortex.o
 .debug_ranges  0x00000000000003e0       0x70 ./Drivers/STM32L1xx_HAL_Driver/Src/stm32l1xx_hal_dma.o
 .debug_ranges  0x0000000000000450       0x48 ./Drivers/STM32L1xx_HAL_Driver/Src/stm32l1xx_hal_gpio.o
 .debug_ranges  0x0000000000000498       0x80 ./Drivers/STM32L1xx_HAL_Driver/Src/stm32l1xx_hal_rcc.o
 .debug_ranges  0x0000000000000518      0x3c0 ./Drivers/STM32L1xx_HAL_Driver/Src/stm32l1xx_hal_tim.o
 .debug_ranges  0x00000000000008d8      0x220 ./Drivers/STM32L1xx_HAL_Driver/Src/stm32l1xx_hal_uart.o

.debug_macro    0x0000000000000000    0x174ae
 .debug_macro   0x0000000000000000      0x1c8 ./Core/Src/gpio.o
 .debug_macro   0x00000000000001c8      0xa6c ./Core/Src/gpio.o
 .debug_macro   0x0000000000000c34      0x10f ./Core/Src/gpio.o
 .debug_macro   0x0000000000000d43       0x2e ./Core/Src/gpio.o
 .debug_macro   0x0000000000000d71       0x22 ./Core/Src/gpio.o
 .debug_macro   0x0000000000000d93       0x22 ./Core/Src/gpio.o
 .debug_macro   0x0000000000000db5       0x8e ./Core/Src/gpio.o
 .debug_macro   0x0000000000000e43       0x51 ./Core/Src/gpio.o
 .debug_macro   0x0000000000000e94      0x103 ./Core/Src/gpio.o
 .debug_macro   0x0000000000000f97       0x6a ./Core/Src/gpio.o
 .debug_macro   0x0000000000001001      0x1df ./Core/Src/gpio.o
 .debug_macro   0x00000000000011e0       0x1c ./Core/Src/gpio.o
 .debug_macro   0x00000000000011fc       0x22 ./Core/Src/gpio.o
 .debug_macro   0x000000000000121e       0xbd ./Core/Src/gpio.o
 .debug_macro   0x00000000000012db      0xe49 ./Core/Src/gpio.o
 .debug_macro   0x0000000000002124      0x11f ./Core/Src/gpio.o
 .debug_macro   0x0000000000002243     0xb540 ./Core/Src/gpio.o
 .debug_macro   0x000000000000d783       0x6d ./Core/Src/gpio.o
 .debug_macro   0x000000000000d7f0     0x34ca ./Core/Src/gpio.o
 .debug_macro   0x0000000000010cba      0x174 ./Core/Src/gpio.o
 .debug_macro   0x0000000000010e2e       0x5b ./Core/Src/gpio.o
 .debug_macro   0x0000000000010e89      0xe38 ./Core/Src/gpio.o
 .debug_macro   0x0000000000011cc1      0x35b ./Core/Src/gpio.o
 .debug_macro   0x000000000001201c      0x1b9 ./Core/Src/gpio.o
 .debug_macro   0x00000000000121d5       0xc5 ./Core/Src/gpio.o
 .debug_macro   0x000000000001229a      0x21e ./Core/Src/gpio.o
 .debug_macro   0x00000000000124b8      0x236 ./Core/Src/gpio.o
 .debug_macro   0x00000000000126ee      0x10f ./Core/Src/gpio.o
 .debug_macro   0x00000000000127fd      0x567 ./Core/Src/gpio.o
 .debug_macro   0x0000000000012d64      0x1e9 ./Core/Src/gpio.o
 .debug_macro   0x0000000000012f4d       0x22 ./Core/Src/gpio.o
 .debug_macro   0x0000000000012f6f      0x76c ./Core/Src/gpio.o
 .debug_macro   0x00000000000136db       0xac ./Core/Src/gpio.o
 .debug_macro   0x0000000000013787      0x295 ./Core/Src/gpio.o
 .debug_macro   0x0000000000013a1c      0x170 ./Core/Src/gpio.o
 .debug_macro   0x0000000000013b8c      0x492 ./Core/Src/gpio.o
 .debug_macro   0x000000000001401e       0x58 ./Core/Src/gpio.o
 .debug_macro   0x0000000000014076      0x397 ./Core/Src/main.o
 .debug_macro   0x000000000001440d       0x18 ./Core/Src/main.o
 .debug_macro   0x0000000000014425       0x52 ./Core/Src/main.o
 .debug_macro   0x0000000000014477       0x3c ./Core/Src/main.o
 .debug_macro   0x00000000000144b3       0x34 ./Core/Src/main.o
 .debug_macro   0x00000000000144e7       0x16 ./Core/Src/main.o
 .debug_macro   0x00000000000144fd       0x35 ./Core/Src/main.o
 .debug_macro   0x0000000000014532       0x16 ./Core/Src/main.o
 .debug_macro   0x0000000000014548       0x43 ./Core/Src/main.o
 .debug_macro   0x000000000001458b       0x34 ./Core/Src/main.o
 .debug_macro   0x00000000000145bf       0x10 ./Core/Src/main.o
 .debug_macro   0x00000000000145cf       0x58 ./Core/Src/main.o
 .debug_macro   0x0000000000014627       0x71 ./Core/Src/main.o
 .debug_macro   0x0000000000014698       0x1c ./Core/Src/main.o
 .debug_macro   0x00000000000146b4      0x12a ./Core/Src/main.o
 .debug_macro   0x00000000000147de      0x341 ./Core/Src/main.o
 .debug_macro   0x0000000000014b1f       0x16 ./Core/Src/main.o
 .debug_macro   0x0000000000014b35       0x29 ./Core/Src/main.o
 .debug_macro   0x0000000000014b5e       0x1c ./Core/Src/main.o
 .debug_macro   0x0000000000014b7a       0x10 ./Core/Src/main.o
 .debug_macro   0x0000000000014b8a       0x10 ./Core/Src/main.o
 .debug_macro   0x0000000000014b9a       0x1c ./Core/Src/main.o
 .debug_macro   0x0000000000014bb6       0x52 ./Core/Src/main.o
 .debug_macro   0x0000000000014c08       0x22 ./Core/Src/main.o
 .debug_macro   0x0000000000014c2a       0x10 ./Core/Src/main.o
 .debug_macro   0x0000000000014c3a       0x52 ./Core/Src/main.o
 .debug_macro   0x0000000000014c8c       0xd5 ./Core/Src/main.o
 .debug_macro   0x0000000000014d61       0x1c ./Core/Src/main.o
 .debug_macro   0x0000000000014d7d       0x3d ./Core/Src/main.o
 .debug_macro   0x0000000000014dba       0x16 ./Core/Src/main.o
 .debug_macro   0x0000000000014dd0      0x145 ./Core/Src/main.o
 .debug_macro   0x0000000000014f15       0x16 ./Core/Src/main.o
 .debug_macro   0x0000000000014f2b       0x20 ./Core/Src/main.o
 .debug_macro   0x0000000000014f4b      0x1be ./Core/Src/stm32l1xx_hal_msp.o
 .debug_macro   0x0000000000015109      0x1af ./Core/Src/stm32l1xx_hal_timebase_tim.o
 .debug_macro   0x00000000000152b8      0x1c8 ./Core/Src/stm32l1xx_it.o
 .debug_macro   0x0000000000015480      0x24c ./Core/Src/syscalls.o
 .debug_macro   0x00000000000156cc       0x4c ./Core/Src/syscalls.o
 .debug_macro   0x0000000000015718       0x94 ./Core/Src/syscalls.o
 .debug_macro   0x00000000000157ac       0x57 ./Core/Src/syscalls.o
 .debug_macro   0x0000000000015803       0x10 ./Core/Src/syscalls.o
 .debug_macro   0x0000000000015813       0x10 ./Core/Src/syscalls.o
 .debug_macro   0x0000000000015823       0x10 ./Core/Src/syscalls.o
 .debug_macro   0x0000000000015833       0x35 ./Core/Src/syscalls.o
 .debug_macro   0x0000000000015868      0x12c ./Core/Src/syscalls.o
 .debug_macro   0x0000000000015994       0x10 ./Core/Src/syscalls.o
 .debug_macro   0x00000000000159a4      0x241 ./Core/Src/syscalls.o
 .debug_macro   0x0000000000015be5       0x10 ./Core/Src/syscalls.o
 .debug_macro   0x0000000000015bf5      0x189 ./Core/Src/syscalls.o
 .debug_macro   0x0000000000015d7e       0x16 ./Core/Src/syscalls.o
 .debug_macro   0x0000000000015d94       0xce ./Core/Src/syscalls.o
 .debug_macro   0x0000000000015e62       0xff ./Core/Src/sysmem.o
 .debug_macro   0x0000000000015f61      0x23b ./Core/Src/sysmem.o
 .debug_macro   0x000000000001619c      0x1af ./Core/Src/system_stm32l1xx.o
 .debug_macro   0x000000000001634b      0x1c8 ./Core/Src/usart.o
 .debug_macro   0x0000000000016513      0x393 ./Core/Src/wifi.o
 .debug_macro   0x00000000000168a6      0x1d3 ./Drivers/STM32L1xx_HAL_Driver/Src/stm32l1xx_hal.o
 .debug_macro   0x0000000000016a79      0x1af ./Drivers/STM32L1xx_HAL_Driver/Src/stm32l1xx_hal_cortex.o
 .debug_macro   0x0000000000016c28      0x1af ./Drivers/STM32L1xx_HAL_Driver/Src/stm32l1xx_hal_dma.o
 .debug_macro   0x0000000000016dd7      0x1b6 ./Drivers/STM32L1xx_HAL_Driver/Src/stm32l1xx_hal_gpio.o
 .debug_macro   0x0000000000016f8d      0x1c1 ./Drivers/STM32L1xx_HAL_Driver/Src/stm32l1xx_hal_rcc.o
 .debug_macro   0x000000000001714e      0x1b0 ./Drivers/STM32L1xx_HAL_Driver/Src/stm32l1xx_hal_tim.o
 .debug_macro   0x00000000000172fe      0x1b0 ./Drivers/STM32L1xx_HAL_Driver/Src/stm32l1xx_hal_uart.o

.debug_line     0x0000000000000000     0xce5e
 .debug_line    0x0000000000000000      0x6c3 ./Core/Src/gpio.o
 .debug_line    0x00000000000006c3      0xa27 ./Core/Src/main.o
 .debug_line    0x00000000000010ea      0x6aa ./Core/Src/stm32l1xx_hal_msp.o
 .debug_line    0x0000000000001794      0x721 ./Core/Src/stm32l1xx_hal_timebase_tim.o
 .debug_line    0x0000000000001eb5      0x797 ./Core/Src/stm32l1xx_it.o
 .debug_line    0x000000000000264c      0x7fe ./Core/Src/syscalls.o
 .debug_line    0x0000000000002e4a      0x4f4 ./Core/Src/sysmem.o
 .debug_line    0x000000000000333e      0x74a ./Core/Src/system_stm32l1xx.o
 .debug_line    0x0000000000003a88      0x780 ./Core/Src/usart.o
 .debug_line    0x0000000000004208      0x95b ./Core/Src/wifi.o
 .debug_line    0x0000000000004b63       0x87 ./Core/Startup/startup_stm32l152retx.o
 .debug_line    0x0000000000004bea      0x96d ./Drivers/STM32L1xx_HAL_Driver/Src/stm32l1xx_hal.o
 .debug_line    0x0000000000005557      0xc3a ./Drivers/STM32L1xx_HAL_Driver/Src/stm32l1xx_hal_cortex.o
 .debug_line    0x0000000000006191      0xbf6 ./Drivers/STM32L1xx_HAL_Driver/Src/stm32l1xx_hal_dma.o
 .debug_line    0x0000000000006d87      0x9e7 ./Drivers/STM32L1xx_HAL_Driver/Src/stm32l1xx_hal_gpio.o
 .debug_line    0x000000000000776e      0xe76 ./Drivers/STM32L1xx_HAL_Driver/Src/stm32l1xx_hal_rcc.o
 .debug_line    0x00000000000085e4     0x2e31 ./Drivers/STM32L1xx_HAL_Driver/Src/stm32l1xx_hal_tim.o
 .debug_line    0x000000000000b415     0x1a49 ./Drivers/STM32L1xx_HAL_Driver/Src/stm32l1xx_hal_uart.o

.debug_str      0x0000000000000000    0x8d10d
 .debug_str     0x0000000000000000    0x84b6d ./Core/Src/gpio.o
                                      0x84dec (size before relaxing)
 .debug_str     0x0000000000084b6d     0x45c0 ./Core/Src/main.o
                                      0x89321 (size before relaxing)
 .debug_str     0x000000000008912d       0x2c ./Core/Src/stm32l1xx_hal_msp.o
                                      0x84d21 (size before relaxing)
 .debug_str     0x0000000000089159      0x496 ./Core/Src/stm32l1xx_hal_timebase_tim.o
                                      0x85595 (size before relaxing)
 .debug_str     0x00000000000895ef      0x2cf ./Core/Src/stm32l1xx_it.o
                                      0x8543c (size before relaxing)
 .debug_str     0x00000000000898be     0x1657 ./Core/Src/syscalls.o
                                       0x8a2a (size before relaxing)
 .debug_str     0x000000000008af15       0x6b ./Core/Src/sysmem.o
                                       0x5d66 (size before relaxing)
 .debug_str     0x000000000008af80       0x99 ./Core/Src/system_stm32l1xx.o
                                      0x84c69 (size before relaxing)
 .debug_str     0x000000000008b019       0x7c ./Core/Src/usart.o
                                      0x855ca (size before relaxing)
 .debug_str     0x000000000008b095       0xbe ./Core/Src/wifi.o
                                      0x89034 (size before relaxing)
 .debug_str     0x000000000008b153       0x36 ./Core/Startup/startup_stm32l152retx.o
                                         0x80 (size before relaxing)
 .debug_str     0x000000000008b189      0x2c8 ./Drivers/STM32L1xx_HAL_Driver/Src/stm32l1xx_hal.o
                                      0x8538e (size before relaxing)
 .debug_str     0x000000000008b451      0x381 ./Drivers/STM32L1xx_HAL_Driver/Src/stm32l1xx_hal_cortex.o
                                      0x85468 (size before relaxing)
 .debug_str     0x000000000008b7d2      0x252 ./Drivers/STM32L1xx_HAL_Driver/Src/stm32l1xx_hal_dma.o
                                      0x84fee (size before relaxing)
 .debug_str     0x000000000008ba24      0x116 ./Drivers/STM32L1xx_HAL_Driver/Src/stm32l1xx_hal_gpio.o
                                      0x84dfc (size before relaxing)
 .debug_str     0x000000000008bb3a      0x24b ./Drivers/STM32L1xx_HAL_Driver/Src/stm32l1xx_hal_rcc.o
                                      0x85125 (size before relaxing)
 .debug_str     0x000000000008bd85      0xdfb ./Drivers/STM32L1xx_HAL_Driver/Src/stm32l1xx_hal_tim.o
                                      0x85f55 (size before relaxing)
 .debug_str     0x000000000008cb80      0x58d ./Drivers/STM32L1xx_HAL_Driver/Src/stm32l1xx_hal_uart.o
                                      0x85668 (size before relaxing)

.comment        0x0000000000000000       0x50
 .comment       0x0000000000000000       0x50 ./Core/Src/gpio.o
                                         0x51 (size before relaxing)
 .comment       0x0000000000000050       0x51 ./Core/Src/main.o
 .comment       0x0000000000000050       0x51 ./Core/Src/stm32l1xx_hal_msp.o
 .comment       0x0000000000000050       0x51 ./Core/Src/stm32l1xx_hal_timebase_tim.o
 .comment       0x0000000000000050       0x51 ./Core/Src/stm32l1xx_it.o
 .comment       0x0000000000000050       0x51 ./Core/Src/syscalls.o
 .comment       0x0000000000000050       0x51 ./Core/Src/sysmem.o
 .comment       0x0000000000000050       0x51 ./Core/Src/system_stm32l1xx.o
 .comment       0x0000000000000050       0x51 ./Core/Src/usart.o
 .comment       0x0000000000000050       0x51 ./Core/Src/wifi.o
 .comment       0x0000000000000050       0x51 ./Drivers/STM32L1xx_HAL_Driver/Src/stm32l1xx_hal.o
 .comment       0x0000000000000050       0x51 ./Drivers/STM32L1xx_HAL_Driver/Src/stm32l1xx_hal_cortex.o
 .comment       0x0000000000000050       0x51 ./Drivers/STM32L1xx_HAL_Driver/Src/stm32l1xx_hal_dma.o
 .comment       0x0000000000000050       0x51 ./Drivers/STM32L1xx_HAL_Driver/Src/stm32l1xx_hal_gpio.o
 .comment       0x0000000000000050       0x51 ./Drivers/STM32L1xx_HAL_Driver/Src/stm32l1xx_hal_rcc.o
 .comment       0x0000000000000050       0x51 ./Drivers/STM32L1xx_HAL_Driver/Src/stm32l1xx_hal_tim.o
 .comment       0x0000000000000050       0x51 ./Drivers/STM32L1xx_HAL_Driver/Src/stm32l1xx_hal_uart.o

.debug_frame    0x0000000000000000     0x3878
 .debug_frame   0x0000000000000000       0x34 ./Core/Src/gpio.o
 .debug_frame   0x0000000000000034       0xd8 ./Core/Src/main.o
 .debug_frame   0x000000000000010c       0x38 ./Core/Src/stm32l1xx_hal_msp.o
 .debug_frame   0x0000000000000144       0x74 ./Core/Src/stm32l1xx_hal_timebase_tim.o
 .debug_frame   0x00000000000001b8      0x140 ./Core/Src/stm32l1xx_it.o
 .debug_frame   0x00000000000002f8      0x2ac ./Core/Src/syscalls.o
 .debug_frame   0x00000000000005a4       0x34 ./Core/Src/sysmem.o
 .debug_frame   0x00000000000005d8       0x58 ./Core/Src/system_stm32l1xx.o
 .debug_frame   0x0000000000000630       0x90 ./Core/Src/usart.o
 .debug_frame   0x00000000000006c0       0x90 ./Core/Src/wifi.o
 .debug_frame   0x0000000000000750      0x33c ./Drivers/STM32L1xx_HAL_Driver/Src/stm32l1xx_hal.o
 .debug_frame   0x0000000000000a8c      0x498 ./Drivers/STM32L1xx_HAL_Driver/Src/stm32l1xx_hal_cortex.o
 .debug_frame   0x0000000000000f24      0x204 ./Drivers/STM32L1xx_HAL_Driver/Src/stm32l1xx_hal_dma.o
 .debug_frame   0x0000000000001128      0x14c ./Drivers/STM32L1xx_HAL_Driver/Src/stm32l1xx_hal_gpio.o
 .debug_frame   0x0000000000001274      0x224 ./Drivers/STM32L1xx_HAL_Driver/Src/stm32l1xx_hal_rcc.o
 .debug_frame   0x0000000000001498     0x11b4 ./Drivers/STM32L1xx_HAL_Driver/Src/stm32l1xx_hal_tim.o
 .debug_frame   0x000000000000264c      0x914 ./Drivers/STM32L1xx_HAL_Driver/Src/stm32l1xx_hal_uart.o
 .debug_frame   0x0000000000002f60       0x20 c:/st/stm32cubeide_1.11.0/stm32cubeide/plugins/com.st.stm32cube.ide.mcu.externaltools.gnu-tools-for-stm32.10.3-2021.10.win32_1.0.100.202210260954/tools/bin/../lib/gcc/arm-none-eabi/10.3.1/../../../../arm-none-eabi/lib/thumb/v7-m/nofp\libc_nano.a(lib_a-errno.o)
 .debug_frame   0x0000000000002f80       0x2c c:/st/stm32cubeide_1.11.0/stm32cubeide/plugins/com.st.stm32cube.ide.mcu.externaltools.gnu-tools-for-stm32.10.3-2021.10.win32_1.0.100.202210260954/tools/bin/../lib/gcc/arm-none-eabi/10.3.1/../../../../arm-none-eabi/lib/thumb/v7-m/nofp\libc_nano.a(lib_a-init.o)