../Core/Src/app_tof.c:55:6:VL_TOF_Init	8	static
../Core/Src/app_tof.c:81:6:VL_TOF_Process	8	static
../Core/Src/app_tof.c:103:13:VL_53L1A2_SimpleRanging_Init_C	8	static
../Core/Src/app_tof.c:116:13:VL_53L1A2_SimpleRanging_Init_R	8	static
../Core/Src/app_tof.c:129:13:VL_53L1A2_SimpleRanging_Init_L	8	static
../Core/Src/app_tof.c:143:13:VL_53L1A2_SimpleRanging_Process_C	88	static
../Core/Src/app_tof.c:186:13:VL_53L1A2_SimpleRanging_Process_R	88	static
../Core/Src/app_tof.c:229:13:VL_53L1A2_SimpleRanging_Process_L	88	static
../Core/Src/app_tof.c:273:13:print_result	32	static
