../Drivers/BSP/Components/vl53l1cb/vl53l1cb.c:91:9:VL53L1CB_RegisterBusIO	24	static
../Drivers/BSP/Components/vl53l1cb/vl53l1cb.c:126:9:VL53L1CB_Init	24	static
../Drivers/BSP/Components/vl53l1cb/vl53l1cb.c:169:9:VL53L1CB_DeInit	24	static
../Drivers/BSP/Components/vl53l1cb/vl53l1cb.c:196:9:VL53L1CB_ReadID	24	static
../Drivers/BSP/Components/vl53l1cb/vl53l1cb.c:219:9:VL53L1CB_GetCapabilities	24	static
../Drivers/BSP/Components/vl53l1cb/vl53l1cb.c:247:9:VL53L1CB_ConfigProfile	24	static
../Drivers/BSP/Components/vl53l1cb/vl53l1cb.c:294:9:VL53L1CB_ConfigROI	88	static
../Drivers/BSP/Components/vl53l1cb/vl53l1cb.c:331:9:VL53L1CB_ConfigIT	16	static
../Drivers/BSP/Components/vl53l1cb/vl53l1cb.c:344:9:VL53L1CB_GetDistance	24	static
../Drivers/BSP/Components/vl53l1cb/vl53l1cb.c:395:9:VL53L1CB_Start	24	static
../Drivers/BSP/Components/vl53l1cb/vl53l1cb.c:453:9:VL53L1CB_Stop	24	static
../Drivers/BSP/Components/vl53l1cb/vl53l1cb.c:485:9:VL53L1CB_SetAddress	24	static
../Drivers/BSP/Components/vl53l1cb/vl53l1cb.c:512:9:VL53L1CB_GetAddress	24	static
../Drivers/BSP/Components/vl53l1cb/vl53l1cb.c:536:9:VL53L1CB_SetPowerMode	16	static
../Drivers/BSP/Components/vl53l1cb/vl53l1cb.c:550:9:VL53L1CB_GetPowerMode	16	static
../Drivers/BSP/Components/vl53l1cb/vl53l1cb.c:563:9:VL53L1CB_OffsetCalibration	24	static
../Drivers/BSP/Components/vl53l1cb/vl53l1cb.c:590:9:VL53L1CB_XTalkCalibration	24	static
../Drivers/BSP/Components/vl53l1cb/vl53l1cb.c:610:16:vl53l1cb_poll_for_measurement	24	static
../Drivers/BSP/Components/vl53l1cb/vl53l1cb.c:635:16:vl53l1cb_get_result	176	static
