../Core/Src/mlx90614.c:34:9:mlx90614_crc8	24	static
../Core/Src/mlx90614.c:52:6:mlx90614_read16	40	static
../Core/Src/mlx90614.c:61:6:mlx90614_write16	48	static
../Core/Src/mlx90614.c:87:9:mlx90614_calcRawTemp	24	static
../Core/Src/mlx90614.c:115:7:mlx90614_calcTemperature	24	static
../Core/Src/mlx90614.c:141:6:mlx90614_init	8	static
../Core/Src/mlx90614.c:160:6:mlx90614_setUnit	16	static
../Core/Src/mlx90614.c:165:6:mlx90614_readID	24	static
../Core/Src/mlx90614.c:179:6:mlx90614_getEmissivity	16	static
../Core/Src/mlx90614.c:191:6:mlx90614_setEmissivity	16	static
../Core/Src/mlx90614.c:201:6:mlx90614_setMax	16	static
../Core/Src/mlx90614.c:207:6:mlx90614_setMin	16	static
../Core/Src/mlx90614.c:213:6:mlx90614_getMax	16	static
../Core/Src/mlx90614.c:224:6:mlx90614_getMin	16	static
../Core/Src/mlx90614.c:235:6:mlx90614_getAmbient	16	static
../Core/Src/mlx90614.c:246:6:mlx90614_getObject1	16	static
../Core/Src/mlx90614.c:259:6:mlx90614_getObject2	16	static
