19:26:40 **** Clean-only build of configuration Debug for project Test_Tof ****
make -j20 clean 
rm -rf ./Drivers/STM32WBxx_HAL_Driver/Src/stm32wbxx_hal.d ./Drivers/STM32WBxx_HAL_Driver/Src/stm32wbxx_hal.o ./Drivers/STM32WBxx_HAL_Driver/Src/stm32wbxx_hal.su ./Drivers/STM32WBxx_HAL_Driver/Src/stm32wbxx_hal_cortex.d ./Drivers/STM32WBxx_HAL_Driver/Src/stm32wbxx_hal_cortex.o ./Drivers/STM32WBxx_HAL_Driver/Src/stm32wbxx_hal_cortex.su ./Drivers/STM32WBxx_HAL_Driver/Src/stm32wbxx_hal_dma.d ./Drivers/STM32WBxx_HAL_Driver/Src/stm32wbxx_hal_dma.o ./Drivers/STM32WBxx_HAL_Driver/Src/stm32wbxx_hal_dma.su ./Drivers/STM32WBxx_HAL_Driver/Src/stm32wbxx_hal_dma_ex.d ./Drivers/STM32WBxx_HAL_Driver/Src/stm32wbxx_hal_dma_ex.o ./Drivers/STM32WBxx_HAL_Driver/Src/stm32wbxx_hal_dma_ex.su ./Drivers/STM32WBxx_HAL_Driver/Src/stm32wbxx_hal_exti.d ./Drivers/STM32WBxx_HAL_Driver/Src/stm32wbxx_hal_exti.o ./Drivers/STM32WBxx_HAL_Driver/Src/stm32wbxx_hal_exti.su ./Drivers/STM32WBxx_HAL_Driver/Src/stm32wbxx_hal_flash.d ./Drivers/STM32WBxx_HAL_Driver/Src/stm32wbxx_hal_flash.o ./Drivers/STM32WBxx_HAL_Driver/Src/stm32wbxx_hal_flash.su ./Drivers/STM32WBxx_HAL_Driver/Src/stm32wbxx_hal_flash_ex.d ./Drivers/STM32WBxx_HAL_Driver/Src/stm32wbxx_hal_flash_ex.o ./Drivers/STM32WBxx_HAL_Driver/Src/stm32wbxx_hal_flash_ex.su ./Drivers/STM32WBxx_HAL_Driver/Src/stm32wbxx_hal_gpio.d ./Drivers/STM32WBxx_HAL_Driver/Src/stm32wbxx_hal_gpio.o ./Drivers/STM32WBxx_HAL_Driver/Src/stm32wbxx_hal_gpio.su ./Drivers/STM32WBxx_HAL_Driver/Src/stm32wbxx_hal_hsem.d ./Drivers/STM32WBxx_HAL_Driver/Src/stm32wbxx_hal_hsem.o ./Drivers/STM32WBxx_HAL_Driver/Src/stm32wbxx_hal_hsem.su ./Drivers/STM32WBxx_HAL_Driver/Src/stm32wbxx_hal_i2c.d ./Drivers/STM32WBxx_HAL_Driver/Src/stm32wbxx_hal_i2c.o ./Drivers/STM32WBxx_HAL_Driver/Src/stm32wbxx_hal_i2c.su ./Drivers/STM32WBxx_HAL_Driver/Src/stm32wbxx_hal_i2c_ex.d ./Drivers/STM32WBxx_HAL_Driver/Src/stm32wbxx_hal_i2c_ex.o ./Drivers/STM32WBxx_HAL_Driver/Src/stm32wbxx_hal_i2c_ex.su ./Drivers/STM32WBxx_HAL_Driver/Src/stm32wbxx_hal_pcd.d ./Drivers/STM32WBxx_HAL_Driver/Src/stm32wbxx_hal_pcd.o ./Drivers/STM32WBxx_HAL_Driver/Src/stm32wbxx_hal_pcd.su ./Drivers/STM32WBxx_HAL_Driver/Src/stm32wbxx_hal_pcd_ex.d ./Drivers/STM32WBxx_HAL_Driver/Src/stm32wbxx_hal_pcd_ex.o ./Drivers/STM32WBxx_HAL_Driver/Src/stm32wbxx_hal_pcd_ex.su ./Drivers/STM32WBxx_HAL_Driver/Src/stm32wbxx_hal_pwr.d ./Drivers/STM32WBxx_HAL_Driver/Src/stm32wbxx_hal_pwr.o ./Drivers/STM32WBxx_HAL_Driver/Src/stm32wbxx_hal_pwr.su ./Drivers/STM32WBxx_HAL_Driver/Src/stm32wbxx_hal_pwr_ex.d ./Drivers/STM32WBxx_HAL_Driver/Src/stm32wbxx_hal_pwr_ex.o ./Drivers/STM32WBxx_HAL_Driver/Src/stm32wbxx_hal_pwr_ex.su ./Drivers/STM32WBxx_HAL_Driver/Src/stm32wbxx_hal_rcc.d ./Drivers/STM32WBxx_HAL_Driver/Src/stm32wbxx_hal_rcc.o ./Drivers/STM32WBxx_HAL_Driver/Src/stm32wbxx_hal_rcc.su ./Drivers/STM32WBxx_HAL_Driver/Src/stm32wbxx_hal_rcc_ex.d ./Drivers/STM32WBxx_HAL_Driver/Src/stm32wbxx_hal_rcc_ex.o ./Drivers/STM32WBxx_HAL_Driver/Src/stm32wbxx_hal_rcc_ex.su ./Drivers/STM32WBxx_HAL_Driver/Src/stm32wbxx_hal_tim.d ./Drivers/STM32WBxx_HAL_Driver/Src/stm32wbxx_hal_tim.o ./Drivers/STM32WBxx_HAL_Driver/Src/stm32wbxx_hal_tim.su ./Drivers/STM32WBxx_HAL_Driver/Src/stm32wbxx_hal_tim_ex.d ./Drivers/STM32WBxx_HAL_Driver/Src/stm32wbxx_hal_tim_ex.o ./Drivers/STM32WBxx_HAL_Driver/Src/stm32wbxx_hal_tim_ex.su ./Drivers/STM32WBxx_HAL_Driver/Src/stm32wbxx_hal_uart.d ./Drivers/STM32WBxx_HAL_Driver/Src/stm32wbxx_hal_uart.o ./Drivers/STM32WBxx_HAL_Driver/Src/stm32wbxx_hal_uart.su ./Drivers/STM32WBxx_HAL_Driver/Src/stm32wbxx_hal_uart_ex.d ./Drivers/STM32WBxx_HAL_Driver/Src/stm32wbxx_hal_uart_ex.o ./Drivers/STM32WBxx_HAL_Driver/Src/stm32wbxx_hal_uart_ex.su ./Drivers/STM32WBxx_HAL_Driver/Src/stm32wbxx_ll_rcc.d ./Drivers/STM32WBxx_HAL_Driver/Src/stm32wbxx_ll_rcc.o ./Drivers/STM32WBxx_HAL_Driver/Src/stm32wbxx_ll_rcc.su ./Drivers/STM32WBxx_HAL_Driver/Src/stm32wbxx_ll_usb.d ./Drivers/STM32WBxx_HAL_Driver/Src/stm32wbxx_ll_usb.o ./Drivers/STM32WBxx_HAL_Driver/Src/stm32wbxx_ll_usb.su
rm -rf ./Drivers/BSP/Components/vl53l1cb/porting/vl53l1_platform.d ./Drivers/BSP/Components/vl53l1cb/porting/vl53l1_platform.o ./Drivers/BSP/Components/vl53l1cb/porting/vl53l1_platform.su ./Drivers/BSP/Components/vl53l1cb/porting/vl53l1_platform_ipp.d ./Drivers/BSP/Components/vl53l1cb/porting/vl53l1_platform_ipp.o ./Drivers/BSP/Components/vl53l1cb/porting/vl53l1_platform_ipp.su ./Drivers/BSP/Components/vl53l1cb/porting/vl53l1_platform_log.d ./Drivers/BSP/Components/vl53l1cb/porting/vl53l1_platform_log.o ./Drivers/BSP/Components/vl53l1cb/porting/vl53l1_platform_log.su
rm -rf ./Drivers/BSP/Components/vl53l1cb/modules/vl53l1_api.d ./Drivers/BSP/Components/vl53l1cb/modules/vl53l1_api.o ./Drivers/BSP/Components/vl53l1cb/modules/vl53l1_api.su ./Drivers/BSP/Components/vl53l1cb/modules/vl53l1_api_calibration.d ./Drivers/BSP/Components/vl53l1cb/modules/vl53l1_api_calibration.o ./Drivers/BSP/Components/vl53l1cb/modules/vl53l1_api_calibration.su ./Drivers/BSP/Components/vl53l1cb/modules/vl53l1_api_core.d ./Drivers/BSP/Components/vl53l1cb/modules/vl53l1_api_core.o ./Drivers/BSP/Components/vl53l1cb/modules/vl53l1_api_core.su ./Drivers/BSP/Components/vl53l1cb/modules/vl53l1_api_debug.d ./Drivers/BSP/Components/vl53l1cb/modules/vl53l1_api_debug.o ./Drivers/BSP/Components/vl53l1cb/modules/vl53l1_api_debug.su ./Drivers/BSP/Components/vl53l1cb/modules/vl53l1_api_preset_modes.d ./Drivers/BSP/Components/vl53l1cb/modules/vl53l1_api_preset_modes.o ./Drivers/BSP/Components/vl53l1cb/modules/vl53l1_api_preset_modes.su ./Drivers/BSP/Components/vl53l1cb/modules/vl53l1_api_strings.d ./Drivers/BSP/Components/vl53l1cb/modules/vl53l1_api_strings.o ./Drivers/BSP/Components/vl53l1cb/modules/vl53l1_api_strings.su ./Drivers/BSP/Components/vl53l1cb/modules/vl53l1_core.d ./Drivers/BSP/Components/vl53l1cb/modules/vl53l1_core.o ./Drivers/BSP/Components/vl53l1cb/modules/vl53l1_core.su ./Drivers/BSP/Components/vl53l1cb/modules/vl53l1_core_support.d ./Drivers/BSP/Components/vl53l1cb/modules/vl53l1_core_support.o ./Drivers/BSP/Components/vl53l1cb/modules/vl53l1_core_support.su ./Drivers/BSP/Components/vl53l1cb/modules/vl53l1_dmax.d ./Drivers/BSP/Components/vl53l1cb/modules/vl53l1_dmax.o ./Drivers/BSP/Components/vl53l1cb/modules/vl53l1_dmax.su ./Drivers/BSP/Components/vl53l1cb/modules/vl53l1_error_strings.d ./Drivers/BSP/Components/vl53l1cb/modules/vl53l1_error_strings.o ./Drivers/BSP/Components/vl53l1cb/modules/vl53l1_error_strings.su ./Drivers/BSP/Components/vl53l1cb/modules/vl53l1_hist_algos_gen3.d ./Drivers/BSP/Components/vl53l1cb/modules/vl53l1_hist_algos_gen3.o ./Drivers/BSP/Components/vl53l1cb/modules/vl53l1_hist_algos_gen3.su ./Drivers/BSP/Components/vl53l1cb/modules/vl53l1_hist_algos_gen4.d ./Drivers/BSP/Components/vl53l1cb/modules/vl53l1_hist_algos_gen4.o ./Drivers/BSP/Components/vl53l1cb/modules/vl53l1_hist_algos_gen4.su ./Drivers/BSP/Components/vl53l1cb/modules/vl53l1_hist_char.d ./Drivers/BSP/Components/vl53l1cb/modules/vl53l1_hist_char.o ./Drivers/BSP/Components/vl53l1cb/modules/vl53l1_hist_char.su ./Drivers/BSP/Components/vl53l1cb/modules/vl53l1_hist_core.d ./Drivers/BSP/Components/vl53l1cb/modules/vl53l1_hist_core.o ./Drivers/BSP/Components/vl53l1cb/modules/vl53l1_hist_core.su ./Drivers/BSP/Components/vl53l1cb/modules/vl53l1_hist_funcs.d ./Drivers/BSP/Components/vl53l1cb/modules/vl53l1_hist_funcs.o ./Drivers/BSP/Components/vl53l1cb/modules/vl53l1_hist_funcs.su ./Drivers/BSP/Components/vl53l1cb/modules/vl53l1_nvm.d ./Drivers/BSP/Components/vl53l1cb/modules/vl53l1_nvm.o ./Drivers/BSP/Components/vl53l1cb/modules/vl53l1_nvm.su ./Drivers/BSP/Components/vl53l1cb/modules/vl53l1_nvm_debug.d ./Drivers/BSP/Components/vl53l1cb/modules/vl53l1_nvm_debug.o ./Drivers/BSP/Components/vl53l1cb/modules/vl53l1_nvm_debug.su ./Drivers/BSP/Components/vl53l1cb/modules/vl53l1_register_funcs.d ./Drivers/BSP/Components/vl53l1cb/modules/vl53l1_register_funcs.o ./Drivers/BSP/Components/vl53l1cb/modules/vl53l1_register_funcs.su ./Drivers/BSP/Components/vl53l1cb/modules/vl53l1_sigma_estimate.d ./Drivers/BSP/Components/vl53l1cb/modules/vl53l1_sigma_estimate.o ./Drivers/BSP/Components/vl53l1cb/modules/vl53l1_sigma_estimate.su ./Drivers/BSP/Components/vl53l1cb/modules/vl53l1_silicon_core.d ./Drivers/BSP/Components/vl53l1cb/modules/vl53l1_silicon_core.o ./Drivers/BSP/Components/vl53l1cb/modules/vl53l1_silicon_core.su ./Drivers/BSP/Components/vl53l1cb/modules/vl53l1_wait.d ./Drivers/BSP/Components/vl53l1cb/modules/vl53l1_wait.o ./Drivers/BSP/Components/vl53l1cb/modules/vl53l1_wait.su ./Drivers/BSP/Components/vl53l1cb/modules/vl53l1_xtalk.d ./Drivers/BSP/Components/vl53l1cb/modules/vl53l1_xtalk.o ./Drivers/BSP/Components/vl53l1cb/modules/vl53l1_xtalk.su ./Drivers/BSP/Components/vl53l1cb/modules/vl53l1_zone_presets.d ./Drivers/BSP/Components/vl53l1cb/modules/vl53l1_zone_presets.o ./Drivers/BSP/Components/vl53l1cb/modules/vl53l1_zone_presets.su
rm -rf ./Drivers/BSP/Components/vl53l1cb/vl53l1cb.d ./Drivers/BSP/Components/vl53l1cb/vl53l1cb.o ./Drivers/BSP/Components/vl53l1cb/vl53l1cb.su
rm -rf ./Drivers/BSP/53L1A2/53l1a2.d ./Drivers/BSP/53L1A2/53l1a2.o ./Drivers/BSP/53L1A2/53l1a2.su ./Drivers/BSP/53L1A2/53l1a2_ranging_sensor.d ./Drivers/BSP/53L1A2/53l1a2_ranging_sensor.o ./Drivers/BSP/53L1A2/53l1a2_ranging_sensor.su
rm -rf ./Core/Startup/startup_stm32wb55rgvx.d ./Core/Startup/startup_stm32wb55rgvx.o
rm -rf ./Core/Src/app_tof.d ./Core/Src/app_tof.o ./Core/Src/app_tof.su ./Core/Src/main.d ./Core/Src/main.o ./Core/Src/main.su ./Core/Src/stm32wbxx_hal_msp.d ./Core/Src/stm32wbxx_hal_msp.o ./Core/Src/stm32wbxx_hal_msp.su ./Core/Src/stm32wbxx_hal_timebase_tim.d ./Core/Src/stm32wbxx_hal_timebase_tim.o ./Core/Src/stm32wbxx_hal_timebase_tim.su ./Core/Src/stm32wbxx_it.d ./Core/Src/stm32wbxx_it.o ./Core/Src/stm32wbxx_it.su ./Core/Src/stm32wbxx_nucleo_bus.d ./Core/Src/stm32wbxx_nucleo_bus.o ./Core/Src/stm32wbxx_nucleo_bus.su ./Core/Src/syscalls.d ./Core/Src/syscalls.o ./Core/Src/syscalls.su ./Core/Src/sysmem.d ./Core/Src/sysmem.o ./Core/Src/sysmem.su ./Core/Src/system_stm32wbxx.d ./Core/Src/system_stm32wbxx.o ./Core/Src/system_stm32wbxx.su
rm -rf Test_Tof.elf Test_Tof.list Test_Tof.map default.size.stdout
 
19:26:41 **** Build of configuration Debug for project Test_Tof ****
make -j20 all 
arm-none-eabi-gcc "../Drivers/STM32WBxx_HAL_Driver/Src/stm32wbxx_hal.c" -mcpu=cortex-m4 -std=gnu11 -g3 -DDEBUG -DUSE_HAL_DRIVER -DSTM32WB55xx -c -I../Core/Inc -I../Drivers/STM32WBxx_HAL_Driver/Inc -I../Drivers/STM32WBxx_HAL_Driver/Inc/Legacy -I../Drivers/CMSIS/Device/ST/STM32WBxx/Include -I../Drivers/CMSIS/Include -I../X-CUBE-TOF1/Target -I../Drivers/BSP/Components/Common -I../Drivers/BSP/Components/vl53l1cb/modules -I../Drivers/BSP/Components/vl53l1cb/porting -I../Drivers/BSP/Components/vl53l1cb -I../Drivers/BSP/53L1A2 -O0 -ffunction-sections -fdata-sections -Wall -fstack-usage -MMD -MP -MF"Drivers/STM32WBxx_HAL_Driver/Src/stm32wbxx_hal.d" -MT"Drivers/STM32WBxx_HAL_Driver/Src/stm32wbxx_hal.o" --specs=nano.specs -mfpu=fpv4-sp-d16 -mfloat-abi=hard -mthumb -o "Drivers/STM32WBxx_HAL_Driver/Src/stm32wbxx_hal.o"
arm-none-eabi-gcc "../Drivers/STM32WBxx_HAL_Driver/Src/stm32wbxx_hal_cortex.c" -mcpu=cortex-m4 -std=gnu11 -g3 -DDEBUG -DUSE_HAL_DRIVER -DSTM32WB55xx -c -I../Core/Inc -I../Drivers/STM32WBxx_HAL_Driver/Inc -I../Drivers/STM32WBxx_HAL_Driver/Inc/Legacy -I../Drivers/CMSIS/Device/ST/STM32WBxx/Include -I../Drivers/CMSIS/Include -I../X-CUBE-TOF1/Target -I../Drivers/BSP/Components/Common -I../Drivers/BSP/Components/vl53l1cb/modules -I../Drivers/BSP/Components/vl53l1cb/porting -I../Drivers/BSP/Components/vl53l1cb -I../Drivers/BSP/53L1A2 -O0 -ffunction-sections -fdata-sections -Wall -fstack-usage -MMD -MP -MF"Drivers/STM32WBxx_HAL_Driver/Src/stm32wbxx_hal_cortex.d" -MT"Drivers/STM32WBxx_HAL_Driver/Src/stm32wbxx_hal_cortex.o" --specs=nano.specs -mfpu=fpv4-sp-d16 -mfloat-abi=hard -mthumb -o "Drivers/STM32WBxx_HAL_Driver/Src/stm32wbxx_hal_cortex.o"
arm-none-eabi-gcc "../Drivers/STM32WBxx_HAL_Driver/Src/stm32wbxx_hal_dma.c" -mcpu=cortex-m4 -std=gnu11 -g3 -DDEBUG -DUSE_HAL_DRIVER -DSTM32WB55xx -c -I../Core/Inc -I../Drivers/STM32WBxx_HAL_Driver/Inc -I../Drivers/STM32WBxx_HAL_Driver/Inc/Legacy -I../Drivers/CMSIS/Device/ST/STM32WBxx/Include -I../Drivers/CMSIS/Include -I../X-CUBE-TOF1/Target -I../Drivers/BSP/Components/Common -I../Drivers/BSP/Components/vl53l1cb/modules -I../Drivers/BSP/Components/vl53l1cb/porting -I../Drivers/BSP/Components/vl53l1cb -I../Drivers/BSP/53L1A2 -O0 -ffunction-sections -fdata-sections -Wall -fstack-usage -MMD -MP -MF"Drivers/STM32WBxx_HAL_Driver/Src/stm32wbxx_hal_dma.d" -MT"Drivers/STM32WBxx_HAL_Driver/Src/stm32wbxx_hal_dma.o" --specs=nano.specs -mfpu=fpv4-sp-d16 -mfloat-abi=hard -mthumb -o "Drivers/STM32WBxx_HAL_Driver/Src/stm32wbxx_hal_dma.o"
arm-none-eabi-gcc "../Drivers/STM32WBxx_HAL_Driver/Src/stm32wbxx_hal_dma_ex.c" -mcpu=cortex-m4 -std=gnu11 -g3 -DDEBUG -DUSE_HAL_DRIVER -DSTM32WB55xx -c -I../Core/Inc -I../Drivers/STM32WBxx_HAL_Driver/Inc -I../Drivers/STM32WBxx_HAL_Driver/Inc/Legacy -I../Drivers/CMSIS/Device/ST/STM32WBxx/Include -I../Drivers/CMSIS/Include -I../X-CUBE-TOF1/Target -I../Drivers/BSP/Components/Common -I../Drivers/BSP/Components/vl53l1cb/modules -I../Drivers/BSP/Components/vl53l1cb/porting -I../Drivers/BSP/Components/vl53l1cb -I../Drivers/BSP/53L1A2 -O0 -ffunction-sections -fdata-sections -Wall -fstack-usage -MMD -MP -MF"Drivers/STM32WBxx_HAL_Driver/Src/stm32wbxx_hal_dma_ex.d" -MT"Drivers/STM32WBxx_HAL_Driver/Src/stm32wbxx_hal_dma_ex.o" --specs=nano.specs -mfpu=fpv4-sp-d16 -mfloat-abi=hard -mthumb -o "Drivers/STM32WBxx_HAL_Driver/Src/stm32wbxx_hal_dma_ex.o"
arm-none-eabi-gcc "../Drivers/STM32WBxx_HAL_Driver/Src/stm32wbxx_hal_exti.c" -mcpu=cortex-m4 -std=gnu11 -g3 -DDEBUG -DUSE_HAL_DRIVER -DSTM32WB55xx -c -I../Core/Inc -I../Drivers/STM32WBxx_HAL_Driver/Inc -I../Drivers/STM32WBxx_HAL_Driver/Inc/Legacy -I../Drivers/CMSIS/Device/ST/STM32WBxx/Include -I../Drivers/CMSIS/Include -I../X-CUBE-TOF1/Target -I../Drivers/BSP/Components/Common -I../Drivers/BSP/Components/vl53l1cb/modules -I../Drivers/BSP/Components/vl53l1cb/porting -I../Drivers/BSP/Components/vl53l1cb -I../Drivers/BSP/53L1A2 -O0 -ffunction-sections -fdata-sections -Wall -fstack-usage -MMD -MP -MF"Drivers/STM32WBxx_HAL_Driver/Src/stm32wbxx_hal_exti.d" -MT"Drivers/STM32WBxx_HAL_Driver/Src/stm32wbxx_hal_exti.o" --specs=nano.specs -mfpu=fpv4-sp-d16 -mfloat-abi=hard -mthumb -o "Drivers/STM32WBxx_HAL_Driver/Src/stm32wbxx_hal_exti.o"
arm-none-eabi-gcc "../Drivers/STM32WBxx_HAL_Driver/Src/stm32wbxx_hal_flash.c" -mcpu=cortex-m4 -std=gnu11 -g3 -DDEBUG -DUSE_HAL_DRIVER -DSTM32WB55xx -c -I../Core/Inc -I../Drivers/STM32WBxx_HAL_Driver/Inc -I../Drivers/STM32WBxx_HAL_Driver/Inc/Legacy -I../Drivers/CMSIS/Device/ST/STM32WBxx/Include -I../Drivers/CMSIS/Include -I../X-CUBE-TOF1/Target -I../Drivers/BSP/Components/Common -I../Drivers/BSP/Components/vl53l1cb/modules -I../Drivers/BSP/Components/vl53l1cb/porting -I../Drivers/BSP/Components/vl53l1cb -I../Drivers/BSP/53L1A2 -O0 -ffunction-sections -fdata-sections -Wall -fstack-usage -MMD -MP -MF"Drivers/STM32WBxx_HAL_Driver/Src/stm32wbxx_hal_flash.d" -MT"Drivers/STM32WBxx_HAL_Driver/Src/stm32wbxx_hal_flash.o" --specs=nano.specs -mfpu=fpv4-sp-d16 -mfloat-abi=hard -mthumb -o "Drivers/STM32WBxx_HAL_Driver/Src/stm32wbxx_hal_flash.o"
arm-none-eabi-gcc "../Drivers/STM32WBxx_HAL_Driver/Src/stm32wbxx_hal_flash_ex.c" -mcpu=cortex-m4 -std=gnu11 -g3 -DDEBUG -DUSE_HAL_DRIVER -DSTM32WB55xx -c -I../Core/Inc -I../Drivers/STM32WBxx_HAL_Driver/Inc -I../Drivers/STM32WBxx_HAL_Driver/Inc/Legacy -I../Drivers/CMSIS/Device/ST/STM32WBxx/Include -I../Drivers/CMSIS/Include -I../X-CUBE-TOF1/Target -I../Drivers/BSP/Components/Common -I../Drivers/BSP/Components/vl53l1cb/modules -I../Drivers/BSP/Components/vl53l1cb/porting -I../Drivers/BSP/Components/vl53l1cb -I../Drivers/BSP/53L1A2 -O0 -ffunction-sections -fdata-sections -Wall -fstack-usage -MMD -MP -MF"Drivers/STM32WBxx_HAL_Driver/Src/stm32wbxx_hal_flash_ex.d" -MT"Drivers/STM32WBxx_HAL_Driver/Src/stm32wbxx_hal_flash_ex.o" --specs=nano.specs -mfpu=fpv4-sp-d16 -mfloat-abi=hard -mthumb -o "Drivers/STM32WBxx_HAL_Driver/Src/stm32wbxx_hal_flash_ex.o"
arm-none-eabi-gcc "../Drivers/STM32WBxx_HAL_Driver/Src/stm32wbxx_hal_gpio.c" -mcpu=cortex-m4 -std=gnu11 -g3 -DDEBUG -DUSE_HAL_DRIVER -DSTM32WB55xx -c -I../Core/Inc -I../Drivers/STM32WBxx_HAL_Driver/Inc -I../Drivers/STM32WBxx_HAL_Driver/Inc/Legacy -I../Drivers/CMSIS/Device/ST/STM32WBxx/Include -I../Drivers/CMSIS/Include -I../X-CUBE-TOF1/Target -I../Drivers/BSP/Components/Common -I../Drivers/BSP/Components/vl53l1cb/modules -I../Drivers/BSP/Components/vl53l1cb/porting -I../Drivers/BSP/Components/vl53l1cb -I../Drivers/BSP/53L1A2 -O0 -ffunction-sections -fdata-sections -Wall -fstack-usage -MMD -MP -MF"Drivers/STM32WBxx_HAL_Driver/Src/stm32wbxx_hal_gpio.d" -MT"Drivers/STM32WBxx_HAL_Driver/Src/stm32wbxx_hal_gpio.o" --specs=nano.specs -mfpu=fpv4-sp-d16 -mfloat-abi=hard -mthumb -o "Drivers/STM32WBxx_HAL_Driver/Src/stm32wbxx_hal_gpio.o"
arm-none-eabi-gcc "../Drivers/STM32WBxx_HAL_Driver/Src/stm32wbxx_hal_hsem.c" -mcpu=cortex-m4 -std=gnu11 -g3 -DDEBUG -DUSE_HAL_DRIVER -DSTM32WB55xx -c -I../Core/Inc -I../Drivers/STM32WBxx_HAL_Driver/Inc -I../Drivers/STM32WBxx_HAL_Driver/Inc/Legacy -I../Drivers/CMSIS/Device/ST/STM32WBxx/Include -I../Drivers/CMSIS/Include -I../X-CUBE-TOF1/Target -I../Drivers/BSP/Components/Common -I../Drivers/BSP/Components/vl53l1cb/modules -I../Drivers/BSP/Components/vl53l1cb/porting -I../Drivers/BSP/Components/vl53l1cb -I../Drivers/BSP/53L1A2 -O0 -ffunction-sections -fdata-sections -Wall -fstack-usage -MMD -MP -MF"Drivers/STM32WBxx_HAL_Driver/Src/stm32wbxx_hal_hsem.d" -MT"Drivers/STM32WBxx_HAL_Driver/Src/stm32wbxx_hal_hsem.o" --specs=nano.specs -mfpu=fpv4-sp-d16 -mfloat-abi=hard -mthumb -o "Drivers/STM32WBxx_HAL_Driver/Src/stm32wbxx_hal_hsem.o"
arm-none-eabi-gcc "../Drivers/STM32WBxx_HAL_Driver/Src/stm32wbxx_hal_i2c.c" -mcpu=cortex-m4 -std=gnu11 -g3 -DDEBUG -DUSE_HAL_DRIVER -DSTM32WB55xx -c -I../Core/Inc -I../Drivers/STM32WBxx_HAL_Driver/Inc -I../Drivers/STM32WBxx_HAL_Driver/Inc/Legacy -I../Drivers/CMSIS/Device/ST/STM32WBxx/Include -I../Drivers/CMSIS/Include -I../X-CUBE-TOF1/Target -I../Drivers/BSP/Components/Common -I../Drivers/BSP/Components/vl53l1cb/modules -I../Drivers/BSP/Components/vl53l1cb/porting -I../Drivers/BSP/Components/vl53l1cb -I../Drivers/BSP/53L1A2 -O0 -ffunction-sections -fdata-sections -Wall -fstack-usage -MMD -MP -MF"Drivers/STM32WBxx_HAL_Driver/Src/stm32wbxx_hal_i2c.d" -MT"Drivers/STM32WBxx_HAL_Driver/Src/stm32wbxx_hal_i2c.o" --specs=nano.specs -mfpu=fpv4-sp-d16 -mfloat-abi=hard -mthumb -o "Drivers/STM32WBxx_HAL_Driver/Src/stm32wbxx_hal_i2c.o"
arm-none-eabi-gcc "../Drivers/STM32WBxx_HAL_Driver/Src/stm32wbxx_hal_i2c_ex.c" -mcpu=cortex-m4 -std=gnu11 -g3 -DDEBUG -DUSE_HAL_DRIVER -DSTM32WB55xx -c -I../Core/Inc -I../Drivers/STM32WBxx_HAL_Driver/Inc -I../Drivers/STM32WBxx_HAL_Driver/Inc/Legacy -I../Drivers/CMSIS/Device/ST/STM32WBxx/Include -I../Drivers/CMSIS/Include -I../X-CUBE-TOF1/Target -I../Drivers/BSP/Components/Common -I../Drivers/BSP/Components/vl53l1cb/modules -I../Drivers/BSP/Components/vl53l1cb/porting -I../Drivers/BSP/Components/vl53l1cb -I../Drivers/BSP/53L1A2 -O0 -ffunction-sections -fdata-sections -Wall -fstack-usage -MMD -MP -MF"Drivers/STM32WBxx_HAL_Driver/Src/stm32wbxx_hal_i2c_ex.d" -MT"Drivers/STM32WBxx_HAL_Driver/Src/stm32wbxx_hal_i2c_ex.o" --specs=nano.specs -mfpu=fpv4-sp-d16 -mfloat-abi=hard -mthumb -o "Drivers/STM32WBxx_HAL_Driver/Src/stm32wbxx_hal_i2c_ex.o"
arm-none-eabi-gcc "../Drivers/STM32WBxx_HAL_Driver/Src/stm32wbxx_hal_pcd.c" -mcpu=cortex-m4 -std=gnu11 -g3 -DDEBUG -DUSE_HAL_DRIVER -DSTM32WB55xx -c -I../Core/Inc -I../Drivers/STM32WBxx_HAL_Driver/Inc -I../Drivers/STM32WBxx_HAL_Driver/Inc/Legacy -I../Drivers/CMSIS/Device/ST/STM32WBxx/Include -I../Drivers/CMSIS/Include -I../X-CUBE-TOF1/Target -I../Drivers/BSP/Components/Common -I../Drivers/BSP/Components/vl53l1cb/modules -I../Drivers/BSP/Components/vl53l1cb/porting -I../Drivers/BSP/Components/vl53l1cb -I../Drivers/BSP/53L1A2 -O0 -ffunction-sections -fdata-sections -Wall -fstack-usage -MMD -MP -MF"Drivers/STM32WBxx_HAL_Driver/Src/stm32wbxx_hal_pcd.d" -MT"Drivers/STM32WBxx_HAL_Driver/Src/stm32wbxx_hal_pcd.o" --specs=nano.specs -mfpu=fpv4-sp-d16 -mfloat-abi=hard -mthumb -o "Drivers/STM32WBxx_HAL_Driver/Src/stm32wbxx_hal_pcd.o"
arm-none-eabi-gcc "../Drivers/STM32WBxx_HAL_Driver/Src/stm32wbxx_hal_pcd_ex.c" -mcpu=cortex-m4 -std=gnu11 -g3 -DDEBUG -DUSE_HAL_DRIVER -DSTM32WB55xx -c -I../Core/Inc -I../Drivers/STM32WBxx_HAL_Driver/Inc -I../Drivers/STM32WBxx_HAL_Driver/Inc/Legacy -I../Drivers/CMSIS/Device/ST/STM32WBxx/Include -I../Drivers/CMSIS/Include -I../X-CUBE-TOF1/Target -I../Drivers/BSP/Components/Common -I../Drivers/BSP/Components/vl53l1cb/modules -I../Drivers/BSP/Components/vl53l1cb/porting -I../Drivers/BSP/Components/vl53l1cb -I../Drivers/BSP/53L1A2 -O0 -ffunction-sections -fdata-sections -Wall -fstack-usage -MMD -MP -MF"Drivers/STM32WBxx_HAL_Driver/Src/stm32wbxx_hal_pcd_ex.d" -MT"Drivers/STM32WBxx_HAL_Driver/Src/stm32wbxx_hal_pcd_ex.o" --specs=nano.specs -mfpu=fpv4-sp-d16 -mfloat-abi=hard -mthumb -o "Drivers/STM32WBxx_HAL_Driver/Src/stm32wbxx_hal_pcd_ex.o"
arm-none-eabi-gcc "../Drivers/STM32WBxx_HAL_Driver/Src/stm32wbxx_hal_pwr.c" -mcpu=cortex-m4 -std=gnu11 -g3 -DDEBUG -DUSE_HAL_DRIVER -DSTM32WB55xx -c -I../Core/Inc -I../Drivers/STM32WBxx_HAL_Driver/Inc -I../Drivers/STM32WBxx_HAL_Driver/Inc/Legacy -I../Drivers/CMSIS/Device/ST/STM32WBxx/Include -I../Drivers/CMSIS/Include -I../X-CUBE-TOF1/Target -I../Drivers/BSP/Components/Common -I../Drivers/BSP/Components/vl53l1cb/modules -I../Drivers/BSP/Components/vl53l1cb/porting -I../Drivers/BSP/Components/vl53l1cb -I../Drivers/BSP/53L1A2 -O0 -ffunction-sections -fdata-sections -Wall -fstack-usage -MMD -MP -MF"Drivers/STM32WBxx_HAL_Driver/Src/stm32wbxx_hal_pwr.d" -MT"Drivers/STM32WBxx_HAL_Driver/Src/stm32wbxx_hal_pwr.o" --specs=nano.specs -mfpu=fpv4-sp-d16 -mfloat-abi=hard -mthumb -o "Drivers/STM32WBxx_HAL_Driver/Src/stm32wbxx_hal_pwr.o"
arm-none-eabi-gcc "../Drivers/STM32WBxx_HAL_Driver/Src/stm32wbxx_hal_pwr_ex.c" -mcpu=cortex-m4 -std=gnu11 -g3 -DDEBUG -DUSE_HAL_DRIVER -DSTM32WB55xx -c -I../Core/Inc -I../Drivers/STM32WBxx_HAL_Driver/Inc -I../Drivers/STM32WBxx_HAL_Driver/Inc/Legacy -I../Drivers/CMSIS/Device/ST/STM32WBxx/Include -I../Drivers/CMSIS/Include -I../X-CUBE-TOF1/Target -I../Drivers/BSP/Components/Common -I../Drivers/BSP/Components/vl53l1cb/modules -I../Drivers/BSP/Components/vl53l1cb/porting -I../Drivers/BSP/Components/vl53l1cb -I../Drivers/BSP/53L1A2 -O0 -ffunction-sections -fdata-sections -Wall -fstack-usage -MMD -MP -MF"Drivers/STM32WBxx_HAL_Driver/Src/stm32wbxx_hal_pwr_ex.d" -MT"Drivers/STM32WBxx_HAL_Driver/Src/stm32wbxx_hal_pwr_ex.o" --specs=nano.specs -mfpu=fpv4-sp-d16 -mfloat-abi=hard -mthumb -o "Drivers/STM32WBxx_HAL_Driver/Src/stm32wbxx_hal_pwr_ex.o"
arm-none-eabi-gcc "../Drivers/STM32WBxx_HAL_Driver/Src/stm32wbxx_hal_rcc.c" -mcpu=cortex-m4 -std=gnu11 -g3 -DDEBUG -DUSE_HAL_DRIVER -DSTM32WB55xx -c -I../Core/Inc -I../Drivers/STM32WBxx_HAL_Driver/Inc -I../Drivers/STM32WBxx_HAL_Driver/Inc/Legacy -I../Drivers/CMSIS/Device/ST/STM32WBxx/Include -I../Drivers/CMSIS/Include -I../X-CUBE-TOF1/Target -I../Drivers/BSP/Components/Common -I../Drivers/BSP/Components/vl53l1cb/modules -I../Drivers/BSP/Components/vl53l1cb/porting -I../Drivers/BSP/Components/vl53l1cb -I../Drivers/BSP/53L1A2 -O0 -ffunction-sections -fdata-sections -Wall -fstack-usage -MMD -MP -MF"Drivers/STM32WBxx_HAL_Driver/Src/stm32wbxx_hal_rcc.d" -MT"Drivers/STM32WBxx_HAL_Driver/Src/stm32wbxx_hal_rcc.o" --specs=nano.specs -mfpu=fpv4-sp-d16 -mfloat-abi=hard -mthumb -o "Drivers/STM32WBxx_HAL_Driver/Src/stm32wbxx_hal_rcc.o"
arm-none-eabi-gcc "../Drivers/STM32WBxx_HAL_Driver/Src/stm32wbxx_hal_rcc_ex.c" -mcpu=cortex-m4 -std=gnu11 -g3 -DDEBUG -DUSE_HAL_DRIVER -DSTM32WB55xx -c -I../Core/Inc -I../Drivers/STM32WBxx_HAL_Driver/Inc -I../Drivers/STM32WBxx_HAL_Driver/Inc/Legacy -I../Drivers/CMSIS/Device/ST/STM32WBxx/Include -I../Drivers/CMSIS/Include -I../X-CUBE-TOF1/Target -I../Drivers/BSP/Components/Common -I../Drivers/BSP/Components/vl53l1cb/modules -I../Drivers/BSP/Components/vl53l1cb/porting -I../Drivers/BSP/Components/vl53l1cb -I../Drivers/BSP/53L1A2 -O0 -ffunction-sections -fdata-sections -Wall -fstack-usage -MMD -MP -MF"Drivers/STM32WBxx_HAL_Driver/Src/stm32wbxx_hal_rcc_ex.d" -MT"Drivers/STM32WBxx_HAL_Driver/Src/stm32wbxx_hal_rcc_ex.o" --specs=nano.specs -mfpu=fpv4-sp-d16 -mfloat-abi=hard -mthumb -o "Drivers/STM32WBxx_HAL_Driver/Src/stm32wbxx_hal_rcc_ex.o"
arm-none-eabi-gcc "../Drivers/STM32WBxx_HAL_Driver/Src/stm32wbxx_hal_tim.c" -mcpu=cortex-m4 -std=gnu11 -g3 -DDEBUG -DUSE_HAL_DRIVER -DSTM32WB55xx -c -I../Core/Inc -I../Drivers/STM32WBxx_HAL_Driver/Inc -I../Drivers/STM32WBxx_HAL_Driver/Inc/Legacy -I../Drivers/CMSIS/Device/ST/STM32WBxx/Include -I../Drivers/CMSIS/Include -I../X-CUBE-TOF1/Target -I../Drivers/BSP/Components/Common -I../Drivers/BSP/Components/vl53l1cb/modules -I../Drivers/BSP/Components/vl53l1cb/porting -I../Drivers/BSP/Components/vl53l1cb -I../Drivers/BSP/53L1A2 -O0 -ffunction-sections -fdata-sections -Wall -fstack-usage -MMD -MP -MF"Drivers/STM32WBxx_HAL_Driver/Src/stm32wbxx_hal_tim.d" -MT"Drivers/STM32WBxx_HAL_Driver/Src/stm32wbxx_hal_tim.o" --specs=nano.specs -mfpu=fpv4-sp-d16 -mfloat-abi=hard -mthumb -o "Drivers/STM32WBxx_HAL_Driver/Src/stm32wbxx_hal_tim.o"
arm-none-eabi-gcc "../Drivers/STM32WBxx_HAL_Driver/Src/stm32wbxx_hal_tim_ex.c" -mcpu=cortex-m4 -std=gnu11 -g3 -DDEBUG -DUSE_HAL_DRIVER -DSTM32WB55xx -c -I../Core/Inc -I../Drivers/STM32WBxx_HAL_Driver/Inc -I../Drivers/STM32WBxx_HAL_Driver/Inc/Legacy -I../Drivers/CMSIS/Device/ST/STM32WBxx/Include -I../Drivers/CMSIS/Include -I../X-CUBE-TOF1/Target -I../Drivers/BSP/Components/Common -I../Drivers/BSP/Components/vl53l1cb/modules -I../Drivers/BSP/Components/vl53l1cb/porting -I../Drivers/BSP/Components/vl53l1cb -I../Drivers/BSP/53L1A2 -O0 -ffunction-sections -fdata-sections -Wall -fstack-usage -MMD -MP -MF"Drivers/STM32WBxx_HAL_Driver/Src/stm32wbxx_hal_tim_ex.d" -MT"Drivers/STM32WBxx_HAL_Driver/Src/stm32wbxx_hal_tim_ex.o" --specs=nano.specs -mfpu=fpv4-sp-d16 -mfloat-abi=hard -mthumb -o "Drivers/STM32WBxx_HAL_Driver/Src/stm32wbxx_hal_tim_ex.o"
arm-none-eabi-gcc "../Drivers/STM32WBxx_HAL_Driver/Src/stm32wbxx_hal_uart.c" -mcpu=cortex-m4 -std=gnu11 -g3 -DDEBUG -DUSE_HAL_DRIVER -DSTM32WB55xx -c -I../Core/Inc -I../Drivers/STM32WBxx_HAL_Driver/Inc -I../Drivers/STM32WBxx_HAL_Driver/Inc/Legacy -I../Drivers/CMSIS/Device/ST/STM32WBxx/Include -I../Drivers/CMSIS/Include -I../X-CUBE-TOF1/Target -I../Drivers/BSP/Components/Common -I../Drivers/BSP/Components/vl53l1cb/modules -I../Drivers/BSP/Components/vl53l1cb/porting -I../Drivers/BSP/Components/vl53l1cb -I../Drivers/BSP/53L1A2 -O0 -ffunction-sections -fdata-sections -Wall -fstack-usage -MMD -MP -MF"Drivers/STM32WBxx_HAL_Driver/Src/stm32wbxx_hal_uart.d" -MT"Drivers/STM32WBxx_HAL_Driver/Src/stm32wbxx_hal_uart.o" --specs=nano.specs -mfpu=fpv4-sp-d16 -mfloat-abi=hard -mthumb -o "Drivers/STM32WBxx_HAL_Driver/Src/stm32wbxx_hal_uart.o"
arm-none-eabi-gcc "../Drivers/STM32WBxx_HAL_Driver/Src/stm32wbxx_hal_uart_ex.c" -mcpu=cortex-m4 -std=gnu11 -g3 -DDEBUG -DUSE_HAL_DRIVER -DSTM32WB55xx -c -I../Core/Inc -I../Drivers/STM32WBxx_HAL_Driver/Inc -I../Drivers/STM32WBxx_HAL_Driver/Inc/Legacy -I../Drivers/CMSIS/Device/ST/STM32WBxx/Include -I../Drivers/CMSIS/Include -I../X-CUBE-TOF1/Target -I../Drivers/BSP/Components/Common -I../Drivers/BSP/Components/vl53l1cb/modules -I../Drivers/BSP/Components/vl53l1cb/porting -I../Drivers/BSP/Components/vl53l1cb -I../Drivers/BSP/53L1A2 -O0 -ffunction-sections -fdata-sections -Wall -fstack-usage -MMD -MP -MF"Drivers/STM32WBxx_HAL_Driver/Src/stm32wbxx_hal_uart_ex.d" -MT"Drivers/STM32WBxx_HAL_Driver/Src/stm32wbxx_hal_uart_ex.o" --specs=nano.specs -mfpu=fpv4-sp-d16 -mfloat-abi=hard -mthumb -o "Drivers/STM32WBxx_HAL_Driver/Src/stm32wbxx_hal_uart_ex.o"
arm-none-eabi-gcc "../Drivers/STM32WBxx_HAL_Driver/Src/stm32wbxx_ll_rcc.c" -mcpu=cortex-m4 -std=gnu11 -g3 -DDEBUG -DUSE_HAL_DRIVER -DSTM32WB55xx -c -I../Core/Inc -I../Drivers/STM32WBxx_HAL_Driver/Inc -I../Drivers/STM32WBxx_HAL_Driver/Inc/Legacy -I../Drivers/CMSIS/Device/ST/STM32WBxx/Include -I../Drivers/CMSIS/Include -I../X-CUBE-TOF1/Target -I../Drivers/BSP/Components/Common -I../Drivers/BSP/Components/vl53l1cb/modules -I../Drivers/BSP/Components/vl53l1cb/porting -I../Drivers/BSP/Components/vl53l1cb -I../Drivers/BSP/53L1A2 -O0 -ffunction-sections -fdata-sections -Wall -fstack-usage -MMD -MP -MF"Drivers/STM32WBxx_HAL_Driver/Src/stm32wbxx_ll_rcc.d" -MT"Drivers/STM32WBxx_HAL_Driver/Src/stm32wbxx_ll_rcc.o" --specs=nano.specs -mfpu=fpv4-sp-d16 -mfloat-abi=hard -mthumb -o "Drivers/STM32WBxx_HAL_Driver/Src/stm32wbxx_ll_rcc.o"
arm-none-eabi-gcc "../Drivers/STM32WBxx_HAL_Driver/Src/stm32wbxx_ll_usb.c" -mcpu=cortex-m4 -std=gnu11 -g3 -DDEBUG -DUSE_HAL_DRIVER -DSTM32WB55xx -c -I../Core/Inc -I../Drivers/STM32WBxx_HAL_Driver/Inc -I../Drivers/STM32WBxx_HAL_Driver/Inc/Legacy -I../Drivers/CMSIS/Device/ST/STM32WBxx/Include -I../Drivers/CMSIS/Include -I../X-CUBE-TOF1/Target -I../Drivers/BSP/Components/Common -I../Drivers/BSP/Components/vl53l1cb/modules -I../Drivers/BSP/Components/vl53l1cb/porting -I../Drivers/BSP/Components/vl53l1cb -I../Drivers/BSP/53L1A2 -O0 -ffunction-sections -fdata-sections -Wall -fstack-usage -MMD -MP -MF"Drivers/STM32WBxx_HAL_Driver/Src/stm32wbxx_ll_usb.d" -MT"Drivers/STM32WBxx_HAL_Driver/Src/stm32wbxx_ll_usb.o" --specs=nano.specs -mfpu=fpv4-sp-d16 -mfloat-abi=hard -mthumb -o "Drivers/STM32WBxx_HAL_Driver/Src/stm32wbxx_ll_usb.o"
arm-none-eabi-gcc "../Drivers/BSP/Components/vl53l1cb/porting/vl53l1_platform.c" -mcpu=cortex-m4 -std=gnu11 -g3 -DDEBUG -DUSE_HAL_DRIVER -DSTM32WB55xx -c -I../Core/Inc -I../Drivers/STM32WBxx_HAL_Driver/Inc -I../Drivers/STM32WBxx_HAL_Driver/Inc/Legacy -I../Drivers/CMSIS/Device/ST/STM32WBxx/Include -I../Drivers/CMSIS/Include -I../X-CUBE-TOF1/Target -I../Drivers/BSP/Components/Common -I../Drivers/BSP/Components/vl53l1cb/modules -I../Drivers/BSP/Components/vl53l1cb/porting -I../Drivers/BSP/Components/vl53l1cb -I../Drivers/BSP/53L1A2 -O0 -ffunction-sections -fdata-sections -Wall -fstack-usage -MMD -MP -MF"Drivers/BSP/Components/vl53l1cb/porting/vl53l1_platform.d" -MT"Drivers/BSP/Components/vl53l1cb/porting/vl53l1_platform.o" --specs=nano.specs -mfpu=fpv4-sp-d16 -mfloat-abi=hard -mthumb -o "Drivers/BSP/Components/vl53l1cb/porting/vl53l1_platform.o"
arm-none-eabi-gcc "../Drivers/BSP/Components/vl53l1cb/porting/vl53l1_platform_ipp.c" -mcpu=cortex-m4 -std=gnu11 -g3 -DDEBUG -DUSE_HAL_DRIVER -DSTM32WB55xx -c -I../Core/Inc -I../Drivers/STM32WBxx_HAL_Driver/Inc -I../Drivers/STM32WBxx_HAL_Driver/Inc/Legacy -I../Drivers/CMSIS/Device/ST/STM32WBxx/Include -I../Drivers/CMSIS/Include -I../X-CUBE-TOF1/Target -I../Drivers/BSP/Components/Common -I../Drivers/BSP/Components/vl53l1cb/modules -I../Drivers/BSP/Components/vl53l1cb/porting -I../Drivers/BSP/Components/vl53l1cb -I../Drivers/BSP/53L1A2 -O0 -ffunction-sections -fdata-sections -Wall -fstack-usage -MMD -MP -MF"Drivers/BSP/Components/vl53l1cb/porting/vl53l1_platform_ipp.d" -MT"Drivers/BSP/Components/vl53l1cb/porting/vl53l1_platform_ipp.o" --specs=nano.specs -mfpu=fpv4-sp-d16 -mfloat-abi=hard -mthumb -o "Drivers/BSP/Components/vl53l1cb/porting/vl53l1_platform_ipp.o"
arm-none-eabi-gcc "../Drivers/BSP/Components/vl53l1cb/porting/vl53l1_platform_log.c" -mcpu=cortex-m4 -std=gnu11 -g3 -DDEBUG -DUSE_HAL_DRIVER -DSTM32WB55xx -c -I../Core/Inc -I../Drivers/STM32WBxx_HAL_Driver/Inc -I../Drivers/STM32WBxx_HAL_Driver/Inc/Legacy -I../Drivers/CMSIS/Device/ST/STM32WBxx/Include -I../Drivers/CMSIS/Include -I../X-CUBE-TOF1/Target -I../Drivers/BSP/Components/Common -I../Drivers/BSP/Components/vl53l1cb/modules -I../Drivers/BSP/Components/vl53l1cb/porting -I../Drivers/BSP/Components/vl53l1cb -I../Drivers/BSP/53L1A2 -O0 -ffunction-sections -fdata-sections -Wall -fstack-usage -MMD -MP -MF"Drivers/BSP/Components/vl53l1cb/porting/vl53l1_platform_log.d" -MT"Drivers/BSP/Components/vl53l1cb/porting/vl53l1_platform_log.o" --specs=nano.specs -mfpu=fpv4-sp-d16 -mfloat-abi=hard -mthumb -o "Drivers/BSP/Components/vl53l1cb/porting/vl53l1_platform_log.o"
arm-none-eabi-gcc "../Drivers/BSP/Components/vl53l1cb/modules/vl53l1_api.c" -mcpu=cortex-m4 -std=gnu11 -g3 -DDEBUG -DUSE_HAL_DRIVER -DSTM32WB55xx -c -I../Core/Inc -I../Drivers/STM32WBxx_HAL_Driver/Inc -I../Drivers/STM32WBxx_HAL_Driver/Inc/Legacy -I../Drivers/CMSIS/Device/ST/STM32WBxx/Include -I../Drivers/CMSIS/Include -I../X-CUBE-TOF1/Target -I../Drivers/BSP/Components/Common -I../Drivers/BSP/Components/vl53l1cb/modules -I../Drivers/BSP/Components/vl53l1cb/porting -I../Drivers/BSP/Components/vl53l1cb -I../Drivers/BSP/53L1A2 -O0 -ffunction-sections -fdata-sections -Wall -fstack-usage -MMD -MP -MF"Drivers/BSP/Components/vl53l1cb/modules/vl53l1_api.d" -MT"Drivers/BSP/Components/vl53l1cb/modules/vl53l1_api.o" --specs=nano.specs -mfpu=fpv4-sp-d16 -mfloat-abi=hard -mthumb -o "Drivers/BSP/Components/vl53l1cb/modules/vl53l1_api.o"
arm-none-eabi-gcc "../Drivers/BSP/Components/vl53l1cb/modules/vl53l1_api_calibration.c" -mcpu=cortex-m4 -std=gnu11 -g3 -DDEBUG -DUSE_HAL_DRIVER -DSTM32WB55xx -c -I../Core/Inc -I../Drivers/STM32WBxx_HAL_Driver/Inc -I../Drivers/STM32WBxx_HAL_Driver/Inc/Legacy -I../Drivers/CMSIS/Device/ST/STM32WBxx/Include -I../Drivers/CMSIS/Include -I../X-CUBE-TOF1/Target -I../Drivers/BSP/Components/Common -I../Drivers/BSP/Components/vl53l1cb/modules -I../Drivers/BSP/Components/vl53l1cb/porting -I../Drivers/BSP/Components/vl53l1cb -I../Drivers/BSP/53L1A2 -O0 -ffunction-sections -fdata-sections -Wall -fstack-usage -MMD -MP -MF"Drivers/BSP/Components/vl53l1cb/modules/vl53l1_api_calibration.d" -MT"Drivers/BSP/Components/vl53l1cb/modules/vl53l1_api_calibration.o" --specs=nano.specs -mfpu=fpv4-sp-d16 -mfloat-abi=hard -mthumb -o "Drivers/BSP/Components/vl53l1cb/modules/vl53l1_api_calibration.o"
arm-none-eabi-gcc "../Drivers/BSP/Components/vl53l1cb/modules/vl53l1_api_core.c" -mcpu=cortex-m4 -std=gnu11 -g3 -DDEBUG -DUSE_HAL_DRIVER -DSTM32WB55xx -c -I../Core/Inc -I../Drivers/STM32WBxx_HAL_Driver/Inc -I../Drivers/STM32WBxx_HAL_Driver/Inc/Legacy -I../Drivers/CMSIS/Device/ST/STM32WBxx/Include -I../Drivers/CMSIS/Include -I../X-CUBE-TOF1/Target -I../Drivers/BSP/Components/Common -I../Drivers/BSP/Components/vl53l1cb/modules -I../Drivers/BSP/Components/vl53l1cb/porting -I../Drivers/BSP/Components/vl53l1cb -I../Drivers/BSP/53L1A2 -O0 -ffunction-sections -fdata-sections -Wall -fstack-usage -MMD -MP -MF"Drivers/BSP/Components/vl53l1cb/modules/vl53l1_api_core.d" -MT"Drivers/BSP/Components/vl53l1cb/modules/vl53l1_api_core.o" --specs=nano.specs -mfpu=fpv4-sp-d16 -mfloat-abi=hard -mthumb -o "Drivers/BSP/Components/vl53l1cb/modules/vl53l1_api_core.o"
arm-none-eabi-gcc "../Drivers/BSP/Components/vl53l1cb/modules/vl53l1_api_debug.c" -mcpu=cortex-m4 -std=gnu11 -g3 -DDEBUG -DUSE_HAL_DRIVER -DSTM32WB55xx -c -I../Core/Inc -I../Drivers/STM32WBxx_HAL_Driver/Inc -I../Drivers/STM32WBxx_HAL_Driver/Inc/Legacy -I../Drivers/CMSIS/Device/ST/STM32WBxx/Include -I../Drivers/CMSIS/Include -I../X-CUBE-TOF1/Target -I../Drivers/BSP/Components/Common -I../Drivers/BSP/Components/vl53l1cb/modules -I../Drivers/BSP/Components/vl53l1cb/porting -I../Drivers/BSP/Components/vl53l1cb -I../Drivers/BSP/53L1A2 -O0 -ffunction-sections -fdata-sections -Wall -fstack-usage -MMD -MP -MF"Drivers/BSP/Components/vl53l1cb/modules/vl53l1_api_debug.d" -MT"Drivers/BSP/Components/vl53l1cb/modules/vl53l1_api_debug.o" --specs=nano.specs -mfpu=fpv4-sp-d16 -mfloat-abi=hard -mthumb -o "Drivers/BSP/Components/vl53l1cb/modules/vl53l1_api_debug.o"
arm-none-eabi-gcc "../Drivers/BSP/Components/vl53l1cb/modules/vl53l1_api_preset_modes.c" -mcpu=cortex-m4 -std=gnu11 -g3 -DDEBUG -DUSE_HAL_DRIVER -DSTM32WB55xx -c -I../Core/Inc -I../Drivers/STM32WBxx_HAL_Driver/Inc -I../Drivers/STM32WBxx_HAL_Driver/Inc/Legacy -I../Drivers/CMSIS/Device/ST/STM32WBxx/Include -I../Drivers/CMSIS/Include -I../X-CUBE-TOF1/Target -I../Drivers/BSP/Components/Common -I../Drivers/BSP/Components/vl53l1cb/modules -I../Drivers/BSP/Components/vl53l1cb/porting -I../Drivers/BSP/Components/vl53l1cb -I../Drivers/BSP/53L1A2 -O0 -ffunction-sections -fdata-sections -Wall -fstack-usage -MMD -MP -MF"Drivers/BSP/Components/vl53l1cb/modules/vl53l1_api_preset_modes.d" -MT"Drivers/BSP/Components/vl53l1cb/modules/vl53l1_api_preset_modes.o" --specs=nano.specs -mfpu=fpv4-sp-d16 -mfloat-abi=hard -mthumb -o "Drivers/BSP/Components/vl53l1cb/modules/vl53l1_api_preset_modes.o"
arm-none-eabi-gcc "../Drivers/BSP/Components/vl53l1cb/modules/vl53l1_api_strings.c" -mcpu=cortex-m4 -std=gnu11 -g3 -DDEBUG -DUSE_HAL_DRIVER -DSTM32WB55xx -c -I../Core/Inc -I../Drivers/STM32WBxx_HAL_Driver/Inc -I../Drivers/STM32WBxx_HAL_Driver/Inc/Legacy -I../Drivers/CMSIS/Device/ST/STM32WBxx/Include -I../Drivers/CMSIS/Include -I../X-CUBE-TOF1/Target -I../Drivers/BSP/Components/Common -I../Drivers/BSP/Components/vl53l1cb/modules -I../Drivers/BSP/Components/vl53l1cb/porting -I../Drivers/BSP/Components/vl53l1cb -I../Drivers/BSP/53L1A2 -O0 -ffunction-sections -fdata-sections -Wall -fstack-usage -MMD -MP -MF"Drivers/BSP/Components/vl53l1cb/modules/vl53l1_api_strings.d" -MT"Drivers/BSP/Components/vl53l1cb/modules/vl53l1_api_strings.o" --specs=nano.specs -mfpu=fpv4-sp-d16 -mfloat-abi=hard -mthumb -o "Drivers/BSP/Components/vl53l1cb/modules/vl53l1_api_strings.o"
arm-none-eabi-gcc "../Drivers/BSP/Components/vl53l1cb/modules/vl53l1_core.c" -mcpu=cortex-m4 -std=gnu11 -g3 -DDEBUG -DUSE_HAL_DRIVER -DSTM32WB55xx -c -I../Core/Inc -I../Drivers/STM32WBxx_HAL_Driver/Inc -I../Drivers/STM32WBxx_HAL_Driver/Inc/Legacy -I../Drivers/CMSIS/Device/ST/STM32WBxx/Include -I../Drivers/CMSIS/Include -I../X-CUBE-TOF1/Target -I../Drivers/BSP/Components/Common -I../Drivers/BSP/Components/vl53l1cb/modules -I../Drivers/BSP/Components/vl53l1cb/porting -I../Drivers/BSP/Components/vl53l1cb -I../Drivers/BSP/53L1A2 -O0 -ffunction-sections -fdata-sections -Wall -fstack-usage -MMD -MP -MF"Drivers/BSP/Components/vl53l1cb/modules/vl53l1_core.d" -MT"Drivers/BSP/Components/vl53l1cb/modules/vl53l1_core.o" --specs=nano.specs -mfpu=fpv4-sp-d16 -mfloat-abi=hard -mthumb -o "Drivers/BSP/Components/vl53l1cb/modules/vl53l1_core.o"
arm-none-eabi-gcc "../Drivers/BSP/Components/vl53l1cb/modules/vl53l1_core_support.c" -mcpu=cortex-m4 -std=gnu11 -g3 -DDEBUG -DUSE_HAL_DRIVER -DSTM32WB55xx -c -I../Core/Inc -I../Drivers/STM32WBxx_HAL_Driver/Inc -I../Drivers/STM32WBxx_HAL_Driver/Inc/Legacy -I../Drivers/CMSIS/Device/ST/STM32WBxx/Include -I../Drivers/CMSIS/Include -I../X-CUBE-TOF1/Target -I../Drivers/BSP/Components/Common -I../Drivers/BSP/Components/vl53l1cb/modules -I../Drivers/BSP/Components/vl53l1cb/porting -I../Drivers/BSP/Components/vl53l1cb -I../Drivers/BSP/53L1A2 -O0 -ffunction-sections -fdata-sections -Wall -fstack-usage -MMD -MP -MF"Drivers/BSP/Components/vl53l1cb/modules/vl53l1_core_support.d" -MT"Drivers/BSP/Components/vl53l1cb/modules/vl53l1_core_support.o" --specs=nano.specs -mfpu=fpv4-sp-d16 -mfloat-abi=hard -mthumb -o "Drivers/BSP/Components/vl53l1cb/modules/vl53l1_core_support.o"
arm-none-eabi-gcc "../Drivers/BSP/Components/vl53l1cb/modules/vl53l1_dmax.c" -mcpu=cortex-m4 -std=gnu11 -g3 -DDEBUG -DUSE_HAL_DRIVER -DSTM32WB55xx -c -I../Core/Inc -I../Drivers/STM32WBxx_HAL_Driver/Inc -I../Drivers/STM32WBxx_HAL_Driver/Inc/Legacy -I../Drivers/CMSIS/Device/ST/STM32WBxx/Include -I../Drivers/CMSIS/Include -I../X-CUBE-TOF1/Target -I../Drivers/BSP/Components/Common -I../Drivers/BSP/Components/vl53l1cb/modules -I../Drivers/BSP/Components/vl53l1cb/porting -I../Drivers/BSP/Components/vl53l1cb -I../Drivers/BSP/53L1A2 -O0 -ffunction-sections -fdata-sections -Wall -fstack-usage -MMD -MP -MF"Drivers/BSP/Components/vl53l1cb/modules/vl53l1_dmax.d" -MT"Drivers/BSP/Components/vl53l1cb/modules/vl53l1_dmax.o" --specs=nano.specs -mfpu=fpv4-sp-d16 -mfloat-abi=hard -mthumb -o "Drivers/BSP/Components/vl53l1cb/modules/vl53l1_dmax.o"
arm-none-eabi-gcc "../Drivers/BSP/Components/vl53l1cb/modules/vl53l1_error_strings.c" -mcpu=cortex-m4 -std=gnu11 -g3 -DDEBUG -DUSE_HAL_DRIVER -DSTM32WB55xx -c -I../Core/Inc -I../Drivers/STM32WBxx_HAL_Driver/Inc -I../Drivers/STM32WBxx_HAL_Driver/Inc/Legacy -I../Drivers/CMSIS/Device/ST/STM32WBxx/Include -I../Drivers/CMSIS/Include -I../X-CUBE-TOF1/Target -I../Drivers/BSP/Components/Common -I../Drivers/BSP/Components/vl53l1cb/modules -I../Drivers/BSP/Components/vl53l1cb/porting -I../Drivers/BSP/Components/vl53l1cb -I../Drivers/BSP/53L1A2 -O0 -ffunction-sections -fdata-sections -Wall -fstack-usage -MMD -MP -MF"Drivers/BSP/Components/vl53l1cb/modules/vl53l1_error_strings.d" -MT"Drivers/BSP/Components/vl53l1cb/modules/vl53l1_error_strings.o" --specs=nano.specs -mfpu=fpv4-sp-d16 -mfloat-abi=hard -mthumb -o "Drivers/BSP/Components/vl53l1cb/modules/vl53l1_error_strings.o"
arm-none-eabi-gcc "../Drivers/BSP/Components/vl53l1cb/modules/vl53l1_hist_algos_gen3.c" -mcpu=cortex-m4 -std=gnu11 -g3 -DDEBUG -DUSE_HAL_DRIVER -DSTM32WB55xx -c -I../Core/Inc -I../Drivers/STM32WBxx_HAL_Driver/Inc -I../Drivers/STM32WBxx_HAL_Driver/Inc/Legacy -I../Drivers/CMSIS/Device/ST/STM32WBxx/Include -I../Drivers/CMSIS/Include -I../X-CUBE-TOF1/Target -I../Drivers/BSP/Components/Common -I../Drivers/BSP/Components/vl53l1cb/modules -I../Drivers/BSP/Components/vl53l1cb/porting -I../Drivers/BSP/Components/vl53l1cb -I../Drivers/BSP/53L1A2 -O0 -ffunction-sections -fdata-sections -Wall -fstack-usage -MMD -MP -MF"Drivers/BSP/Components/vl53l1cb/modules/vl53l1_hist_algos_gen3.d" -MT"Drivers/BSP/Components/vl53l1cb/modules/vl53l1_hist_algos_gen3.o" --specs=nano.specs -mfpu=fpv4-sp-d16 -mfloat-abi=hard -mthumb -o "Drivers/BSP/Components/vl53l1cb/modules/vl53l1_hist_algos_gen3.o"
arm-none-eabi-gcc "../Drivers/BSP/Components/vl53l1cb/modules/vl53l1_hist_algos_gen4.c" -mcpu=cortex-m4 -std=gnu11 -g3 -DDEBUG -DUSE_HAL_DRIVER -DSTM32WB55xx -c -I../Core/Inc -I../Drivers/STM32WBxx_HAL_Driver/Inc -I../Drivers/STM32WBxx_HAL_Driver/Inc/Legacy -I../Drivers/CMSIS/Device/ST/STM32WBxx/Include -I../Drivers/CMSIS/Include -I../X-CUBE-TOF1/Target -I../Drivers/BSP/Components/Common -I../Drivers/BSP/Components/vl53l1cb/modules -I../Drivers/BSP/Components/vl53l1cb/porting -I../Drivers/BSP/Components/vl53l1cb -I../Drivers/BSP/53L1A2 -O0 -ffunction-sections -fdata-sections -Wall -fstack-usage -MMD -MP -MF"Drivers/BSP/Components/vl53l1cb/modules/vl53l1_hist_algos_gen4.d" -MT"Drivers/BSP/Components/vl53l1cb/modules/vl53l1_hist_algos_gen4.o" --specs=nano.specs -mfpu=fpv4-sp-d16 -mfloat-abi=hard -mthumb -o "Drivers/BSP/Components/vl53l1cb/modules/vl53l1_hist_algos_gen4.o"
arm-none-eabi-gcc "../Drivers/BSP/Components/vl53l1cb/modules/vl53l1_hist_char.c" -mcpu=cortex-m4 -std=gnu11 -g3 -DDEBUG -DUSE_HAL_DRIVER -DSTM32WB55xx -c -I../Core/Inc -I../Drivers/STM32WBxx_HAL_Driver/Inc -I../Drivers/STM32WBxx_HAL_Driver/Inc/Legacy -I../Drivers/CMSIS/Device/ST/STM32WBxx/Include -I../Drivers/CMSIS/Include -I../X-CUBE-TOF1/Target -I../Drivers/BSP/Components/Common -I../Drivers/BSP/Components/vl53l1cb/modules -I../Drivers/BSP/Components/vl53l1cb/porting -I../Drivers/BSP/Components/vl53l1cb -I../Drivers/BSP/53L1A2 -O0 -ffunction-sections -fdata-sections -Wall -fstack-usage -MMD -MP -MF"Drivers/BSP/Components/vl53l1cb/modules/vl53l1_hist_char.d" -MT"Drivers/BSP/Components/vl53l1cb/modules/vl53l1_hist_char.o" --specs=nano.specs -mfpu=fpv4-sp-d16 -mfloat-abi=hard -mthumb -o "Drivers/BSP/Components/vl53l1cb/modules/vl53l1_hist_char.o"
arm-none-eabi-gcc "../Drivers/BSP/Components/vl53l1cb/modules/vl53l1_hist_core.c" -mcpu=cortex-m4 -std=gnu11 -g3 -DDEBUG -DUSE_HAL_DRIVER -DSTM32WB55xx -c -I../Core/Inc -I../Drivers/STM32WBxx_HAL_Driver/Inc -I../Drivers/STM32WBxx_HAL_Driver/Inc/Legacy -I../Drivers/CMSIS/Device/ST/STM32WBxx/Include -I../Drivers/CMSIS/Include -I../X-CUBE-TOF1/Target -I../Drivers/BSP/Components/Common -I../Drivers/BSP/Components/vl53l1cb/modules -I../Drivers/BSP/Components/vl53l1cb/porting -I../Drivers/BSP/Components/vl53l1cb -I../Drivers/BSP/53L1A2 -O0 -ffunction-sections -fdata-sections -Wall -fstack-usage -MMD -MP -MF"Drivers/BSP/Components/vl53l1cb/modules/vl53l1_hist_core.d" -MT"Drivers/BSP/Components/vl53l1cb/modules/vl53l1_hist_core.o" --specs=nano.specs -mfpu=fpv4-sp-d16 -mfloat-abi=hard -mthumb -o "Drivers/BSP/Components/vl53l1cb/modules/vl53l1_hist_core.o"
arm-none-eabi-gcc "../Drivers/BSP/Components/vl53l1cb/modules/vl53l1_hist_funcs.c" -mcpu=cortex-m4 -std=gnu11 -g3 -DDEBUG -DUSE_HAL_DRIVER -DSTM32WB55xx -c -I../Core/Inc -I../Drivers/STM32WBxx_HAL_Driver/Inc -I../Drivers/STM32WBxx_HAL_Driver/Inc/Legacy -I../Drivers/CMSIS/Device/ST/STM32WBxx/Include -I../Drivers/CMSIS/Include -I../X-CUBE-TOF1/Target -I../Drivers/BSP/Components/Common -I../Drivers/BSP/Components/vl53l1cb/modules -I../Drivers/BSP/Components/vl53l1cb/porting -I../Drivers/BSP/Components/vl53l1cb -I../Drivers/BSP/53L1A2 -O0 -ffunction-sections -fdata-sections -Wall -fstack-usage -MMD -MP -MF"Drivers/BSP/Components/vl53l1cb/modules/vl53l1_hist_funcs.d" -MT"Drivers/BSP/Components/vl53l1cb/modules/vl53l1_hist_funcs.o" --specs=nano.specs -mfpu=fpv4-sp-d16 -mfloat-abi=hard -mthumb -o "Drivers/BSP/Components/vl53l1cb/modules/vl53l1_hist_funcs.o"
arm-none-eabi-gcc "../Drivers/BSP/Components/vl53l1cb/modules/vl53l1_nvm.c" -mcpu=cortex-m4 -std=gnu11 -g3 -DDEBUG -DUSE_HAL_DRIVER -DSTM32WB55xx -c -I../Core/Inc -I../Drivers/STM32WBxx_HAL_Driver/Inc -I../Drivers/STM32WBxx_HAL_Driver/Inc/Legacy -I../Drivers/CMSIS/Device/ST/STM32WBxx/Include -I../Drivers/CMSIS/Include -I../X-CUBE-TOF1/Target -I../Drivers/BSP/Components/Common -I../Drivers/BSP/Components/vl53l1cb/modules -I../Drivers/BSP/Components/vl53l1cb/porting -I../Drivers/BSP/Components/vl53l1cb -I../Drivers/BSP/53L1A2 -O0 -ffunction-sections -fdata-sections -Wall -fstack-usage -MMD -MP -MF"Drivers/BSP/Components/vl53l1cb/modules/vl53l1_nvm.d" -MT"Drivers/BSP/Components/vl53l1cb/modules/vl53l1_nvm.o" --specs=nano.specs -mfpu=fpv4-sp-d16 -mfloat-abi=hard -mthumb -o "Drivers/BSP/Components/vl53l1cb/modules/vl53l1_nvm.o"
arm-none-eabi-gcc "../Drivers/BSP/Components/vl53l1cb/modules/vl53l1_nvm_debug.c" -mcpu=cortex-m4 -std=gnu11 -g3 -DDEBUG -DUSE_HAL_DRIVER -DSTM32WB55xx -c -I../Core/Inc -I../Drivers/STM32WBxx_HAL_Driver/Inc -I../Drivers/STM32WBxx_HAL_Driver/Inc/Legacy -I../Drivers/CMSIS/Device/ST/STM32WBxx/Include -I../Drivers/CMSIS/Include -I../X-CUBE-TOF1/Target -I../Drivers/BSP/Components/Common -I../Drivers/BSP/Components/vl53l1cb/modules -I../Drivers/BSP/Components/vl53l1cb/porting -I../Drivers/BSP/Components/vl53l1cb -I../Drivers/BSP/53L1A2 -O0 -ffunction-sections -fdata-sections -Wall -fstack-usage -MMD -MP -MF"Drivers/BSP/Components/vl53l1cb/modules/vl53l1_nvm_debug.d" -MT"Drivers/BSP/Components/vl53l1cb/modules/vl53l1_nvm_debug.o" --specs=nano.specs -mfpu=fpv4-sp-d16 -mfloat-abi=hard -mthumb -o "Drivers/BSP/Components/vl53l1cb/modules/vl53l1_nvm_debug.o"
arm-none-eabi-gcc "../Drivers/BSP/Components/vl53l1cb/modules/vl53l1_register_funcs.c" -mcpu=cortex-m4 -std=gnu11 -g3 -DDEBUG -DUSE_HAL_DRIVER -DSTM32WB55xx -c -I../Core/Inc -I../Drivers/STM32WBxx_HAL_Driver/Inc -I../Drivers/STM32WBxx_HAL_Driver/Inc/Legacy -I../Drivers/CMSIS/Device/ST/STM32WBxx/Include -I../Drivers/CMSIS/Include -I../X-CUBE-TOF1/Target -I../Drivers/BSP/Components/Common -I../Drivers/BSP/Components/vl53l1cb/modules -I../Drivers/BSP/Components/vl53l1cb/porting -I../Drivers/BSP/Components/vl53l1cb -I../Drivers/BSP/53L1A2 -O0 -ffunction-sections -fdata-sections -Wall -fstack-usage -MMD -MP -MF"Drivers/BSP/Components/vl53l1cb/modules/vl53l1_register_funcs.d" -MT"Drivers/BSP/Components/vl53l1cb/modules/vl53l1_register_funcs.o" --specs=nano.specs -mfpu=fpv4-sp-d16 -mfloat-abi=hard -mthumb -o "Drivers/BSP/Components/vl53l1cb/modules/vl53l1_register_funcs.o"
arm-none-eabi-gcc "../Drivers/BSP/Components/vl53l1cb/modules/vl53l1_sigma_estimate.c" -mcpu=cortex-m4 -std=gnu11 -g3 -DDEBUG -DUSE_HAL_DRIVER -DSTM32WB55xx -c -I../Core/Inc -I../Drivers/STM32WBxx_HAL_Driver/Inc -I../Drivers/STM32WBxx_HAL_Driver/Inc/Legacy -I../Drivers/CMSIS/Device/ST/STM32WBxx/Include -I../Drivers/CMSIS/Include -I../X-CUBE-TOF1/Target -I../Drivers/BSP/Components/Common -I../Drivers/BSP/Components/vl53l1cb/modules -I../Drivers/BSP/Components/vl53l1cb/porting -I../Drivers/BSP/Components/vl53l1cb -I../Drivers/BSP/53L1A2 -O0 -ffunction-sections -fdata-sections -Wall -fstack-usage -MMD -MP -MF"Drivers/BSP/Components/vl53l1cb/modules/vl53l1_sigma_estimate.d" -MT"Drivers/BSP/Components/vl53l1cb/modules/vl53l1_sigma_estimate.o" --specs=nano.specs -mfpu=fpv4-sp-d16 -mfloat-abi=hard -mthumb -o "Drivers/BSP/Components/vl53l1cb/modules/vl53l1_sigma_estimate.o"
arm-none-eabi-gcc "../Drivers/BSP/Components/vl53l1cb/modules/vl53l1_silicon_core.c" -mcpu=cortex-m4 -std=gnu11 -g3 -DDEBUG -DUSE_HAL_DRIVER -DSTM32WB55xx -c -I../Core/Inc -I../Drivers/STM32WBxx_HAL_Driver/Inc -I../Drivers/STM32WBxx_HAL_Driver/Inc/Legacy -I../Drivers/CMSIS/Device/ST/STM32WBxx/Include -I../Drivers/CMSIS/Include -I../X-CUBE-TOF1/Target -I../Drivers/BSP/Components/Common -I../Drivers/BSP/Components/vl53l1cb/modules -I../Drivers/BSP/Components/vl53l1cb/porting -I../Drivers/BSP/Components/vl53l1cb -I../Drivers/BSP/53L1A2 -O0 -ffunction-sections -fdata-sections -Wall -fstack-usage -MMD -MP -MF"Drivers/BSP/Components/vl53l1cb/modules/vl53l1_silicon_core.d" -MT"Drivers/BSP/Components/vl53l1cb/modules/vl53l1_silicon_core.o" --specs=nano.specs -mfpu=fpv4-sp-d16 -mfloat-abi=hard -mthumb -o "Drivers/BSP/Components/vl53l1cb/modules/vl53l1_silicon_core.o"
arm-none-eabi-gcc "../Drivers/BSP/Components/vl53l1cb/modules/vl53l1_wait.c" -mcpu=cortex-m4 -std=gnu11 -g3 -DDEBUG -DUSE_HAL_DRIVER -DSTM32WB55xx -c -I../Core/Inc -I../Drivers/STM32WBxx_HAL_Driver/Inc -I../Drivers/STM32WBxx_HAL_Driver/Inc/Legacy -I../Drivers/CMSIS/Device/ST/STM32WBxx/Include -I../Drivers/CMSIS/Include -I../X-CUBE-TOF1/Target -I../Drivers/BSP/Components/Common -I../Drivers/BSP/Components/vl53l1cb/modules -I../Drivers/BSP/Components/vl53l1cb/porting -I../Drivers/BSP/Components/vl53l1cb -I../Drivers/BSP/53L1A2 -O0 -ffunction-sections -fdata-sections -Wall -fstack-usage -MMD -MP -MF"Drivers/BSP/Components/vl53l1cb/modules/vl53l1_wait.d" -MT"Drivers/BSP/Components/vl53l1cb/modules/vl53l1_wait.o" --specs=nano.specs -mfpu=fpv4-sp-d16 -mfloat-abi=hard -mthumb -o "Drivers/BSP/Components/vl53l1cb/modules/vl53l1_wait.o"
arm-none-eabi-gcc "../Drivers/BSP/Components/vl53l1cb/modules/vl53l1_xtalk.c" -mcpu=cortex-m4 -std=gnu11 -g3 -DDEBUG -DUSE_HAL_DRIVER -DSTM32WB55xx -c -I../Core/Inc -I../Drivers/STM32WBxx_HAL_Driver/Inc -I../Drivers/STM32WBxx_HAL_Driver/Inc/Legacy -I../Drivers/CMSIS/Device/ST/STM32WBxx/Include -I../Drivers/CMSIS/Include -I../X-CUBE-TOF1/Target -I../Drivers/BSP/Components/Common -I../Drivers/BSP/Components/vl53l1cb/modules -I../Drivers/BSP/Components/vl53l1cb/porting -I../Drivers/BSP/Components/vl53l1cb -I../Drivers/BSP/53L1A2 -O0 -ffunction-sections -fdata-sections -Wall -fstack-usage -MMD -MP -MF"Drivers/BSP/Components/vl53l1cb/modules/vl53l1_xtalk.d" -MT"Drivers/BSP/Components/vl53l1cb/modules/vl53l1_xtalk.o" --specs=nano.specs -mfpu=fpv4-sp-d16 -mfloat-abi=hard -mthumb -o "Drivers/BSP/Components/vl53l1cb/modules/vl53l1_xtalk.o"
arm-none-eabi-gcc "../Drivers/BSP/Components/vl53l1cb/modules/vl53l1_zone_presets.c" -mcpu=cortex-m4 -std=gnu11 -g3 -DDEBUG -DUSE_HAL_DRIVER -DSTM32WB55xx -c -I../Core/Inc -I../Drivers/STM32WBxx_HAL_Driver/Inc -I../Drivers/STM32WBxx_HAL_Driver/Inc/Legacy -I../Drivers/CMSIS/Device/ST/STM32WBxx/Include -I../Drivers/CMSIS/Include -I../X-CUBE-TOF1/Target -I../Drivers/BSP/Components/Common -I../Drivers/BSP/Components/vl53l1cb/modules -I../Drivers/BSP/Components/vl53l1cb/porting -I../Drivers/BSP/Components/vl53l1cb -I../Drivers/BSP/53L1A2 -O0 -ffunction-sections -fdata-sections -Wall -fstack-usage -MMD -MP -MF"Drivers/BSP/Components/vl53l1cb/modules/vl53l1_zone_presets.d" -MT"Drivers/BSP/Components/vl53l1cb/modules/vl53l1_zone_presets.o" --specs=nano.specs -mfpu=fpv4-sp-d16 -mfloat-abi=hard -mthumb -o "Drivers/BSP/Components/vl53l1cb/modules/vl53l1_zone_presets.o"
arm-none-eabi-gcc "../Drivers/BSP/Components/vl53l1cb/vl53l1cb.c" -mcpu=cortex-m4 -std=gnu11 -g3 -DDEBUG -DUSE_HAL_DRIVER -DSTM32WB55xx -c -I../Core/Inc -I../Drivers/STM32WBxx_HAL_Driver/Inc -I../Drivers/STM32WBxx_HAL_Driver/Inc/Legacy -I../Drivers/CMSIS/Device/ST/STM32WBxx/Include -I../Drivers/CMSIS/Include -I../X-CUBE-TOF1/Target -I../Drivers/BSP/Components/Common -I../Drivers/BSP/Components/vl53l1cb/modules -I../Drivers/BSP/Components/vl53l1cb/porting -I../Drivers/BSP/Components/vl53l1cb -I../Drivers/BSP/53L1A2 -O0 -ffunction-sections -fdata-sections -Wall -fstack-usage -MMD -MP -MF"Drivers/BSP/Components/vl53l1cb/vl53l1cb.d" -MT"Drivers/BSP/Components/vl53l1cb/vl53l1cb.o" --specs=nano.specs -mfpu=fpv4-sp-d16 -mfloat-abi=hard -mthumb -o "Drivers/BSP/Components/vl53l1cb/vl53l1cb.o"
arm-none-eabi-gcc "../Drivers/BSP/53L1A2/53l1a2.c" -mcpu=cortex-m4 -std=gnu11 -g3 -DDEBUG -DUSE_HAL_DRIVER -DSTM32WB55xx -c -I../Core/Inc -I../Drivers/STM32WBxx_HAL_Driver/Inc -I../Drivers/STM32WBxx_HAL_Driver/Inc/Legacy -I../Drivers/CMSIS/Device/ST/STM32WBxx/Include -I../Drivers/CMSIS/Include -I../X-CUBE-TOF1/Target -I../Drivers/BSP/Components/Common -I../Drivers/BSP/Components/vl53l1cb/modules -I../Drivers/BSP/Components/vl53l1cb/porting -I../Drivers/BSP/Components/vl53l1cb -I../Drivers/BSP/53L1A2 -O0 -ffunction-sections -fdata-sections -Wall -fstack-usage -MMD -MP -MF"Drivers/BSP/53L1A2/53l1a2.d" -MT"Drivers/BSP/53L1A2/53l1a2.o" --specs=nano.specs -mfpu=fpv4-sp-d16 -mfloat-abi=hard -mthumb -o "Drivers/BSP/53L1A2/53l1a2.o"
arm-none-eabi-gcc "../Drivers/BSP/53L1A2/53l1a2_ranging_sensor.c" -mcpu=cortex-m4 -std=gnu11 -g3 -DDEBUG -DUSE_HAL_DRIVER -DSTM32WB55xx -c -I../Core/Inc -I../Drivers/STM32WBxx_HAL_Driver/Inc -I../Drivers/STM32WBxx_HAL_Driver/Inc/Legacy -I../Drivers/CMSIS/Device/ST/STM32WBxx/Include -I../Drivers/CMSIS/Include -I../X-CUBE-TOF1/Target -I../Drivers/BSP/Components/Common -I../Drivers/BSP/Components/vl53l1cb/modules -I../Drivers/BSP/Components/vl53l1cb/porting -I../Drivers/BSP/Components/vl53l1cb -I../Drivers/BSP/53L1A2 -O0 -ffunction-sections -fdata-sections -Wall -fstack-usage -MMD -MP -MF"Drivers/BSP/53L1A2/53l1a2_ranging_sensor.d" -MT"Drivers/BSP/53L1A2/53l1a2_ranging_sensor.o" --specs=nano.specs -mfpu=fpv4-sp-d16 -mfloat-abi=hard -mthumb -o "Drivers/BSP/53L1A2/53l1a2_ranging_sensor.o"
arm-none-eabi-gcc -mcpu=cortex-m4 -g3 -DDEBUG -c -x assembler-with-cpp -MMD -MP -MF"Core/Startup/startup_stm32wb55rgvx.d" -MT"Core/Startup/startup_stm32wb55rgvx.o" --specs=nano.specs -mfpu=fpv4-sp-d16 -mfloat-abi=hard -mthumb -o "Core/Startup/startup_stm32wb55rgvx.o" "../Core/Startup/startup_stm32wb55rgvx.s"
arm-none-eabi-gcc "../Core/Src/app_tof.c" -mcpu=cortex-m4 -std=gnu11 -g3 -DDEBUG -DUSE_HAL_DRIVER -DSTM32WB55xx -c -I../Core/Inc -I../Drivers/STM32WBxx_HAL_Driver/Inc -I../Drivers/STM32WBxx_HAL_Driver/Inc/Legacy -I../Drivers/CMSIS/Device/ST/STM32WBxx/Include -I../Drivers/CMSIS/Include -I../X-CUBE-TOF1/Target -I../Drivers/BSP/Components/Common -I../Drivers/BSP/Components/vl53l1cb/modules -I../Drivers/BSP/Components/vl53l1cb/porting -I../Drivers/BSP/Components/vl53l1cb -I../Drivers/BSP/53L1A2 -O0 -ffunction-sections -fdata-sections -Wall -fstack-usage -MMD -MP -MF"Core/Src/app_tof.d" -MT"Core/Src/app_tof.o" --specs=nano.specs -mfpu=fpv4-sp-d16 -mfloat-abi=hard -mthumb -o "Core/Src/app_tof.o"
arm-none-eabi-gcc "../Core/Src/main.c" -mcpu=cortex-m4 -std=gnu11 -g3 -DDEBUG -DUSE_HAL_DRIVER -DSTM32WB55xx -c -I../Core/Inc -I../Drivers/STM32WBxx_HAL_Driver/Inc -I../Drivers/STM32WBxx_HAL_Driver/Inc/Legacy -I../Drivers/CMSIS/Device/ST/STM32WBxx/Include -I../Drivers/CMSIS/Include -I../X-CUBE-TOF1/Target -I../Drivers/BSP/Components/Common -I../Drivers/BSP/Components/vl53l1cb/modules -I../Drivers/BSP/Components/vl53l1cb/porting -I../Drivers/BSP/Components/vl53l1cb -I../Drivers/BSP/53L1A2 -O0 -ffunction-sections -fdata-sections -Wall -fstack-usage -MMD -MP -MF"Core/Src/main.d" -MT"Core/Src/main.o" --specs=nano.specs -mfpu=fpv4-sp-d16 -mfloat-abi=hard -mthumb -o "Core/Src/main.o"
arm-none-eabi-gcc "../Core/Src/stm32wbxx_hal_msp.c" -mcpu=cortex-m4 -std=gnu11 -g3 -DDEBUG -DUSE_HAL_DRIVER -DSTM32WB55xx -c -I../Core/Inc -I../Drivers/STM32WBxx_HAL_Driver/Inc -I../Drivers/STM32WBxx_HAL_Driver/Inc/Legacy -I../Drivers/CMSIS/Device/ST/STM32WBxx/Include -I../Drivers/CMSIS/Include -I../X-CUBE-TOF1/Target -I../Drivers/BSP/Components/Common -I../Drivers/BSP/Components/vl53l1cb/modules -I../Drivers/BSP/Components/vl53l1cb/porting -I../Drivers/BSP/Components/vl53l1cb -I../Drivers/BSP/53L1A2 -O0 -ffunction-sections -fdata-sections -Wall -fstack-usage -MMD -MP -MF"Core/Src/stm32wbxx_hal_msp.d" -MT"Core/Src/stm32wbxx_hal_msp.o" --specs=nano.specs -mfpu=fpv4-sp-d16 -mfloat-abi=hard -mthumb -o "Core/Src/stm32wbxx_hal_msp.o"
arm-none-eabi-gcc "../Core/Src/stm32wbxx_hal_timebase_tim.c" -mcpu=cortex-m4 -std=gnu11 -g3 -DDEBUG -DUSE_HAL_DRIVER -DSTM32WB55xx -c -I../Core/Inc -I../Drivers/STM32WBxx_HAL_Driver/Inc -I../Drivers/STM32WBxx_HAL_Driver/Inc/Legacy -I../Drivers/CMSIS/Device/ST/STM32WBxx/Include -I../Drivers/CMSIS/Include -I../X-CUBE-TOF1/Target -I../Drivers/BSP/Components/Common -I../Drivers/BSP/Components/vl53l1cb/modules -I../Drivers/BSP/Components/vl53l1cb/porting -I../Drivers/BSP/Components/vl53l1cb -I../Drivers/BSP/53L1A2 -O0 -ffunction-sections -fdata-sections -Wall -fstack-usage -MMD -MP -MF"Core/Src/stm32wbxx_hal_timebase_tim.d" -MT"Core/Src/stm32wbxx_hal_timebase_tim.o" --specs=nano.specs -mfpu=fpv4-sp-d16 -mfloat-abi=hard -mthumb -o "Core/Src/stm32wbxx_hal_timebase_tim.o"
arm-none-eabi-gcc "../Core/Src/stm32wbxx_it.c" -mcpu=cortex-m4 -std=gnu11 -g3 -DDEBUG -DUSE_HAL_DRIVER -DSTM32WB55xx -c -I../Core/Inc -I../Drivers/STM32WBxx_HAL_Driver/Inc -I../Drivers/STM32WBxx_HAL_Driver/Inc/Legacy -I../Drivers/CMSIS/Device/ST/STM32WBxx/Include -I../Drivers/CMSIS/Include -I../X-CUBE-TOF1/Target -I../Drivers/BSP/Components/Common -I../Drivers/BSP/Components/vl53l1cb/modules -I../Drivers/BSP/Components/vl53l1cb/porting -I../Drivers/BSP/Components/vl53l1cb -I../Drivers/BSP/53L1A2 -O0 -ffunction-sections -fdata-sections -Wall -fstack-usage -MMD -MP -MF"Core/Src/stm32wbxx_it.d" -MT"Core/Src/stm32wbxx_it.o" --specs=nano.specs -mfpu=fpv4-sp-d16 -mfloat-abi=hard -mthumb -o "Core/Src/stm32wbxx_it.o"
arm-none-eabi-gcc "../Core/Src/stm32wbxx_nucleo_bus.c" -mcpu=cortex-m4 -std=gnu11 -g3 -DDEBUG -DUSE_HAL_DRIVER -DSTM32WB55xx -c -I../Core/Inc -I../Drivers/STM32WBxx_HAL_Driver/Inc -I../Drivers/STM32WBxx_HAL_Driver/Inc/Legacy -I../Drivers/CMSIS/Device/ST/STM32WBxx/Include -I../Drivers/CMSIS/Include -I../X-CUBE-TOF1/Target -I../Drivers/BSP/Components/Common -I../Drivers/BSP/Components/vl53l1cb/modules -I../Drivers/BSP/Components/vl53l1cb/porting -I../Drivers/BSP/Components/vl53l1cb -I../Drivers/BSP/53L1A2 -O0 -ffunction-sections -fdata-sections -Wall -fstack-usage -MMD -MP -MF"Core/Src/stm32wbxx_nucleo_bus.d" -MT"Core/Src/stm32wbxx_nucleo_bus.o" --specs=nano.specs -mfpu=fpv4-sp-d16 -mfloat-abi=hard -mthumb -o "Core/Src/stm32wbxx_nucleo_bus.o"
arm-none-eabi-gcc "../Core/Src/syscalls.c" -mcpu=cortex-m4 -std=gnu11 -g3 -DDEBUG -DUSE_HAL_DRIVER -DSTM32WB55xx -c -I../Core/Inc -I../Drivers/STM32WBxx_HAL_Driver/Inc -I../Drivers/STM32WBxx_HAL_Driver/Inc/Legacy -I../Drivers/CMSIS/Device/ST/STM32WBxx/Include -I../Drivers/CMSIS/Include -I../X-CUBE-TOF1/Target -I../Drivers/BSP/Components/Common -I../Drivers/BSP/Components/vl53l1cb/modules -I../Drivers/BSP/Components/vl53l1cb/porting -I../Drivers/BSP/Components/vl53l1cb -I../Drivers/BSP/53L1A2 -O0 -ffunction-sections -fdata-sections -Wall -fstack-usage -MMD -MP -MF"Core/Src/syscalls.d" -MT"Core/Src/syscalls.o" --specs=nano.specs -mfpu=fpv4-sp-d16 -mfloat-abi=hard -mthumb -o "Core/Src/syscalls.o"
arm-none-eabi-gcc "../Core/Src/sysmem.c" -mcpu=cortex-m4 -std=gnu11 -g3 -DDEBUG -DUSE_HAL_DRIVER -DSTM32WB55xx -c -I../Core/Inc -I../Drivers/STM32WBxx_HAL_Driver/Inc -I../Drivers/STM32WBxx_HAL_Driver/Inc/Legacy -I../Drivers/CMSIS/Device/ST/STM32WBxx/Include -I../Drivers/CMSIS/Include -I../X-CUBE-TOF1/Target -I../Drivers/BSP/Components/Common -I../Drivers/BSP/Components/vl53l1cb/modules -I../Drivers/BSP/Components/vl53l1cb/porting -I../Drivers/BSP/Components/vl53l1cb -I../Drivers/BSP/53L1A2 -O0 -ffunction-sections -fdata-sections -Wall -fstack-usage -MMD -MP -MF"Core/Src/sysmem.d" -MT"Core/Src/sysmem.o" --specs=nano.specs -mfpu=fpv4-sp-d16 -mfloat-abi=hard -mthumb -o "Core/Src/sysmem.o"
arm-none-eabi-gcc "../Core/Src/system_stm32wbxx.c" -mcpu=cortex-m4 -std=gnu11 -g3 -DDEBUG -DUSE_HAL_DRIVER -DSTM32WB55xx -c -I../Core/Inc -I../Drivers/STM32WBxx_HAL_Driver/Inc -I../Drivers/STM32WBxx_HAL_Driver/Inc/Legacy -I../Drivers/CMSIS/Device/ST/STM32WBxx/Include -I../Drivers/CMSIS/Include -I../X-CUBE-TOF1/Target -I../Drivers/BSP/Components/Common -I../Drivers/BSP/Components/vl53l1cb/modules -I../Drivers/BSP/Components/vl53l1cb/porting -I../Drivers/BSP/Components/vl53l1cb -I../Drivers/BSP/53L1A2 -O0 -ffunction-sections -fdata-sections -Wall -fstack-usage -MMD -MP -MF"Core/Src/system_stm32wbxx.d" -MT"Core/Src/system_stm32wbxx.o" --specs=nano.specs -mfpu=fpv4-sp-d16 -mfloat-abi=hard -mthumb -o "Core/Src/system_stm32wbxx.o"
arm-none-eabi-gcc -o "Test_Tof.elf" @"objects.list"   -mcpu=cortex-m4 -T"C:\Users\jules\Documents\ISEN\4A\Ewine\STM32Projects\Tof\Test_Tof_01\STM32WB55RGVX_FLASH.ld" --specs=nosys.specs -Wl,-Map="Test_Tof.map" -Wl,--gc-sections -static --specs=nano.specs -mfpu=fpv4-sp-d16 -mfloat-abi=hard -mthumb -Wl,--start-group -lc -lm -Wl,--end-group
Finished building target: Test_Tof.elf
 
arm-none-eabi-size   Test_Tof.elf 
arm-none-eabi-objdump -h -S  Test_Tof.elf  > "Test_Tof.list"
   text	   data	    bss	    dec	    hex	filename
 108656	    220	  35672	 144548	  234a4	Test_Tof.elf
Finished building: default.size.stdout
 
Finished building: Test_Tof.list
 
