core_cm4.h:2059:26:ITM_SendChar	4
stm32wbxx_ll_rcc.h:1679:22:LL_RCC_LSE_SetDriveCapability	1
stm32wbxx_ll_bus.h:364:22:LL_AHB1_GRP1_EnableClock	1
stm32wbxx_ll_bus.h:539:22:LL_AHB2_GRP1_EnableClock	1
main.c:81:6:init_done	2
main.c:97:26:acq_internal_temp	3
main.c:110:14:formate_json_button	4
main.c:130:14:formate_json_temp	4
main.c:150:12:check_subscription	15
main.c:252:5:main	13
main.c:372:6:SystemClock_Config	3
main.c:438:6:PeriphCommonClock_Config	2
main.c:470:13:MX_ADC1_Init	3
main.c:528:13:MX_LPUART1_UART_Init	5
main.c:577:13:MX_USART1_UART_Init	5
main.c:625:13:MX_TIM17_Init	2
main.c:657:13:MX_USB_PCD_Init	2
main.c:688:13:MX_DMA_Init	1
main.c:707:13:MX_GPIO_Init	1
main.c:769:6:HAL_UART_RxCpltCallback	1
main.c:774:5:_write	2
main.c:786:6:HAL_GPIO_EXTI_Callback	3
main.c:804:6:Error_Handler	1
