../Drivers/CMSIS/Include/core_cm4.h:2059:26:ITM_SendChar	16	static,ignoring_inline_asm
../Drivers/STM32WBxx_HAL_Driver/Inc/stm32wbxx_ll_bus.h:364:22:LL_AHB1_GRP1_EnableClock	24	static
../Drivers/STM32WBxx_HAL_Driver/Inc/stm32wbxx_ll_bus.h:539:22:LL_AHB2_GRP1_EnableClock	24	static
../Core/Src/main.c:68:5:_write	32	static
../Core/Src/main.c:84:5:main	8	static
../Core/Src/main.c:142:6:SystemClock_Config	112	static
../Core/Src/main.c:188:6:PeriphCommonClock_Config	88	static
../Core/Src/main.c:213:13:MX_IPCC_Init	8	static
../Core/Src/main.c:239:13:MX_RF_Init	4	static
../Core/Src/main.c:260:13:MX_RTC_Init	8	static
../Core/Src/main.c:303:13:MX_USART1_UART_Init	8	static
../Core/Src/main.c:349:13:MX_DMA_Init	8	static
../Core/Src/main.c:368:13:MX_GPIO_Init	32	static
../Core/Src/main.c:420:6:Error_Handler	4	static,ignoring_inline_asm
